Archive member included because of file (symbol)

/Applications/KDS_v3.app/Contents/toolchain/bin/../lib/gcc/arm-none-eabi/4.8.4/armv6-m/libgcc.a(_divsi3.o)
                              ./Sources/main.o (__aeabi_idiv)
/Applications/KDS_v3.app/Contents/toolchain/bin/../lib/gcc/arm-none-eabi/4.8.4/armv6-m/libgcc.a(_dvmd_tls.o)
                              /Applications/KDS_v3.app/Contents/toolchain/bin/../lib/gcc/arm-none-eabi/4.8.4/armv6-m/libgcc.a(_divsi3.o) (__aeabi_idiv0)
/Applications/KDS_v3.app/Contents/toolchain/bin/../lib/gcc/arm-none-eabi/4.8.4/armv6-m/libgcc.a(_arm_cmpsf2.o)
                              ./Sources/main.o (__aeabi_fcmpgt)
/Applications/KDS_v3.app/Contents/toolchain/bin/../lib/gcc/arm-none-eabi/4.8.4/armv6-m/libgcc.a(_fixunssfsi.o)
                              ./Sources/main.o (__aeabi_f2uiz)
/Applications/KDS_v3.app/Contents/toolchain/bin/../lib/gcc/arm-none-eabi/4.8.4/armv6-m/libgcc.a(addsf3.o)
                              ./Sources/Events.o (__aeabi_fadd)
/Applications/KDS_v3.app/Contents/toolchain/bin/../lib/gcc/arm-none-eabi/4.8.4/armv6-m/libgcc.a(divsf3.o)
                              ./Sources/Events.o (__aeabi_fdiv)
/Applications/KDS_v3.app/Contents/toolchain/bin/../lib/gcc/arm-none-eabi/4.8.4/armv6-m/libgcc.a(eqsf2.o)
                              /Applications/KDS_v3.app/Contents/toolchain/bin/../lib/gcc/arm-none-eabi/4.8.4/armv6-m/libgcc.a(_arm_cmpsf2.o) (__eqsf2)
/Applications/KDS_v3.app/Contents/toolchain/bin/../lib/gcc/arm-none-eabi/4.8.4/armv6-m/libgcc.a(gesf2.o)
                              /Applications/KDS_v3.app/Contents/toolchain/bin/../lib/gcc/arm-none-eabi/4.8.4/armv6-m/libgcc.a(_arm_cmpsf2.o) (__gesf2)
/Applications/KDS_v3.app/Contents/toolchain/bin/../lib/gcc/arm-none-eabi/4.8.4/armv6-m/libgcc.a(lesf2.o)
                              /Applications/KDS_v3.app/Contents/toolchain/bin/../lib/gcc/arm-none-eabi/4.8.4/armv6-m/libgcc.a(_arm_cmpsf2.o) (__lesf2)
/Applications/KDS_v3.app/Contents/toolchain/bin/../lib/gcc/arm-none-eabi/4.8.4/armv6-m/libgcc.a(mulsf3.o)
                              ./Sources/main.o (__aeabi_fmul)
/Applications/KDS_v3.app/Contents/toolchain/bin/../lib/gcc/arm-none-eabi/4.8.4/armv6-m/libgcc.a(subsf3.o)
                              ./Sources/main.o (__aeabi_fsub)
/Applications/KDS_v3.app/Contents/toolchain/bin/../lib/gcc/arm-none-eabi/4.8.4/armv6-m/libgcc.a(fixsfsi.o)
                              /Applications/KDS_v3.app/Contents/toolchain/bin/../lib/gcc/arm-none-eabi/4.8.4/armv6-m/libgcc.a(_fixunssfsi.o) (__aeabi_f2iz)
/Applications/KDS_v3.app/Contents/toolchain/bin/../lib/gcc/arm-none-eabi/4.8.4/armv6-m/libgcc.a(floatsisf.o)
                              ./Sources/main.o (__aeabi_i2f)
/Applications/KDS_v3.app/Contents/toolchain/bin/../lib/gcc/arm-none-eabi/4.8.4/armv6-m/libgcc.a(muldf3.o)
                              ./Sources/Events.o (__aeabi_dmul)
/Applications/KDS_v3.app/Contents/toolchain/bin/../lib/gcc/arm-none-eabi/4.8.4/armv6-m/libgcc.a(floatunsidf.o)
                              ./Sources/Events.o (__aeabi_ui2d)
/Applications/KDS_v3.app/Contents/toolchain/bin/../lib/gcc/arm-none-eabi/4.8.4/armv6-m/libgcc.a(extendsfdf2.o)
                              ./Sources/main.o (__aeabi_f2d)
/Applications/KDS_v3.app/Contents/toolchain/bin/../lib/gcc/arm-none-eabi/4.8.4/armv6-m/libgcc.a(truncdfsf2.o)
                              ./Sources/Events.o (__aeabi_d2f)
/Applications/KDS_v3.app/Contents/toolchain/bin/../lib/gcc/arm-none-eabi/4.8.4/armv6-m/libgcc.a(_clzsi2.o)
                              /Applications/KDS_v3.app/Contents/toolchain/bin/../lib/gcc/arm-none-eabi/4.8.4/armv6-m/libgcc.a(addsf3.o) (__clzsi2)
/Applications/KDS_v3.app/Contents/toolchain/bin/../lib/gcc/arm-none-eabi/4.8.4/../../../../arm-none-eabi/lib/armv6-m/libg_s.a(lib_a-exit.o)
                              /Applications/KDS_v3.app/Contents/toolchain/bin/../lib/gcc/arm-none-eabi/4.8.4/../../../../arm-none-eabi/lib/armv6-m/crt0.o (exit)
/Applications/KDS_v3.app/Contents/toolchain/bin/../lib/gcc/arm-none-eabi/4.8.4/../../../../arm-none-eabi/lib/armv6-m/libg_s.a(lib_a-impure.o)
                              /Applications/KDS_v3.app/Contents/toolchain/bin/../lib/gcc/arm-none-eabi/4.8.4/../../../../arm-none-eabi/lib/armv6-m/libg_s.a(lib_a-exit.o) (_global_impure_ptr)
/Applications/KDS_v3.app/Contents/toolchain/bin/../lib/gcc/arm-none-eabi/4.8.4/../../../../arm-none-eabi/lib/armv6-m/libg_s.a(lib_a-init.o)
                              /Applications/KDS_v3.app/Contents/toolchain/bin/../lib/gcc/arm-none-eabi/4.8.4/../../../../arm-none-eabi/lib/armv6-m/crt0.o (__libc_init_array)
/Applications/KDS_v3.app/Contents/toolchain/bin/../lib/gcc/arm-none-eabi/4.8.4/../../../../arm-none-eabi/lib/armv6-m/libg_s.a(lib_a-memset.o)
                              /Applications/KDS_v3.app/Contents/toolchain/bin/../lib/gcc/arm-none-eabi/4.8.4/../../../../arm-none-eabi/lib/armv6-m/crt0.o (memset)
[...]
Memory Configuration

Name             Origin             Length             Attributes
m_interrupts     0x0000000000000000 0x00000000000000c0 xr
m_text           0x0000000000000410 0x000000000001fbf0 xr
m_data           0x000000001ffff000 0x0000000000004000 rw
m_cfmprotrom     0x0000000000000400 0x0000000000000010 xr
*default*        0x0000000000000000 0xffffffffffffffff

Linker script and memory map

LOAD /Applications/KDS_v3.app/Contents/toolchain/bin/../lib/gcc/arm-none-eabi/4.8.4/armv6-m/crti.o
LOAD /Applications/KDS_v3.app/Contents/toolchain/bin/../lib/gcc/arm-none-eabi/4.8.4/armv6-m/crtbegin.o
LOAD /Applications/KDS_v3.app/Contents/toolchain/bin/../lib/gcc/arm-none-eabi/4.8.4/../../../../arm-none-eabi/lib/armv6-m/crt0.o
LOAD ./Sources/Events.o
LOAD ./Sources/main.o
LOAD ./Project_Settings/Startup_Code/startup.o
LOAD ./Generated_Code/AdcLdd1.o
LOAD ./Generated_Code/BitIoLdd1.o
LOAD ./Generated_Code/BitIoLdd2.o
LOAD ./Generated_Code/BitIoLdd3.o
LOAD ./Generated_Code/BitIoLdd4.o
LOAD ./Generated_Code/BitIoLdd5.o
LOAD ./Generated_Code/BitIoLdd6.o
LOAD ./Generated_Code/BitIoLdd7.o
LOAD ./Generated_Code/BitIoLdd8.o
LOAD ./Generated_Code/BitsIoLdd1.o
LOAD ./Generated_Code/BitsIoLdd2.o
LOAD ./Generated_Code/BitsIoLdd3.o
LOAD ./Generated_Code/BitsIoLdd4.o
LOAD ./Generated_Code/BitsIoLdd5.o
LOAD ./Generated_Code/BitsIoLdd6.o
LOAD ./Generated_Code/CLK.o
LOAD ./Generated_Code/Cpu.o
LOAD ./Generated_Code/CsIO1.o
LOAD ./Generated_Code/EN.o
LOAD ./Generated_Code/ExtIntLdd1.o
LOAD ./Generated_Code/ExtIntLdd2.o
LOAD ./Generated_Code/I2C1.o
LOAD ./Generated_Code/IO1.o
LOAD ./Generated_Code/IntI2cLdd1.o
LOAD ./Generated_Code/LED1.o
LOAD ./Generated_Code/LED2.o
LOAD ./Generated_Code/LED3.o
LOAD ./Generated_Code/LED4.o
LOAD ./Generated_Code/LEDpin1.o
LOAD ./Generated_Code/LEDpin2.o
LOAD ./Generated_Code/LEDpin3.o
LOAD ./Generated_Code/LEDpin4.o
LOAD ./Generated_Code/LEDpin5.o
LOAD ./Generated_Code/LEDpin6.o
LOAD ./Generated_Code/LEDpin7.o
LOAD ./Generated_Code/LinksINT.o
LOAD ./Generated_Code/MotorLinks.o
LOAD ./Generated_Code/MotorLinks_Rev.o
LOAD ./Generated_Code/MotorRechts.o
LOAD ./Generated_Code/MotorRechts_Rev.o
LOAD ./Generated_Code/PE_LDD.o
LOAD ./Generated_Code/Potis.o
LOAD ./Generated_Code/PwmLdd1.o
LOAD ./Generated_Code/PwmLdd2.o
LOAD ./Generated_Code/PwmLdd3.o
LOAD ./Generated_Code/PwmLdd4.o
LOAD ./Generated_Code/PwmLdd6.o
LOAD ./Generated_Code/RechtsINT.o
LOAD ./Generated_Code/SI.o
LOAD ./Generated_Code/SW1.o
LOAD ./Generated_Code/SW2.o
LOAD ./Generated_Code/SW3.o
LOAD ./Generated_Code/SW4.o
LOAD ./Generated_Code/Send_OK.o
LOAD ./Generated_Code/Servo.o
LOAD ./Generated_Code/TU1.o
LOAD ./Generated_Code/TU2.o
LOAD ./Generated_Code/TU3.o
LOAD ./Generated_Code/TasterA.o
LOAD ./Generated_Code/TasterB.o
LOAD ./Generated_Code/Vectors.o
LOAD ./Generated_Code/WAIT1.o
LOAD /Applications/KDS_v3.app/Contents/toolchain/bin/../lib/gcc/arm-none-eabi/4.8.4/../../../../arm-none-eabi/lib/armv6-m/libstdc++_s.a
LOAD /Applications/KDS_v3.app/Contents/toolchain/bin/../lib/gcc/arm-none-eabi/4.8.4/../../../../arm-none-eabi/lib/armv6-m/libm.a
START GROUP
LOAD /Applications/KDS_v3.app/Contents/toolchain/bin/../lib/gcc/arm-none-eabi/4.8.4/armv6-m/libgcc.a
LOAD /Applications/KDS_v3.app/Contents/toolchain/bin/../lib/gcc/arm-none-eabi/4.8.4/../../../../arm-none-eabi/lib/armv6-m/libg_s.a
LOAD /Applications/KDS_v3.app/Contents/toolchain/bin/../lib/gcc/arm-none-eabi/4.8.4/../../../../arm-none-eabi/lib/armv6-m/libc_s.a
END GROUP
START GROUP
LOAD /Applications/KDS_v3.app/Contents/toolchain/bin/../lib/gcc/arm-none-eabi/4.8.4/armv6-m/libgcc.a
LOAD /Applications/KDS_v3.app/Contents/toolchain/bin/../lib/gcc/arm-none-eabi/4.8.4/../../../../arm-none-eabi/lib/armv6-m/libc_s.a
LOAD /Applications/KDS_v3.app/Contents/toolchain/bin/../lib/gcc/arm-none-eabi/4.8.4/../../../../arm-none-eabi/lib/armv6-m/libnosys.a
END GROUP
START GROUP
LOAD /Applications/KDS_v3.app/Contents/toolchain/bin/../lib/gcc/arm-none-eabi/4.8.4/armv6-m/libgcc.a
LOAD /Applications/KDS_v3.app/Contents/toolchain/bin/../lib/gcc/arm-none-eabi/4.8.4/../../../../arm-none-eabi/lib/armv6-m/libc_s.a
LOAD /Applications/KDS_v3.app/Contents/toolchain/bin/../lib/gcc/arm-none-eabi/4.8.4/../../../../arm-none-eabi/lib/armv6-m/libnosys.a
END GROUP
LOAD /Applications/KDS_v3.app/Contents/toolchain/bin/../lib/gcc/arm-none-eabi/4.8.4/armv6-m/crtend.o
LOAD /Applications/KDS_v3.app/Contents/toolchain/bin/../lib/gcc/arm-none-eabi/4.8.4/armv6-m/crtn.o
                0x0000000020003000                _estack = 0x20003000
                0x0000000020003000                __SP_INIT = _estack
                0x0000000020003000                __stack = _estack
                0x0000000000000000                __heap_size = 0x0
                0x0000000000000400                __stack_size = 0x400

.interrupts     0x0000000000000000       0xc0
                0x0000000000000000                __vector_table = .
                0x0000000000000000                . = ALIGN (0x4)
 *(.vectortable)
 .vectortable   0x0000000000000000       0xc0 ./Generated_Code/Vectors.o
                0x0000000000000000                __vect_table
                0x00000000000000c0                . = ALIGN (0x4)

.cfmprotect     0x0000000000000400       0x10
                0x0000000000000400                . = ALIGN (0x4)
 *(.cfmconfig)
 .cfmconfig     0x0000000000000400       0x10 ./Generated_Code/Cpu.o
                0x0000000000000400                _cfm
                0x0000000000000410                . = ALIGN (0x4)

.text           0x0000000000000410     0xb044
                0x0000000000000410                . = ALIGN (0x4)
 *(.text)
 .text          0x0000000000000410       0x60 /Applications/KDS_v3.app/Contents/toolchain/bin/../lib/gcc/arm-none-eabi/4.8.4/armv6-m/crtbegin.o
 .text          0x0000000000000470       0x78 /Applications/KDS_v3.app/Contents/toolchain/bin/../lib/gcc/arm-none-eabi/4.8.4/../../../../arm-none-eabi/lib/armv6-m/crt0.o
                0x0000000000000470                _mainCRTStartup
                0x0000000000000470                _start
 .text          0x00000000000004e8       0xc0 /Applications/KDS_v3.app/Contents/toolchain/bin/../lib/gcc/arm-none-eabi/4.8.4/armv6-m/libgcc.a(_divsi3.o)
                0x00000000000004e8                __aeabi_idiv
                0x00000000000004e8                __divsi3
                0x0000000000000594                __aeabi_idivmod
 .text          0x00000000000005a8        0x4 /Applications/KDS_v3.app/Contents/toolchain/bin/../lib/gcc/arm-none-eabi/4.8.4/armv6-m/libgcc.a(_dvmd_tls.o)
                0x00000000000005a8                __aeabi_ldiv0
                0x00000000000005a8                __aeabi_idiv0
 .text          0x00000000000005ac       0x74 /Applications/KDS_v3.app/Contents/toolchain/bin/../lib/gcc/arm-none-eabi/4.8.4/armv6-m/libgcc.a(_arm_cmpsf2.o)
                0x00000000000005ac                __aeabi_cfrcmple
                0x00000000000005b4                __aeabi_cfcmple
                0x00000000000005b4                __aeabi_cfcmpeq
                0x00000000000005c4                __aeabi_fcmpeq
                0x00000000000005d0                __aeabi_fcmplt
                0x00000000000005e4                __aeabi_fcmple
                0x00000000000005f8                __aeabi_fcmpgt
                0x000000000000060c                __aeabi_fcmpge
 .text          0x0000000000000620      0x2d8 /Applications/KDS_v3.app/Contents/toolchain/bin/../lib/gcc/arm-none-eabi/4.8.4/armv6-m/libgcc.a(addsf3.o)
                0x0000000000000620                __aeabi_fadd
 .text          0x00000000000008f8      0x24c /Applications/KDS_v3.app/Contents/toolchain/bin/../lib/gcc/arm-none-eabi/4.8.4/armv6-m/libgcc.a(divsf3.o)
                0x00000000000008f8                __aeabi_fdiv
 .text          0x0000000000000b44       0x54 /Applications/KDS_v3.app/Contents/toolchain/bin/../lib/gcc/arm-none-eabi/4.8.4/armv6-m/libgcc.a(eqsf2.o)
                0x0000000000000b44                __nesf2
                0x0000000000000b44                __eqsf2
 .text          0x0000000000000b98       0x90 /Applications/KDS_v3.app/Contents/toolchain/bin/../lib/gcc/arm-none-eabi/4.8.4/armv6-m/libgcc.a(gesf2.o)
                0x0000000000000b98                __gtsf2
                0x0000000000000b98                __gesf2
 .text          0x0000000000000c28       0x98 /Applications/KDS_v3.app/Contents/toolchain/bin/../lib/gcc/arm-none-eabi/4.8.4/armv6-m/libgcc.a(lesf2.o)
                0x0000000000000c28                __lesf2
                0x0000000000000c28                __ltsf2
 .text          0x0000000000000cc0      0x520 /Applications/KDS_v3.app/Contents/toolchain/bin/../lib/gcc/arm-none-eabi/4.8.4/armv6-m/libgcc.a(muldf3.o)
                0x0000000000000cc0                __aeabi_dmul
 .text          0x00000000000011e0       0x68 /Applications/KDS_v3.app/Contents/toolchain/bin/../lib/gcc/arm-none-eabi/4.8.4/armv6-m/libgcc.a(floatunsidf.o)
                0x00000000000011e0                __aeabi_ui2d
 .text          0x0000000000001248       0xa4 /Applications/KDS_v3.app/Contents/toolchain/bin/../lib/gcc/arm-none-eabi/4.8.4/armv6-m/libgcc.a(extendsfdf2.o)
                0x0000000000001248                __aeabi_f2d
 .text          0x00000000000012ec      0x118 /Applications/KDS_v3.app/Contents/toolchain/bin/../lib/gcc/arm-none-eabi/4.8.4/armv6-m/libgcc.a(truncdfsf2.o)
                0x00000000000012ec                __aeabi_d2f
 .text          0x0000000000001404       0x3c /Applications/KDS_v3.app/Contents/toolchain/bin/../lib/gcc/arm-none-eabi/4.8.4/armv6-m/libgcc.a(_clzsi2.o)
                0x0000000000001404                __clzsi2
 .text          0x0000000000001440       0x14 /Applications/KDS_v3.app/Contents/toolchain/bin/../lib/gcc/arm-none-eabi/4.8.4/armv6-m/libgcc.a(_thumb1_case_uqi.o)
                0x0000000000001440                __gnu_thumb1_case_uqi
 .text          0x0000000000001454       0x9c /Applications/KDS_v3.app/Contents/toolchain/bin/../lib/gcc/arm-none-eabi/4.8.4/armv6-m/libgcc.a(_udivsi3.o)
                0x0000000000001454                __udivsi3
                0x0000000000001454                __aeabi_uidiv
                0x00000000000014dc                __aeabi_uidivmod
 .text          0x00000000000014f0       0x7c /Applications/KDS_v3.app/Contents/toolchain/bin/../lib/gcc/arm-none-eabi/4.8.4/armv6-m/libgcc.a(_arm_cmpdf2.o)
                0x00000000000014f0                __aeabi_cdrcmple
                0x0000000000001500                __aeabi_cdcmple
                0x0000000000001500                __aeabi_cdcmpeq
                0x0000000000001510                __aeabi_dcmpeq
                0x000000000000151c                __aeabi_dcmplt
                0x0000000000001530                __aeabi_dcmple
                0x0000000000001544                __aeabi_dcmpgt
                0x0000000000001558                __aeabi_dcmpge
 *fill*         0x000000000000156c        0x4 
 .text          0x0000000000001570       0x40 /Applications/KDS_v3.app/Contents/toolchain/bin/../lib/gcc/arm-none-eabi/4.8.4/armv6-m/libgcc.a(_fixunsdfsi.o)
                0x0000000000001570                __fixunsdfsi
                0x0000000000001570                __aeabi_d2uiz
 .text          0x00000000000015b0      0x644 /Applications/KDS_v3.app/Contents/toolchain/bin/../lib/gcc/arm-none-eabi/4.8.4/armv6-m/libgcc.a(adddf3.o)
                0x00000000000015b0                __aeabi_dadd
 .text          0x0000000000001bf4      0x648 /Applications/KDS_v3.app/Contents/toolchain/bin/../lib/gcc/arm-none-eabi/4.8.4/armv6-m/libgcc.a(divdf3.o)
                0x0000000000001bf4                __aeabi_ddiv
 .text          0x000000000000223c       0x94 /Applications/KDS_v3.app/Contents/toolchain/bin/../lib/gcc/arm-none-eabi/4.8.4/armv6-m/libgcc.a(eqdf2.o)
                0x000000000000223c                __eqdf2
                0x000000000000223c                __nedf2
 .text          0x00000000000022d0       0xfc /Applications/KDS_v3.app/Contents/toolchain/bin/../lib/gcc/arm-none-eabi/4.8.4/armv6-m/libgcc.a(gedf2.o)
                0x00000000000022d0                __gtdf2
                0x00000000000022d0                __gedf2
 .text          0x00000000000023cc       0xfc /Applications/KDS_v3.app/Contents/toolchain/bin/../lib/gcc/arm-none-eabi/4.8.4/armv6-m/libgcc.a(ledf2.o)
                0x00000000000023cc                __ltdf2
                0x00000000000023cc                __ledf2
 .text          0x00000000000024c8      0x668 /Applications/KDS_v3.app/Contents/toolchain/bin/../lib/gcc/arm-none-eabi/4.8.4/armv6-m/libgcc.a(subdf3.o)
                0x00000000000024c8                __aeabi_dsub
 .text          0x0000000000002b30       0x68 /Applications/KDS_v3.app/Contents/toolchain/bin/../lib/gcc/arm-none-eabi/4.8.4/armv6-m/libgcc.a(fixdfsi.o)
                0x0000000000002b30                __aeabi_d2iz
 .text          0x0000000000002b98       0x7c /Applications/KDS_v3.app/Contents/toolchain/bin/../lib/gcc/arm-none-eabi/4.8.4/armv6-m/libgcc.a(floatsidf.o)
                0x0000000000002b98                __aeabi_i2d
 *(.text*)
 .text.Cpu_OnNMIINT
                0x0000000000002c14        0x8 ./Sources/Events.o
                0x0000000000002c14                Cpu_OnNMIINT
 *fill*         0x0000000000002c1c        0x4 
 .text.RechtsINT_OnInterrupt
                0x0000000000002c20      0x100 ./Sources/Events.o
                0x0000000000002c20                RechtsINT_OnInterrupt
 .text.I2C1_OnReceiveData
                0x0000000000002d20        0x8 ./Sources/Events.o
                0x0000000000002d20                I2C1_OnReceiveData
 .text.I2C1_OnTransmitData
                0x0000000000002d28       0x2c ./Sources/Events.o
                0x0000000000002d28                I2C1_OnTransmitData
 .text.I2C1_OnRxChar
                0x0000000000002d54        0x8 ./Sources/Events.o
                0x0000000000002d54                I2C1_OnRxChar
 .text.I2C1_OnTxChar
                0x0000000000002d5c        0x8 ./Sources/Events.o
                0x0000000000002d5c                I2C1_OnTxChar
 .text.I2C1_OnFullRxBuf
                0x0000000000002d64       0x14 ./Sources/Events.o
                0x0000000000002d64                I2C1_OnFullRxBuf
 .text.I2C1_OnError
                0x0000000000002d78       0x14 ./Sources/Events.o
                0x0000000000002d78                I2C1_OnError
 .text.LinksINT_OnInterrupt
                0x0000000000002d8c        0x8 ./Sources/Events.o
                0x0000000000002d8c                LinksINT_OnInterrupt
 .text.TU3_OnCounterRestart
                0x0000000000002d94       0x20 ./Sources/Events.o
                0x0000000000002d94                TU3_OnCounterRestart
 .text.map      0x0000000000002db4       0x3c ./Sources/main.o
                0x0000000000002db4                map
 .text.counter  0x0000000000002df0       0x14 ./Sources/main.o
                0x0000000000002df0                counter
 .text.char_int
                0x0000000000002e04       0xa0 ./Sources/main.o
                0x0000000000002e04                char_int
 .text.Cal_Angle
                0x0000000000002ea4       0x30 ./Sources/main.o
                0x0000000000002ea4                Cal_Angle
 .text.Rec      0x0000000000002ed4      0x208 ./Sources/main.o
                0x0000000000002ed4                Rec
 .text.Linien_zeahlen
                0x00000000000030dc      0x238 ./Sources/main.o
                0x00000000000030dc                Linien_zeahlen
 .text.Auswertung
                0x0000000000003314      0x124 ./Sources/main.o
                0x0000000000003314                Auswertung
 .text.Threshold_cal
                0x0000000000003438       0xb8 ./Sources/main.o
                0x0000000000003438                Threshold_cal
 .text.LineKamera
                0x00000000000034f0      0x100 ./Sources/main.o
                0x00000000000034f0                LineKamera
 .text.Break    0x00000000000035f0       0x78 ./Sources/main.o
                0x00000000000035f0                Break
 .text.main     0x0000000000003668      0x590 ./Sources/main.o
                0x0000000000003668                main
 .text.__copy_rom_section
                0x0000000000003bf8       0xd8 ./Project_Settings/Startup_Code/startup.o
                0x0000000000003bf8                __copy_rom_section
 .text.__copy_rom_sections_to_ram
                0x0000000000003cd0       0x98 ./Project_Settings/Startup_Code/startup.o
                0x0000000000003cd0                __copy_rom_sections_to_ram
 .text.__init_registers
                0x0000000000003d68        0x8 ./Project_Settings/Startup_Code/startup.o
                0x0000000000003d68                __init_registers
 .text.__init_user
                0x0000000000003d70        0x8 ./Project_Settings/Startup_Code/startup.o
                0x0000000000003d70                __init_user
 .text.__thumb_startup
                0x0000000000003d78       0x30 ./Project_Settings/Startup_Code/startup.o
                0x0000000000003d78                __thumb_startup
 .text.AdcLdd1_Init
                0x0000000000003da8       0xac ./Generated_Code/AdcLdd1.o
                0x0000000000003da8                AdcLdd1_Init
 .text.AdcLdd1_StartSingleMeasurement
                0x0000000000003e54       0x44 ./Generated_Code/AdcLdd1.o
                0x0000000000003e54                AdcLdd1_StartSingleMeasurement
 .text.AdcLdd1_CancelMeasurement
                0x0000000000003e98       0x28 ./Generated_Code/AdcLdd1.o
                0x0000000000003e98                AdcLdd1_CancelMeasurement
 .text.AdcLdd1_CreateSampleGroup
                0x0000000000003ec0       0x68 ./Generated_Code/AdcLdd1.o
                0x0000000000003ec0                AdcLdd1_CreateSampleGroup
 .text.AdcLdd1_GetMeasuredValues
                0x0000000000003f28       0x60 ./Generated_Code/AdcLdd1.o
                0x0000000000003f28                AdcLdd1_GetMeasuredValues
 .text.AdcLdd1_GetMeasurementCompleteStatus
                0x0000000000003f88       0x30 ./Generated_Code/AdcLdd1.o
                0x0000000000003f88                AdcLdd1_GetMeasurementCompleteStatus
 .text.BitIoLdd1_Init
                0x0000000000003fb8       0x68 ./Generated_Code/BitIoLdd1.o
                0x0000000000003fb8                BitIoLdd1_Init
 .text.BitIoLdd1_ClrVal
                0x0000000000004020       0x1c ./Generated_Code/BitIoLdd1.o
                0x0000000000004020                BitIoLdd1_ClrVal
 .text.BitIoLdd1_SetVal
                0x000000000000403c       0x1c ./Generated_Code/BitIoLdd1.o
                0x000000000000403c                BitIoLdd1_SetVal
 .text.BitIoLdd2_Init
                0x0000000000004058       0x68 ./Generated_Code/BitIoLdd2.o
                0x0000000000004058                BitIoLdd2_Init
 .text.BitIoLdd2_ClrVal
                0x00000000000040c0       0x1c ./Generated_Code/BitIoLdd2.o
                0x00000000000040c0                BitIoLdd2_ClrVal
 .text.BitIoLdd2_SetVal
                0x00000000000040dc       0x1c ./Generated_Code/BitIoLdd2.o
                0x00000000000040dc                BitIoLdd2_SetVal
 .text.BitIoLdd3_Init
                0x00000000000040f8       0x68 ./Generated_Code/BitIoLdd3.o
                0x00000000000040f8                BitIoLdd3_Init
 .text.BitIoLdd3_ClrVal
                0x0000000000004160       0x1c ./Generated_Code/BitIoLdd3.o
                0x0000000000004160                BitIoLdd3_ClrVal
 .text.BitIoLdd3_SetVal
                0x000000000000417c       0x1c ./Generated_Code/BitIoLdd3.o
                0x000000000000417c                BitIoLdd3_SetVal
 .text.BitIoLdd4_Init
                0x0000000000004198       0x68 ./Generated_Code/BitIoLdd4.o
                0x0000000000004198                BitIoLdd4_Init
 .text.BitIoLdd4_ClrVal
                0x0000000000004200       0x1c ./Generated_Code/BitIoLdd4.o
                0x0000000000004200                BitIoLdd4_ClrVal
 .text.BitIoLdd4_SetVal
                0x000000000000421c       0x1c ./Generated_Code/BitIoLdd4.o
                0x000000000000421c                BitIoLdd4_SetVal
 .text.BitIoLdd5_Init
                0x0000000000004238       0x68 ./Generated_Code/BitIoLdd5.o
                0x0000000000004238                BitIoLdd5_Init
 .text.BitIoLdd5_ClrVal
                0x00000000000042a0       0x1c ./Generated_Code/BitIoLdd5.o
                0x00000000000042a0                BitIoLdd5_ClrVal
 .text.BitIoLdd5_SetVal
                0x00000000000042bc       0x1c ./Generated_Code/BitIoLdd5.o
                0x00000000000042bc                BitIoLdd5_SetVal
 .text.BitIoLdd6_Init
                0x00000000000042d8       0x60 ./Generated_Code/BitIoLdd6.o
                0x00000000000042d8                BitIoLdd6_Init
 .text.BitIoLdd6_ClrVal
                0x0000000000004338       0x18 ./Generated_Code/BitIoLdd6.o
                0x0000000000004338                BitIoLdd6_ClrVal
 .text.BitIoLdd6_NegVal
                0x0000000000004350       0x18 ./Generated_Code/BitIoLdd6.o
                0x0000000000004350                BitIoLdd6_NegVal
 .text.BitIoLdd7_Init
                0x0000000000004368       0x68 ./Generated_Code/BitIoLdd7.o
                0x0000000000004368                BitIoLdd7_Init
 .text.BitIoLdd7_ClrVal
                0x00000000000043d0       0x1c ./Generated_Code/BitIoLdd7.o
                0x00000000000043d0                BitIoLdd7_ClrVal
 .text.BitIoLdd7_SetVal
                0x00000000000043ec       0x1c ./Generated_Code/BitIoLdd7.o
                0x00000000000043ec                BitIoLdd7_SetVal
 .text.BitIoLdd8_Init
                0x0000000000004408       0x60 ./Generated_Code/BitIoLdd8.o
                0x0000000000004408                BitIoLdd8_Init
 .text.BitIoLdd8_PutVal
                0x0000000000004468       0x30 ./Generated_Code/BitIoLdd8.o
                0x0000000000004468                BitIoLdd8_PutVal
 .text.BitsIoLdd1_Init
                0x0000000000004498       0x54 ./Generated_Code/BitsIoLdd1.o
                0x0000000000004498                BitsIoLdd1_Init
 .text.BitsIoLdd1_GetVal
                0x00000000000044ec       0x24 ./Generated_Code/BitsIoLdd1.o
                0x00000000000044ec                BitsIoLdd1_GetVal
 .text.BitsIoLdd2_Init
                0x0000000000004510       0x54 ./Generated_Code/BitsIoLdd2.o
                0x0000000000004510                BitsIoLdd2_Init
 .text.BitsIoLdd2_GetVal
                0x0000000000004564       0x24 ./Generated_Code/BitsIoLdd2.o
                0x0000000000004564                BitsIoLdd2_GetVal
 .text.BitsIoLdd3_Init
                0x0000000000004588       0x54 ./Generated_Code/BitsIoLdd3.o
                0x0000000000004588                BitsIoLdd3_Init
 .text.BitsIoLdd3_GetVal
                0x00000000000045dc       0x24 ./Generated_Code/BitsIoLdd3.o
                0x00000000000045dc                BitsIoLdd3_GetVal
 .text.BitsIoLdd4_Init
                0x0000000000004600       0x54 ./Generated_Code/BitsIoLdd4.o
                0x0000000000004600                BitsIoLdd4_Init
 .text.BitsIoLdd4_GetVal
                0x0000000000004654       0x24 ./Generated_Code/BitsIoLdd4.o
                0x0000000000004654                BitsIoLdd4_GetVal
 .text.BitsIoLdd5_Init
                0x0000000000004678       0x58 ./Generated_Code/BitsIoLdd5.o
                0x0000000000004678                BitsIoLdd5_Init
 .text.BitsIoLdd5_GetVal
                0x00000000000046d0       0x24 ./Generated_Code/BitsIoLdd5.o
                0x00000000000046d0                BitsIoLdd5_GetVal
 .text.BitsIoLdd6_Init
                0x00000000000046f4       0x58 ./Generated_Code/BitsIoLdd6.o
                0x00000000000046f4                BitsIoLdd6_Init
 .text.BitsIoLdd6_GetVal
                0x000000000000474c       0x24 ./Generated_Code/BitsIoLdd6.o
                0x000000000000474c                BitsIoLdd6_GetVal
 .text.Cpu_INT_NMIInterrupt
                0x0000000000004770        0xc ./Generated_Code/Cpu.o
                0x0000000000004770                Cpu_INT_NMIInterrupt
 .text.Cpu_Interrupt
                0x000000000000477c        0xc ./Generated_Code/Cpu.o
                0x000000000000477c                Cpu_Interrupt
 .text.__init_hardware
                0x0000000000004788      0x120 ./Generated_Code/Cpu.o
                0x0000000000004788                __init_hardware
 .text.PE_low_level_init
                0x00000000000048a8      0x1d4 ./Generated_Code/Cpu.o
                0x00000000000048a8                PE_low_level_init
 .text._read    0x0000000000004a7c       0x80 ./Generated_Code/CsIO1.o
                0x0000000000004a7c                _read
 .text._write   0x0000000000004afc       0x70 ./Generated_Code/CsIO1.o
                0x0000000000004afc                _write
 .text.ExtIntLdd1_Init
                0x0000000000004b6c       0x90 ./Generated_Code/ExtIntLdd1.o
                0x0000000000004b6c                ExtIntLdd1_Init
 .text.ExtIntLdd1_Interrupt
                0x0000000000004bfc       0x34 ./Generated_Code/ExtIntLdd1.o
                0x0000000000004bfc                ExtIntLdd1_Interrupt
 .text.ExtIntLdd2_Init
                0x0000000000004c30       0x8c ./Generated_Code/ExtIntLdd2.o
                0x0000000000004c30                ExtIntLdd2_Init
 .text.ExtIntLdd2_Interrupt
                0x0000000000004cbc       0x34 ./Generated_Code/ExtIntLdd2.o
                0x0000000000004cbc                ExtIntLdd2_Interrupt
 .text.I2C1_RecvBlock
                0x0000000000004cf0      0x214 ./Generated_Code/I2C1.o
                0x0000000000004cf0                I2C1_RecvBlock
 .text.I2C1_ClearRxBuf
                0x0000000000004f04       0x8c ./Generated_Code/I2C1.o
                0x0000000000004f04                I2C1_ClearRxBuf
 .text.I2C1_Init
                0x0000000000004f90       0x74 ./Generated_Code/I2C1.o
                0x0000000000004f90                I2C1_Init
 .text.IntI2cLdd1_OnMasterBlockSent
                0x0000000000005004       0x14 ./Generated_Code/I2C1.o
                0x0000000000005004                IntI2cLdd1_OnMasterBlockSent
 .text.IntI2cLdd1_OnMasterBlockReceived
                0x0000000000005018       0x14 ./Generated_Code/I2C1.o
                0x0000000000005018                IntI2cLdd1_OnMasterBlockReceived
 .text.IntI2cLdd1_OnSlaveBlockSent
                0x000000000000502c       0x70 ./Generated_Code/I2C1.o
                0x000000000000502c                IntI2cLdd1_OnSlaveBlockSent
 .text.IntI2cLdd1_OnSlaveBlockReceived
                0x000000000000509c       0xf0 ./Generated_Code/I2C1.o
                0x000000000000509c                IntI2cLdd1_OnSlaveBlockReceived
 .text.IO1_Init
                0x000000000000518c      0x160 ./Generated_Code/IO1.o
                0x000000000000518c                IO1_Init
 .text.IntI2cLdd1_Interrupt
                0x00000000000052ec      0x434 ./Generated_Code/IntI2cLdd1.o
                0x00000000000052ec                IntI2cLdd1_Interrupt
 .text.IntI2cLdd1_Init
                0x0000000000005720      0x134 ./Generated_Code/IntI2cLdd1.o
                0x0000000000005720                IntI2cLdd1_Init
 .text.IntI2cLdd1_MasterReceiveBlock
                0x0000000000005854      0x19c ./Generated_Code/IntI2cLdd1.o
                0x0000000000005854                IntI2cLdd1_MasterReceiveBlock
 .text.IntI2cLdd1_SlaveSendBlock
                0x00000000000059f0       0x98 ./Generated_Code/IntI2cLdd1.o
                0x00000000000059f0                IntI2cLdd1_SlaveSendBlock
 .text.IntI2cLdd1_SlaveReceiveBlock
                0x0000000000005a88       0x98 ./Generated_Code/IntI2cLdd1.o
                0x0000000000005a88                IntI2cLdd1_SlaveReceiveBlock
 .text.ExtIntLdd2_OnInterrupt
                0x0000000000005b20       0x14 ./Generated_Code/LinksINT.o
                0x0000000000005b20                ExtIntLdd2_OnInterrupt
 .text.Potis_MainMeasure
                0x0000000000005b34      0x120 ./Generated_Code/Potis.o
 .text.Potis_HWEnDi
                0x0000000000005c54       0x68 ./Generated_Code/Potis.o
                0x0000000000005c54                Potis_HWEnDi
 .text.Potis_MeasureChan
                0x0000000000005cbc       0x5c ./Generated_Code/Potis.o
                0x0000000000005cbc                Potis_MeasureChan
 .text.Potis_GetChanValue16
                0x0000000000005d18       0xd0 ./Generated_Code/Potis.o
                0x0000000000005d18                Potis_GetChanValue16
 .text.Potis_Init
                0x0000000000005de8       0x2c ./Generated_Code/Potis.o
                0x0000000000005de8                Potis_Init
 .text.PwmLdd1_Init
                0x0000000000005e14       0x54 ./Generated_Code/PwmLdd1.o
                0x0000000000005e14                PwmLdd1_Init
 .text.PwmLdd1_Enable
                0x0000000000005e68       0x30 ./Generated_Code/PwmLdd1.o
                0x0000000000005e68                PwmLdd1_Enable
 .text.PwmLdd1_SetRatio16
                0x0000000000005e98       0x2c ./Generated_Code/PwmLdd1.o
                0x0000000000005e98                PwmLdd1_SetRatio16
 .text.SetRatio
                0x0000000000005ec4       0x68 ./Generated_Code/PwmLdd1.o
 .text.PwmLdd2_Init
                0x0000000000005f2c       0x54 ./Generated_Code/PwmLdd2.o
                0x0000000000005f2c                PwmLdd2_Init
 .text.PwmLdd2_Enable
                0x0000000000005f80       0x30 ./Generated_Code/PwmLdd2.o
                0x0000000000005f80                PwmLdd2_Enable
 .text.PwmLdd2_SetRatio16
                0x0000000000005fb0       0x2c ./Generated_Code/PwmLdd2.o
                0x0000000000005fb0                PwmLdd2_SetRatio16
 .text.SetRatio
                0x0000000000005fdc       0x68 ./Generated_Code/PwmLdd2.o
 .text.PwmLdd3_Init
                0x0000000000006044       0x54 ./Generated_Code/PwmLdd3.o
                0x0000000000006044                PwmLdd3_Init
 .text.PwmLdd3_Enable
                0x0000000000006098       0x30 ./Generated_Code/PwmLdd3.o
                0x0000000000006098                PwmLdd3_Enable
 .text.PwmLdd3_SetRatio16
                0x00000000000060c8       0x2c ./Generated_Code/PwmLdd3.o
                0x00000000000060c8                PwmLdd3_SetRatio16
 .text.SetRatio
                0x00000000000060f4       0x68 ./Generated_Code/PwmLdd3.o
 .text.PwmLdd4_Init
                0x000000000000615c       0x54 ./Generated_Code/PwmLdd4.o
                0x000000000000615c                PwmLdd4_Init
 .text.PwmLdd4_SetRatio16
                0x00000000000061b0       0x2c ./Generated_Code/PwmLdd4.o
                0x00000000000061b0                PwmLdd4_SetRatio16
 .text.SetRatio
                0x00000000000061dc       0x68 ./Generated_Code/PwmLdd4.o
 .text.PwmLdd6_Init
                0x0000000000006244       0x54 ./Generated_Code/PwmLdd6.o
                0x0000000000006244                PwmLdd6_Init
 .text.PwmLdd6_SetRatio16
                0x0000000000006298       0x2c ./Generated_Code/PwmLdd6.o
                0x0000000000006298                PwmLdd6_SetRatio16
 .text.SetRatio
                0x00000000000062c4       0x68 ./Generated_Code/PwmLdd6.o
 .text.ExtIntLdd1_OnInterrupt
                0x000000000000632c       0x14 ./Generated_Code/RechtsINT.o
                0x000000000000632c                ExtIntLdd1_OnInterrupt
 .text.TU1_Init
                0x0000000000006340       0xc8 ./Generated_Code/TU1.o
                0x0000000000006340                TU1_Init
 .text.TU1_Enable
                0x0000000000006408       0x30 ./Generated_Code/TU1.o
                0x0000000000006408                TU1_Enable
 .text.TU1_GetPeriodTicks
                0x0000000000006438       0x3c ./Generated_Code/TU1.o
                0x0000000000006438                TU1_GetPeriodTicks
 .text.TU1_SetOffsetTicks
                0x0000000000006474       0x44 ./Generated_Code/TU1.o
                0x0000000000006474                TU1_SetOffsetTicks
 .text.TU2_Init
                0x00000000000064b8      0x144 ./Generated_Code/TU2.o
                0x00000000000064b8                TU2_Init
 .text.TU2_Enable
                0x00000000000065fc       0x30 ./Generated_Code/TU2.o
                0x00000000000065fc                TU2_Enable
 .text.TU2_GetPeriodTicks
                0x000000000000662c       0x3c ./Generated_Code/TU2.o
                0x000000000000662c                TU2_GetPeriodTicks
 .text.TU2_SetOffsetTicks
                0x0000000000006668       0x58 ./Generated_Code/TU2.o
                0x0000000000006668                TU2_SetOffsetTicks
 .text.TU3_Init
                0x00000000000066c0       0xb0 ./Generated_Code/TU3.o
                0x00000000000066c0                TU3_Init
 .text.TU3_ResetCounter
                0x0000000000006770       0x1c ./Generated_Code/TU3.o
                0x0000000000006770                TU3_ResetCounter
 .text.TU3_GetCounterValue
                0x000000000000678c       0x18 ./Generated_Code/TU3.o
                0x000000000000678c                TU3_GetCounterValue
 .text.TU3_Interrupt
                0x00000000000067a4       0x5c ./Generated_Code/TU3.o
                0x00000000000067a4                TU3_Interrupt
 .text.WAIT1_Wait100Cycles
                0x0000000000006800       0x30 ./Generated_Code/WAIT1.o
                0x0000000000006800                WAIT1_Wait100Cycles
 .text.WAIT1_WaitCycles
                0x0000000000006830       0x2c ./Generated_Code/WAIT1.o
                0x0000000000006830                WAIT1_WaitCycles
 .text.WAIT1_Waitms
                0x000000000000685c       0x30 ./Generated_Code/WAIT1.o
                0x000000000000685c                WAIT1_Waitms
 .text.exit     0x000000000000688c       0x2c /Applications/KDS_v3.app/Contents/toolchain/bin/../lib/gcc/arm-none-eabi/4.8.4/../../../../arm-none-eabi/lib/armv6-m/libg_s.a(lib_a-exit.o)
                0x000000000000688c                exit
 .text.__libc_init_array
                0x00000000000068b8       0x4c /Applications/KDS_v3.app/Contents/toolchain/bin/../lib/gcc/arm-none-eabi/4.8.4/../../../../arm-none-eabi/lib/armv6-m/libg_s.a(lib_a-init.o)
                0x00000000000068b8                __libc_init_array
 .text.memset   0x0000000000006904       0x10 /Applications/KDS_v3.app/Contents/toolchain/bin/../lib/gcc/arm-none-eabi/4.8.4/../../../../arm-none-eabi/lib/armv6-m/libg_s.a(lib_a-memset.o)
                0x0000000000006904                memset
 .text.printf   0x0000000000006914       0x34 /Applications/KDS_v3.app/Contents/toolchain/bin/../lib/gcc/arm-none-eabi/4.8.4/../../../../arm-none-eabi/lib/armv6-m/libg_s.a(lib_a-printf.o)
                0x0000000000006914                printf
                0x0000000000006914                iprintf
 .text.putchar  0x0000000000006948       0x28 /Applications/KDS_v3.app/Contents/toolchain/bin/../lib/gcc/arm-none-eabi/4.8.4/../../../../arm-none-eabi/lib/armv6-m/libg_s.a(lib_a-putchar.o)
                0x0000000000006948                putchar
 .text._puts_r  0x0000000000006970       0xc2 /Applications/KDS_v3.app/Contents/toolchain/bin/../lib/gcc/arm-none-eabi/4.8.4/../../../../arm-none-eabi/lib/armv6-m/libg_s.a(lib_a-puts.o)
                0x0000000000006970                _puts_r
 *fill*         0x0000000000006a32        0x2 
 .text.puts     0x0000000000006a34       0x14 /Applications/KDS_v3.app/Contents/toolchain/bin/../lib/gcc/arm-none-eabi/4.8.4/../../../../arm-none-eabi/lib/armv6-m/libg_s.a(lib_a-puts.o)
                0x0000000000006a34                puts
 .text.__sfputc_r
                0x0000000000006a48       0x2a /Applications/KDS_v3.app/Contents/toolchain/bin/../lib/gcc/arm-none-eabi/4.8.4/../../../../arm-none-eabi/lib/armv6-m/libg_s.a(lib_a-vfprintf.o)
 .text.__sfputs_r
                0x0000000000006a72       0x24 /Applications/KDS_v3.app/Contents/toolchain/bin/../lib/gcc/arm-none-eabi/4.8.4/../../../../arm-none-eabi/lib/armv6-m/libg_s.a(lib_a-vfprintf.o)
                0x0000000000006a72                __sfputs_r
 *fill*         0x0000000000006a96        0x2 
 .text._vfprintf_r
                0x0000000000006a98      0x210 /Applications/KDS_v3.app/Contents/toolchain/bin/../lib/gcc/arm-none-eabi/4.8.4/../../../../arm-none-eabi/lib/armv6-m/libg_s.a(lib_a-vfprintf.o)
                0x0000000000006a98                _vfiprintf_r
                0x0000000000006a98                _vfprintf_r
 .text.__cvt    0x0000000000006ca8       0xd0 /Applications/KDS_v3.app/Contents/toolchain/bin/../lib/gcc/arm-none-eabi/4.8.4/../../../../arm-none-eabi/lib/armv6-m/libg_s.a(lib_a-vfprintf_float.o)
                0x0000000000006ca8                __cvt
 .text.__exponent
                0x0000000000006d78       0x6a /Applications/KDS_v3.app/Contents/toolchain/bin/../lib/gcc/arm-none-eabi/4.8.4/../../../../arm-none-eabi/lib/armv6-m/libg_s.a(lib_a-vfprintf_float.o)
                0x0000000000006d78                __exponent
 *fill*         0x0000000000006de2        0x6 
 .text._printf_float
                0x0000000000006de8      0x458 /Applications/KDS_v3.app/Contents/toolchain/bin/../lib/gcc/arm-none-eabi/4.8.4/../../../../arm-none-eabi/lib/armv6-m/libg_s.a(lib_a-vfprintf_float.o)
                0x0000000000006de8                _printf_float
 .text._printf_common
                0x0000000000007240       0xe8 /Applications/KDS_v3.app/Contents/toolchain/bin/../lib/gcc/arm-none-eabi/4.8.4/../../../../arm-none-eabi/lib/armv6-m/libg_s.a(lib_a-vfprintf_i.o)
                0x0000000000007240                _printf_common
 .text._printf_i
                0x0000000000007328      0x22c /Applications/KDS_v3.app/Contents/toolchain/bin/../lib/gcc/arm-none-eabi/4.8.4/../../../../arm-none-eabi/lib/armv6-m/libg_s.a(lib_a-vfprintf_i.o)
                0x0000000000007328                _printf_i
 .text._scanf_float
                0x0000000000007554      0x3e0 /Applications/KDS_v3.app/Contents/toolchain/bin/../lib/gcc/arm-none-eabi/4.8.4/../../../../arm-none-eabi/lib/armv6-m/libg_s.a(lib_a-vfscanf_float.o)
                0x0000000000007554                _scanf_float
 .text.__swbuf_r
                0x0000000000007934       0xb0 /Applications/KDS_v3.app/Contents/toolchain/bin/../lib/gcc/arm-none-eabi/4.8.4/../../../../arm-none-eabi/lib/armv6-m/libg_s.a(lib_a-wbuf.o)
                0x0000000000007934                __swbuf_r
 .text.__swsetup_r
                0x00000000000079e4       0xe4 /Applications/KDS_v3.app/Contents/toolchain/bin/../lib/gcc/arm-none-eabi/4.8.4/../../../../arm-none-eabi/lib/armv6-m/libg_s.a(lib_a-wsetup.o)
                0x00000000000079e4                __swsetup_r
 .text.quorem   0x0000000000007ac8      0x118 /Applications/KDS_v3.app/Contents/toolchain/bin/../lib/gcc/arm-none-eabi/4.8.4/../../../../arm-none-eabi/lib/armv6-m/libg_s.a(lib_a-dtoa.o)
 .text._dtoa_r  0x0000000000007be0      0xbb8 /Applications/KDS_v3.app/Contents/toolchain/bin/../lib/gcc/arm-none-eabi/4.8.4/../../../../arm-none-eabi/lib/armv6-m/libg_s.a(lib_a-dtoa.o)
                0x0000000000007be0                _dtoa_r
 .text.__sflush_r
                0x0000000000008798      0x112 /Applications/KDS_v3.app/Contents/toolchain/bin/../lib/gcc/arm-none-eabi/4.8.4/../../../../arm-none-eabi/lib/armv6-m/libg_s.a(lib_a-fflush.o)
                0x0000000000008798                __sflush_r
 *fill*         0x00000000000088aa        0x2 
 .text._fflush_r
                0x00000000000088ac       0x58 /Applications/KDS_v3.app/Contents/toolchain/bin/../lib/gcc/arm-none-eabi/4.8.4/../../../../arm-none-eabi/lib/armv6-m/libg_s.a(lib_a-fflush.o)
                0x00000000000088ac                _fflush_r
 .text._cleanup_r
                0x0000000000008904       0x34 /Applications/KDS_v3.app/Contents/toolchain/bin/../lib/gcc/arm-none-eabi/4.8.4/../../../../arm-none-eabi/lib/armv6-m/libg_s.a(lib_a-findfp.o)
                0x0000000000008904                _cleanup_r
 .text.std.isra.0
                0x0000000000008938       0x48 /Applications/KDS_v3.app/Contents/toolchain/bin/../lib/gcc/arm-none-eabi/4.8.4/../../../../arm-none-eabi/lib/armv6-m/libg_s.a(lib_a-findfp.o)
 .text.__sfmoreglue
                0x0000000000008980       0x2c /Applications/KDS_v3.app/Contents/toolchain/bin/../lib/gcc/arm-none-eabi/4.8.4/../../../../arm-none-eabi/lib/armv6-m/libg_s.a(lib_a-findfp.o)
                0x0000000000008980                __sfmoreglue
 .text.__sinit  0x00000000000089ac       0x64 /Applications/KDS_v3.app/Contents/toolchain/bin/../lib/gcc/arm-none-eabi/4.8.4/../../../../arm-none-eabi/lib/armv6-m/libg_s.a(lib_a-findfp.o)
                0x00000000000089ac                __sinit
 .text.__sfp    0x0000000000008a10       0x7c /Applications/KDS_v3.app/Contents/toolchain/bin/../lib/gcc/arm-none-eabi/4.8.4/../../../../arm-none-eabi/lib/armv6-m/libg_s.a(lib_a-findfp.o)
                0x0000000000008a10                __sfp
 .text._localeconv_r
                0x0000000000008a8c        0x8 /Applications/KDS_v3.app/Contents/toolchain/bin/../lib/gcc/arm-none-eabi/4.8.4/../../../../arm-none-eabi/lib/armv6-m/libg_s.a(lib_a-locale.o)
                0x0000000000008a8c                _localeconv_r
 .text.__smakebuf_r
                0x0000000000008a94       0xa0 /Applications/KDS_v3.app/Contents/toolchain/bin/../lib/gcc/arm-none-eabi/4.8.4/../../../../arm-none-eabi/lib/armv6-m/libg_s.a(lib_a-makebuf.o)
                0x0000000000008a94                __smakebuf_r
 .text.malloc   0x0000000000008b34       0x14 /Applications/KDS_v3.app/Contents/toolchain/bin/../lib/gcc/arm-none-eabi/4.8.4/../../../../arm-none-eabi/lib/armv6-m/libg_s.a(lib_a-malloc.o)
                0x0000000000008b34                malloc
 .text.memchr   0x0000000000008b48       0x16 /Applications/KDS_v3.app/Contents/toolchain/bin/../lib/gcc/arm-none-eabi/4.8.4/../../../../arm-none-eabi/lib/armv6-m/libg_s.a(lib_a-memchr-stub.o)
                0x0000000000008b48                memchr
 .text.memcpy   0x0000000000008b5e       0x12 /Applications/KDS_v3.app/Contents/toolchain/bin/../lib/gcc/arm-none-eabi/4.8.4/../../../../arm-none-eabi/lib/armv6-m/libg_s.a(lib_a-memcpy-stub.o)
                0x0000000000008b5e                memcpy
 .text.memmove  0x0000000000008b70       0x32 /Applications/KDS_v3.app/Contents/toolchain/bin/../lib/gcc/arm-none-eabi/4.8.4/../../../../arm-none-eabi/lib/armv6-m/libg_s.a(lib_a-memmove.o)
                0x0000000000008b70                memmove
 .text._Balloc  0x0000000000008ba2       0x70 /Applications/KDS_v3.app/Contents/toolchain/bin/../lib/gcc/arm-none-eabi/4.8.4/../../../../arm-none-eabi/lib/armv6-m/libg_s.a(lib_a-mprec.o)
                0x0000000000008ba2                _Balloc
 .text._Bfree   0x0000000000008c12       0x32 /Applications/KDS_v3.app/Contents/toolchain/bin/../lib/gcc/arm-none-eabi/4.8.4/../../../../arm-none-eabi/lib/armv6-m/libg_s.a(lib_a-mprec.o)
                0x0000000000008c12                _Bfree
 .text.__multadd
                0x0000000000008c44       0x7c /Applications/KDS_v3.app/Contents/toolchain/bin/../lib/gcc/arm-none-eabi/4.8.4/../../../../arm-none-eabi/lib/armv6-m/libg_s.a(lib_a-mprec.o)
                0x0000000000008c44                __multadd
 .text.__s2b    0x0000000000008cc0       0x80 /Applications/KDS_v3.app/Contents/toolchain/bin/../lib/gcc/arm-none-eabi/4.8.4/../../../../arm-none-eabi/lib/armv6-m/libg_s.a(lib_a-mprec.o)
                0x0000000000008cc0                __s2b
 .text.__hi0bits
                0x0000000000008d40       0x38 /Applications/KDS_v3.app/Contents/toolchain/bin/../lib/gcc/arm-none-eabi/4.8.4/../../../../arm-none-eabi/lib/armv6-m/libg_s.a(lib_a-mprec.o)
                0x0000000000008d40                __hi0bits
 .text.__lo0bits
                0x0000000000008d78       0x5a /Applications/KDS_v3.app/Contents/toolchain/bin/../lib/gcc/arm-none-eabi/4.8.4/../../../../arm-none-eabi/lib/armv6-m/libg_s.a(lib_a-mprec.o)
                0x0000000000008d78                __lo0bits
 .text.__i2b    0x0000000000008dd2       0x12 /Applications/KDS_v3.app/Contents/toolchain/bin/../lib/gcc/arm-none-eabi/4.8.4/../../../../arm-none-eabi/lib/armv6-m/libg_s.a(lib_a-mprec.o)
                0x0000000000008dd2                __i2b
 .text.__multiply
                0x0000000000008de4      0x11e /Applications/KDS_v3.app/Contents/toolchain/bin/../lib/gcc/arm-none-eabi/4.8.4/../../../../arm-none-eabi/lib/armv6-m/libg_s.a(lib_a-mprec.o)
                0x0000000000008de4                __multiply
 *fill*         0x0000000000008f02        0x2 
 .text.__pow5mult
                0x0000000000008f04       0xa4 /Applications/KDS_v3.app/Contents/toolchain/bin/../lib/gcc/arm-none-eabi/4.8.4/../../../../arm-none-eabi/lib/armv6-m/libg_s.a(lib_a-mprec.o)
                0x0000000000008f04                __pow5mult
 .text.__lshift
                0x0000000000008fa8       0xa4 /Applications/KDS_v3.app/Contents/toolchain/bin/../lib/gcc/arm-none-eabi/4.8.4/../../../../arm-none-eabi/lib/armv6-m/libg_s.a(lib_a-mprec.o)
                0x0000000000008fa8                __lshift
 .text.__mcmp   0x000000000000904c       0x36 /Applications/KDS_v3.app/Contents/toolchain/bin/../lib/gcc/arm-none-eabi/4.8.4/../../../../arm-none-eabi/lib/armv6-m/libg_s.a(lib_a-mprec.o)
                0x000000000000904c                __mcmp
 .text.__mdiff  0x0000000000009082       0xcc /Applications/KDS_v3.app/Contents/toolchain/bin/../lib/gcc/arm-none-eabi/4.8.4/../../../../arm-none-eabi/lib/armv6-m/libg_s.a(lib_a-mprec.o)
                0x0000000000009082                __mdiff
 *fill*         0x000000000000914e        0x2 
 .text.__ulp    0x0000000000009150       0x44 /Applications/KDS_v3.app/Contents/toolchain/bin/../lib/gcc/arm-none-eabi/4.8.4/../../../../arm-none-eabi/lib/armv6-m/libg_s.a(lib_a-mprec.o)
                0x0000000000009150                __ulp
 .text.__b2d    0x0000000000009194       0xa4 /Applications/KDS_v3.app/Contents/toolchain/bin/../lib/gcc/arm-none-eabi/4.8.4/../../../../arm-none-eabi/lib/armv6-m/libg_s.a(lib_a-mprec.o)
                0x0000000000009194                __b2d
 .text.__d2b    0x0000000000009238       0xb0 /Applications/KDS_v3.app/Contents/toolchain/bin/../lib/gcc/arm-none-eabi/4.8.4/../../../../arm-none-eabi/lib/armv6-m/libg_s.a(lib_a-mprec.o)
                0x0000000000009238                __d2b
 .text.__ratio  0x00000000000092e8       0x48 /Applications/KDS_v3.app/Contents/toolchain/bin/../lib/gcc/arm-none-eabi/4.8.4/../../../../arm-none-eabi/lib/armv6-m/libg_s.a(lib_a-mprec.o)
                0x00000000000092e8                __ratio
 .text.__copybits
                0x0000000000009330       0x2c /Applications/KDS_v3.app/Contents/toolchain/bin/../lib/gcc/arm-none-eabi/4.8.4/../../../../arm-none-eabi/lib/armv6-m/libg_s.a(lib_a-mprec.o)
                0x0000000000009330                __copybits
 .text.__any_on
                0x000000000000935c       0x44 /Applications/KDS_v3.app/Contents/toolchain/bin/../lib/gcc/arm-none-eabi/4.8.4/../../../../arm-none-eabi/lib/armv6-m/libg_s.a(lib_a-mprec.o)
                0x000000000000935c                __any_on
 .text._calloc_r
                0x00000000000093a0       0x1c /Applications/KDS_v3.app/Contents/toolchain/bin/../lib/gcc/arm-none-eabi/4.8.4/../../../../arm-none-eabi/lib/armv6-m/libg_s.a(lib_a-nano-callocr.o)
                0x00000000000093a0                _calloc_r
 .text._free_r  0x00000000000093bc       0x90 /Applications/KDS_v3.app/Contents/toolchain/bin/../lib/gcc/arm-none-eabi/4.8.4/../../../../arm-none-eabi/lib/armv6-m/libg_s.a(lib_a-nano-freer.o)
                0x00000000000093bc                _free_r
 .text._malloc_r
                0x000000000000944c       0xa8 /Applications/KDS_v3.app/Contents/toolchain/bin/../lib/gcc/arm-none-eabi/4.8.4/../../../../arm-none-eabi/lib/armv6-m/libg_s.a(lib_a-nano-mallocr.o)
                0x000000000000944c                _malloc_r
 .text._realloc_r
                0x00000000000094f4       0x4c /Applications/KDS_v3.app/Contents/toolchain/bin/../lib/gcc/arm-none-eabi/4.8.4/../../../../arm-none-eabi/lib/armv6-m/libg_s.a(lib_a-nano-reallocr.o)
                0x00000000000094f4                _realloc_r
 .text._putc_r  0x0000000000009540       0x78 /Applications/KDS_v3.app/Contents/toolchain/bin/../lib/gcc/arm-none-eabi/4.8.4/../../../../arm-none-eabi/lib/armv6-m/libg_s.a(lib_a-putc.o)
                0x0000000000009540                _putc_r
 .text.__fpclassifyd
                0x00000000000095b8       0x54 /Applications/KDS_v3.app/Contents/toolchain/bin/../lib/gcc/arm-none-eabi/4.8.4/../../../../arm-none-eabi/lib/armv6-m/libg_s.a(lib_a-s_fpclassify.o)
                0x00000000000095b8                __fpclassifyd
 .text._sbrk_r  0x000000000000960c       0x24 /Applications/KDS_v3.app/Contents/toolchain/bin/../lib/gcc/arm-none-eabi/4.8.4/../../../../arm-none-eabi/lib/armv6-m/libg_s.a(lib_a-sbrkr.o)
                0x000000000000960c                _sbrk_r
 .text.nanf     0x0000000000009630        0x8 /Applications/KDS_v3.app/Contents/toolchain/bin/../lib/gcc/arm-none-eabi/4.8.4/../../../../arm-none-eabi/lib/armv6-m/libg_s.a(lib_a-sf_nan.o)
                0x0000000000009630                nanf
 .text.sprintf  0x0000000000009638       0x44 /Applications/KDS_v3.app/Contents/toolchain/bin/../lib/gcc/arm-none-eabi/4.8.4/../../../../arm-none-eabi/lib/armv6-m/libg_s.a(lib_a-sprintf.o)
                0x0000000000009638                sprintf
                0x0000000000009638                siprintf
 .text.__sread  0x000000000000967c       0x28 /Applications/KDS_v3.app/Contents/toolchain/bin/../lib/gcc/arm-none-eabi/4.8.4/../../../../arm-none-eabi/lib/armv6-m/libg_s.a(lib_a-stdio.o)
                0x000000000000967c                __sread
 .text.__swrite
                0x00000000000096a4       0x38 /Applications/KDS_v3.app/Contents/toolchain/bin/../lib/gcc/arm-none-eabi/4.8.4/../../../../arm-none-eabi/lib/armv6-m/libg_s.a(lib_a-stdio.o)
                0x00000000000096a4                __swrite
 .text.__sseek  0x00000000000096dc       0x2c /Applications/KDS_v3.app/Contents/toolchain/bin/../lib/gcc/arm-none-eabi/4.8.4/../../../../arm-none-eabi/lib/armv6-m/libg_s.a(lib_a-stdio.o)
                0x00000000000096dc                __sseek
 .text.__sclose
                0x0000000000009708        0xc /Applications/KDS_v3.app/Contents/toolchain/bin/../lib/gcc/arm-none-eabi/4.8.4/../../../../arm-none-eabi/lib/armv6-m/libg_s.a(lib_a-stdio.o)
                0x0000000000009708                __sclose
 .text.strlen   0x0000000000009714        0xe /Applications/KDS_v3.app/Contents/toolchain/bin/../lib/gcc/arm-none-eabi/4.8.4/../../../../arm-none-eabi/lib/armv6-m/libg_s.a(lib_a-strlen.o)
                0x0000000000009714                strlen
 .text.match    0x0000000000009722       0x28 /Applications/KDS_v3.app/Contents/toolchain/bin/../lib/gcc/arm-none-eabi/4.8.4/../../../../arm-none-eabi/lib/armv6-m/libg_s.a(lib_a-strtod.o)
 *fill*         0x000000000000974a        0x2 
 .text.unlikely.sulp
                0x000000000000974c       0x2c /Applications/KDS_v3.app/Contents/toolchain/bin/../lib/gcc/arm-none-eabi/4.8.4/../../../../arm-none-eabi/lib/armv6-m/libg_s.a(lib_a-strtod.o)
 .text._strtod_r
                0x0000000000009778      0xc50 /Applications/KDS_v3.app/Contents/toolchain/bin/../lib/gcc/arm-none-eabi/4.8.4/../../../../arm-none-eabi/lib/armv6-m/libg_s.a(lib_a-strtod.o)
                0x0000000000009778                _strtod_r
 .text._strtol_r
                0x000000000000a3c8      0x114 /Applications/KDS_v3.app/Contents/toolchain/bin/../lib/gcc/arm-none-eabi/4.8.4/../../../../arm-none-eabi/lib/armv6-m/libg_s.a(lib_a-strtol.o)
                0x000000000000a3c8                _strtol_r
 .text.__ssputs_r
                0x000000000000a4dc       0xc0 /Applications/KDS_v3.app/Contents/toolchain/bin/../lib/gcc/arm-none-eabi/4.8.4/../../../../arm-none-eabi/lib/armv6-m/libg_s.a(lib_a-svfprintf.o)
                0x000000000000a4dc                __ssputs_r
 .text._svfprintf_r
                0x000000000000a59c      0x1e0 /Applications/KDS_v3.app/Contents/toolchain/bin/../lib/gcc/arm-none-eabi/4.8.4/../../../../arm-none-eabi/lib/armv6-m/libg_s.a(lib_a-svfprintf.o)
                0x000000000000a59c                _svfprintf_r
                0x000000000000a59c                _svfiprintf_r
 .text._write_r
                0x000000000000a77c       0x28 /Applications/KDS_v3.app/Contents/toolchain/bin/../lib/gcc/arm-none-eabi/4.8.4/../../../../arm-none-eabi/lib/armv6-m/libg_s.a(lib_a-writer.o)
                0x000000000000a77c                _write_r
 .text._close_r
                0x000000000000a7a4       0x24 /Applications/KDS_v3.app/Contents/toolchain/bin/../lib/gcc/arm-none-eabi/4.8.4/../../../../arm-none-eabi/lib/armv6-m/libg_s.a(lib_a-closer.o)
                0x000000000000a7a4                _close_r
 .text._fstat_r
                0x000000000000a7c8       0x24 /Applications/KDS_v3.app/Contents/toolchain/bin/../lib/gcc/arm-none-eabi/4.8.4/../../../../arm-none-eabi/lib/armv6-m/libg_s.a(lib_a-fstatr.o)
                0x000000000000a7c8                _fstat_r
 .text.rshift   0x000000000000a7ec       0x6c /Applications/KDS_v3.app/Contents/toolchain/bin/../lib/gcc/arm-none-eabi/4.8.4/../../../../arm-none-eabi/lib/armv6-m/libg_s.a(lib_a-gdtoa-gethex.o)
 .text.__hexdig_fun
                0x000000000000a858       0x2a /Applications/KDS_v3.app/Contents/toolchain/bin/../lib/gcc/arm-none-eabi/4.8.4/../../../../arm-none-eabi/lib/armv6-m/libg_s.a(lib_a-gdtoa-gethex.o)
                0x000000000000a858                __hexdig_fun
 .text.__gethex
                0x000000000000a882      0x43c /Applications/KDS_v3.app/Contents/toolchain/bin/../lib/gcc/arm-none-eabi/4.8.4/../../../../arm-none-eabi/lib/armv6-m/libg_s.a(lib_a-gdtoa-gethex.o)
                0x000000000000a882                __gethex
 .text.L_shift  0x000000000000acbe       0x24 /Applications/KDS_v3.app/Contents/toolchain/bin/../lib/gcc/arm-none-eabi/4.8.4/../../../../arm-none-eabi/lib/armv6-m/libg_s.a(lib_a-gdtoa-hexnan.o)
 .text.__hexnan
                0x000000000000ace2      0x132 /Applications/KDS_v3.app/Contents/toolchain/bin/../lib/gcc/arm-none-eabi/4.8.4/../../../../arm-none-eabi/lib/armv6-m/libg_s.a(lib_a-gdtoa-hexnan.o)
                0x000000000000ace2                __hexnan
 .text._isatty_r
                0x000000000000ae14       0x24 /Applications/KDS_v3.app/Contents/toolchain/bin/../lib/gcc/arm-none-eabi/4.8.4/../../../../arm-none-eabi/lib/armv6-m/libg_s.a(lib_a-isattyr.o)
                0x000000000000ae14                _isatty_r
 .text._lseek_r
                0x000000000000ae38       0x28 /Applications/KDS_v3.app/Contents/toolchain/bin/../lib/gcc/arm-none-eabi/4.8.4/../../../../arm-none-eabi/lib/armv6-m/libg_s.a(lib_a-lseekr.o)
                0x000000000000ae38                _lseek_r
 .text._malloc_usable_size_r
                0x000000000000ae60       0x12 /Applications/KDS_v3.app/Contents/toolchain/bin/../lib/gcc/arm-none-eabi/4.8.4/../../../../arm-none-eabi/lib/armv6-m/libg_s.a(lib_a-nano-msizer.o)
                0x000000000000ae60                _malloc_usable_size_r
 *fill*         0x000000000000ae72        0x2 
 .text._read_r  0x000000000000ae74       0x28 /Applications/KDS_v3.app/Contents/toolchain/bin/../lib/gcc/arm-none-eabi/4.8.4/../../../../arm-none-eabi/lib/armv6-m/libg_s.a(lib_a-readr.o)
                0x000000000000ae74                _read_r
 .text.strncmp  0x000000000000ae9c       0x2c /Applications/KDS_v3.app/Contents/toolchain/bin/../lib/gcc/arm-none-eabi/4.8.4/../../../../arm-none-eabi/lib/armv6-m/libg_s.a(lib_a-strncmp.o)
                0x000000000000ae9c                strncmp
 .text._close   0x000000000000aec8       0x10 /Applications/KDS_v3.app/Contents/toolchain/bin/../lib/gcc/arm-none-eabi/4.8.4/../../../../arm-none-eabi/lib/armv6-m/libnosys.a(close.o)
                0x000000000000aec8                _close
 .text._fstat   0x000000000000aed8       0x10 /Applications/KDS_v3.app/Contents/toolchain/bin/../lib/gcc/arm-none-eabi/4.8.4/../../../../arm-none-eabi/lib/armv6-m/libnosys.a(fstat.o)
                0x000000000000aed8                _fstat
 .text._isatty  0x000000000000aee8       0x10 /Applications/KDS_v3.app/Contents/toolchain/bin/../lib/gcc/arm-none-eabi/4.8.4/../../../../arm-none-eabi/lib/armv6-m/libnosys.a(isatty.o)
                0x000000000000aee8                _isatty
 .text._lseek   0x000000000000aef8       0x10 /Applications/KDS_v3.app/Contents/toolchain/bin/../lib/gcc/arm-none-eabi/4.8.4/../../../../arm-none-eabi/lib/armv6-m/libnosys.a(lseek.o)
                0x000000000000aef8                _lseek
 .text._sbrk    0x000000000000af08       0x34 /Applications/KDS_v3.app/Contents/toolchain/bin/../lib/gcc/arm-none-eabi/4.8.4/../../../../arm-none-eabi/lib/armv6-m/libnosys.a(sbrk.o)
                0x000000000000af08                _sbrk
 .text._exit    0x000000000000af3c        0x4 /Applications/KDS_v3.app/Contents/toolchain/bin/../lib/gcc/arm-none-eabi/4.8.4/../../../../arm-none-eabi/lib/armv6-m/libnosys.a(_exit.o)
                0x000000000000af3c                _exit
 *(.rodata)
 .rodata        0x000000000000af40        0xc ./Sources/Events.o
 .rodata        0x000000000000af4c       0xd0 ./Sources/main.o
 .rodata        0x000000000000b01c       0x40 /Applications/KDS_v3.app/Contents/toolchain/bin/../lib/gcc/arm-none-eabi/4.8.4/armv6-m/libgcc.a(divsf3.o)
 .rodata        0x000000000000b05c       0x40 /Applications/KDS_v3.app/Contents/toolchain/bin/../lib/gcc/arm-none-eabi/4.8.4/armv6-m/libgcc.a(muldf3.o)
 .rodata        0x000000000000b09c       0x40 /Applications/KDS_v3.app/Contents/toolchain/bin/../lib/gcc/arm-none-eabi/4.8.4/armv6-m/libgcc.a(divdf3.o)
 *(.rodata*)
 .rodata.char_int
                0x000000000000b0dc       0x28 ./Sources/main.o
 .rodata.ChannelToPin
                0x000000000000b104        0x4 ./Generated_Code/AdcLdd1.o
 .rodata.Table  0x000000000000b108        0x4 ./Generated_Code/Potis.o
 .rodata.ChannelDevice
                0x000000000000b10c        0x8 ./Generated_Code/TU2.o
 .rodata.ChannelMode
                0x000000000000b114        0x8 ./Generated_Code/TU2.o
 .rodata.str1.1
                0x000000000000b11c        0x2 /Applications/KDS_v3.app/Contents/toolchain/bin/../lib/gcc/arm-none-eabi/4.8.4/../../../../arm-none-eabi/lib/armv6-m/libg_s.a(lib_a-impure.o)
 *fill*         0x000000000000b11e        0x2 
 .rodata._global_impure_ptr
                0x000000000000b120        0x4 /Applications/KDS_v3.app/Contents/toolchain/bin/../lib/gcc/arm-none-eabi/4.8.4/../../../../arm-none-eabi/lib/armv6-m/libg_s.a(lib_a-impure.o)
                0x000000000000b120                _global_impure_ptr
 .rodata.str1.1
                0x000000000000b124       0x11 /Applications/KDS_v3.app/Contents/toolchain/bin/../lib/gcc/arm-none-eabi/4.8.4/../../../../arm-none-eabi/lib/armv6-m/libg_s.a(lib_a-vfprintf.o)
 .rodata.str1.1
                0x000000000000b135       0x12 /Applications/KDS_v3.app/Contents/toolchain/bin/../lib/gcc/arm-none-eabi/4.8.4/../../../../arm-none-eabi/lib/armv6-m/libg_s.a(lib_a-vfprintf_float.o)
 .rodata.str1.1
                0x000000000000b147       0x22 /Applications/KDS_v3.app/Contents/toolchain/bin/../lib/gcc/arm-none-eabi/4.8.4/../../../../arm-none-eabi/lib/armv6-m/libg_s.a(lib_a-vfprintf_i.o)
 .rodata.str1.1
                0x000000000000b169        0x5 /Applications/KDS_v3.app/Contents/toolchain/bin/../lib/gcc/arm-none-eabi/4.8.4/../../../../arm-none-eabi/lib/armv6-m/libg_s.a(lib_a-vfscanf_float.o)
 .rodata.str1.1
                0x000000000000b16e        0xd /Applications/KDS_v3.app/Contents/toolchain/bin/../lib/gcc/arm-none-eabi/4.8.4/../../../../arm-none-eabi/lib/armv6-m/libg_s.a(lib_a-dtoa.o)
                                          0xf (size before relaxing)
 *fill*         0x000000000000b17b        0x1 
 .rodata.__sf_fake_stdin
                0x000000000000b17c       0x20 /Applications/KDS_v3.app/Contents/toolchain/bin/../lib/gcc/arm-none-eabi/4.8.4/../../../../arm-none-eabi/lib/armv6-m/libg_s.a(lib_a-findfp.o)
                0x000000000000b17c                __sf_fake_stdin
 .rodata.__sf_fake_stdout
                0x000000000000b19c       0x20 /Applications/KDS_v3.app/Contents/toolchain/bin/../lib/gcc/arm-none-eabi/4.8.4/../../../../arm-none-eabi/lib/armv6-m/libg_s.a(lib_a-findfp.o)
                0x000000000000b19c                __sf_fake_stdout
 .rodata.__sf_fake_stderr
                0x000000000000b1bc       0x20 /Applications/KDS_v3.app/Contents/toolchain/bin/../lib/gcc/arm-none-eabi/4.8.4/../../../../arm-none-eabi/lib/armv6-m/libg_s.a(lib_a-findfp.o)
                0x000000000000b1bc                __sf_fake_stderr
 .rodata.str1.1
                0x000000000000b1dc        0x8 /Applications/KDS_v3.app/Contents/toolchain/bin/../lib/gcc/arm-none-eabi/4.8.4/../../../../arm-none-eabi/lib/armv6-m/libg_s.a(lib_a-locale.o)
                                          0xb (size before relaxing)
 *fill*         0x000000000000b1e4        0x4 
 .rodata.__mprec_tens
                0x000000000000b1e8       0xc8 /Applications/KDS_v3.app/Contents/toolchain/bin/../lib/gcc/arm-none-eabi/4.8.4/../../../../arm-none-eabi/lib/armv6-m/libg_s.a(lib_a-mprec.o)
                0x000000000000b1e8                __mprec_tens
 .rodata.__mprec_bigtens
                0x000000000000b2b0       0x28 /Applications/KDS_v3.app/Contents/toolchain/bin/../lib/gcc/arm-none-eabi/4.8.4/../../../../arm-none-eabi/lib/armv6-m/libg_s.a(lib_a-mprec.o)
                0x000000000000b2b0                __mprec_bigtens
 .rodata.p05.5281
                0x000000000000b2d8        0xc /Applications/KDS_v3.app/Contents/toolchain/bin/../lib/gcc/arm-none-eabi/4.8.4/../../../../arm-none-eabi/lib/armv6-m/libg_s.a(lib_a-mprec.o)
 *fill*         0x000000000000b2e4        0x4 
 .rodata.tinytens
                0x000000000000b2e8       0x28 /Applications/KDS_v3.app/Contents/toolchain/bin/../lib/gcc/arm-none-eabi/4.8.4/../../../../arm-none-eabi/lib/armv6-m/libg_s.a(lib_a-strtod.o)
 .rodata.fpi.5246
                0x000000000000b310       0x14 /Applications/KDS_v3.app/Contents/toolchain/bin/../lib/gcc/arm-none-eabi/4.8.4/../../../../arm-none-eabi/lib/armv6-m/libg_s.a(lib_a-strtod.o)
 .rodata.str1.1
                0x0000000000000000        0x8 /Applications/KDS_v3.app/Contents/toolchain/bin/../lib/gcc/arm-none-eabi/4.8.4/../../../../arm-none-eabi/lib/armv6-m/libg_s.a(lib_a-strtod.o)
                                          0xc (size before relaxing)
 .rodata.fpinan.5282
                0x000000000000b324       0x14 /Applications/KDS_v3.app/Contents/toolchain/bin/../lib/gcc/arm-none-eabi/4.8.4/../../../../arm-none-eabi/lib/armv6-m/libg_s.a(lib_a-strtod.o)
 .rodata.str1.1
                0x0000000000000000       0x11 /Applications/KDS_v3.app/Contents/toolchain/bin/../lib/gcc/arm-none-eabi/4.8.4/../../../../arm-none-eabi/lib/armv6-m/libg_s.a(lib_a-svfprintf.o)
 .rodata._ctype_
                0x000000000000b338      0x101 /Applications/KDS_v3.app/Contents/toolchain/bin/../lib/gcc/arm-none-eabi/4.8.4/../../../../arm-none-eabi/lib/armv6-m/libg_s.a(lib_a-ctype_.o)
                0x000000000000b338                _ctype_
 *(.glue_7)
 .glue_7        0x0000000000000000        0x0 linker stubs
 *(.glue_7t)
 .glue_7t       0x0000000000000000        0x0 linker stubs
 *(.eh_frame)
 *fill*         0x000000000000b439        0x3 
 .eh_frame      0x000000000000b43c        0x0 /Applications/KDS_v3.app/Contents/toolchain/bin/../lib/gcc/arm-none-eabi/4.8.4/armv6-m/crtbegin.o
 *(.init)
 .init          0x000000000000b43c        0x4 /Applications/KDS_v3.app/Contents/toolchain/bin/../lib/gcc/arm-none-eabi/4.8.4/armv6-m/crti.o
                0x000000000000b43c                _init
 .init          0x000000000000b440        0x8 /Applications/KDS_v3.app/Contents/toolchain/bin/../lib/gcc/arm-none-eabi/4.8.4/armv6-m/crtn.o
 *(.fini)
 .fini          0x000000000000b448        0x4 /Applications/KDS_v3.app/Contents/toolchain/bin/../lib/gcc/arm-none-eabi/4.8.4/armv6-m/crti.o
                0x000000000000b448                _fini
 .fini          0x000000000000b44c        0x8 /Applications/KDS_v3.app/Contents/toolchain/bin/../lib/gcc/arm-none-eabi/4.8.4/armv6-m/crtn.o
                0x000000000000b454                . = ALIGN (0x4)
                0x000000000000b454                _etext = .

.vfp11_veneer   0x000000000000b454        0x0
 .vfp11_veneer  0x0000000000000000        0x0 linker stubs

.v4_bx          0x000000000000b454        0x0
 .v4_bx         0x0000000000000000        0x0 linker stubs

.iplt           0x000000000000b454        0x0
 .iplt          0x0000000000000000        0x0 /Applications/KDS_v3.app/Contents/toolchain/bin/../lib/gcc/arm-none-eabi/4.8.4/armv6-m/crtbegin.o

.ARM.extab
 *(.ARM.extab* .gnu.linkonce.armextab.*)

.ARM            0x000000000000b454        0x8
                0x000000000000b454                __exidx_start = .
 *(.ARM.exidx*)
 .ARM.exidx     0x000000000000b454        0x8 /Applications/KDS_v3.app/Contents/toolchain/bin/../lib/gcc/arm-none-eabi/4.8.4/../../../../arm-none-eabi/lib/armv6-m/crt0.o
                0x000000000000b45c                __exidx_end = .

.rel.dyn        0x000000000000b45c        0x0
 .rel.iplt      0x0000000000000000        0x0 /Applications/KDS_v3.app/Contents/toolchain/bin/../lib/gcc/arm-none-eabi/4.8.4/armv6-m/crtbegin.o

.ctors          0x000000000000b45c        0x0
                0x000000000000b45c                __CTOR_LIST__ = .
 *crtbegin.o(.ctors)
 *(EXCLUDE_FILE(*crtend.o) .ctors)
 *(SORT(.ctors.*))
 *(.ctors)
                0x000000000000b45c                __CTOR_END__ = .

.dtors          0x000000000000b45c        0x0
                0x000000000000b45c                __DTOR_LIST__ = .
 *crtbegin.o(.dtors)
 *(EXCLUDE_FILE(*crtend.o) .dtors)
 *(SORT(.dtors.*))
 *(.dtors)
                0x000000000000b45c                __DTOR_END__ = .

.preinit_array  0x000000000000b45c        0x0
                0x000000000000b45c                PROVIDE (__preinit_array_start, .)
 *(.preinit_array*)
                0x000000000000b45c                PROVIDE (__preinit_array_end, .)

.init_array     0x000000000000b45c        0x4
                0x000000000000b45c                PROVIDE (__init_array_start, .)
 *(SORT(.init_array.*))
 *(.init_array*)
 .init_array    0x000000000000b45c        0x4 /Applications/KDS_v3.app/Contents/toolchain/bin/../lib/gcc/arm-none-eabi/4.8.4/armv6-m/crtbegin.o
                0x000000000000b460                PROVIDE (__init_array_end, .)

.fini_array     0x000000000000b460        0x4
                0x000000000000b460                PROVIDE (__fini_array_start, .)
 *(SORT(.fini_array.*))
 *(.fini_array*)
 .fini_array    0x000000000000b460        0x4 /Applications/KDS_v3.app/Contents/toolchain/bin/../lib/gcc/arm-none-eabi/4.8.4/armv6-m/crtbegin.o
                0x000000000000b464                PROVIDE (__fini_array_end, .)
                0x000000000000b464                ___ROM_AT = .

.mtb            0x000000001ffff000        0x0
                0x000000001ffff000                . = ALIGN (0x8)
                0x000000001ffff000                _mtb_start = .
 *(.mtb_buf)
                0x000000001ffff000                . = ALIGN (0x8)
                0x000000001ffff000                _mtb_end = .

.data           0x000000001ffff000       0xb0 load address 0x000000000000b464
                0x000000001ffff000                . = ALIGN (0x4)
                0x000000001ffff000                _sdata = .
 *(.data)
 *(.data*)
 .data.Abstand_Mag
                0x000000001ffff000        0x4 ./Sources/Events.o
                0x000000001ffff000                Abstand_Mag
 .data.erkennung_links
                0x000000001ffff004        0x1 ./Sources/main.o
                0x000000001ffff004                erkennung_links
 .data.erkennung_rechts
                0x000000001ffff005        0x1 ./Sources/main.o
                0x000000001ffff005                erkennung_rechts
 .data.startup  0x000000001ffff006        0x1 ./Sources/main.o
                0x000000001ffff006                startup
 *fill*         0x000000001ffff007        0x1 
 .data.StartMotor
                0x000000001ffff008        0x2 ./Sources/main.o
                0x000000001ffff008                StartMotor
 .data.Mitte    0x000000001ffff00a        0x2 ./Sources/main.o
                0x000000001ffff00a                Mitte
 .data.Links    0x000000001ffff00c        0x2 ./Sources/main.o
                0x000000001ffff00c                Links
 .data.Rechts   0x000000001ffff00e        0x2 ./Sources/main.o
                0x000000001ffff00e                Rechts
 .data.impure_data
                0x000000001ffff010       0x60 /Applications/KDS_v3.app/Contents/toolchain/bin/../lib/gcc/arm-none-eabi/4.8.4/../../../../arm-none-eabi/lib/armv6-m/libg_s.a(lib_a-impure.o)
 .data._impure_ptr
                0x000000001ffff070        0x4 /Applications/KDS_v3.app/Contents/toolchain/bin/../lib/gcc/arm-none-eabi/4.8.4/../../../../arm-none-eabi/lib/armv6-m/libg_s.a(lib_a-impure.o)
                0x000000001ffff070                _impure_ptr
 .data.lconv    0x000000001ffff074       0x38 /Applications/KDS_v3.app/Contents/toolchain/bin/../lib/gcc/arm-none-eabi/4.8.4/../../../../arm-none-eabi/lib/armv6-m/libg_s.a(lib_a-locale.o)
 .data.__ctype_ptr__
                0x000000001ffff0ac        0x4 /Applications/KDS_v3.app/Contents/toolchain/bin/../lib/gcc/arm-none-eabi/4.8.4/../../../../arm-none-eabi/lib/armv6-m/libg_s.a(lib_a-ctype_.o)
                0x000000001ffff0ac                __ctype_ptr__
                0x000000001ffff0b0                . = ALIGN (0x4)
                0x000000001ffff0b0                _edata = .
                0x00000000000000b0                ___data_size = (_edata - _sdata)

.jcr            0x000000001ffff0b0        0x0 load address 0x000000000000b514
 .jcr           0x000000001ffff0b0        0x0 /Applications/KDS_v3.app/Contents/toolchain/bin/../lib/gcc/arm-none-eabi/4.8.4/armv6-m/crtbegin.o

.igot.plt       0x000000001ffff0b0        0x0 load address 0x000000000000b514
 .igot.plt      0x0000000000000000        0x0 /Applications/KDS_v3.app/Contents/toolchain/bin/../lib/gcc/arm-none-eabi/4.8.4/armv6-m/crtbegin.o
                0x000000001ffff0b0                . = ALIGN (0x4)

.bss            0x000000001ffff0b0      0x43c load address 0x000000000000b514
                0x000000001ffff0b0                __START_BSS = .
                0x000000001ffff0b0                PROVIDE (__bss_start__, __START_BSS)
 *(.bss)
 .bss           0x000000001ffff0b0       0x1c /Applications/KDS_v3.app/Contents/toolchain/bin/../lib/gcc/arm-none-eabi/4.8.4/armv6-m/crtbegin.o
 *(.bss*)
 .bss.Rechts_time
                0x000000001ffff0cc        0x4 ./Sources/Events.o
                0x000000001ffff0cc                Rechts_time
 .bss.velocity_Rechts_avg
                0x000000001ffff0d0        0x4 ./Sources/Events.o
                0x000000001ffff0d0                velocity_Rechts_avg
 .bss.Speed_time_Rechts
                0x000000001ffff0d4        0x2 ./Sources/Events.o
                0x000000001ffff0d4                Speed_time_Rechts
 .bss.Counter_OVF
                0x000000001ffff0d6        0x1 ./Sources/Events.o
                0x000000001ffff0d6                Counter_OVF
 .bss.avg_counter
                0x000000001ffff0d7        0x1 ./Sources/Events.o
                0x000000001ffff0d7                avg_counter
 .bss.TU3_CounterValue
                0x000000001ffff0d8        0x4 ./Sources/Events.o
                0x000000001ffff0d8                TU3_CounterValue
 .bss.prev_angle
                0x000000001ffff0dc        0x1 ./Sources/main.o
                0x000000001ffff0dc                prev_angle
 .bss.anzahl_null
                0x000000001ffff0dd        0x1 ./Sources/main.o
                0x000000001ffff0dd                anzahl_null
 .bss.anzahl_eins
                0x000000001ffff0de        0x1 ./Sources/main.o
                0x000000001ffff0de                anzahl_eins
 .bss.Linke_Linie
                0x000000001ffff0df        0x1 ./Sources/main.o
                0x000000001ffff0df                Linke_Linie
 .bss.Rechte_Linie
                0x000000001ffff0e0        0x1 ./Sources/main.o
                0x000000001ffff0e0                Rechte_Linie
 .bss.null_diff
                0x000000001ffff0e1        0x1 ./Sources/main.o
                0x000000001ffff0e1                null_diff
 .bss.Angle     0x000000001ffff0e2        0x1 ./Sources/main.o
                0x000000001ffff0e2                Angle
 .bss.pulse     0x000000001ffff0e3        0x1 ./Sources/main.o
                0x000000001ffff0e3                pulse
 .bss.array_pos
                0x000000001ffff0e4        0x1 ./Sources/main.o
                0x000000001ffff0e4                array_pos
 *fill*         0x000000001ffff0e5        0x3 
 .bss.SerVal    0x000000001ffff0e8        0x4 ./Sources/main.o
                0x000000001ffff0e8                SerVal
 .bss.anzahl_linien
                0x000000001ffff0ec        0x1 ./Sources/main.o
                0x000000001ffff0ec                anzahl_linien
 .bss.pre_null  0x000000001ffff0ed        0x1 ./Sources/main.o
                0x000000001ffff0ed                pre_null
 .bss.anzahl_null_bar
                0x000000001ffff0ee        0x1 ./Sources/main.o
                0x000000001ffff0ee                anzahl_null_bar
 *fill*         0x000000001ffff0ef        0x1 
 .bss.velocity_Links
                0x000000001ffff0f0        0x4 ./Sources/main.o
                0x000000001ffff0f0                velocity_Links
 .bss.velocity_Rechts
                0x000000001ffff0f4        0x4 ./Sources/main.o
                0x000000001ffff0f4                velocity_Rechts
 .bss.DreiLinien
                0x000000001ffff0f8        0x2 ./Sources/main.o
                0x000000001ffff0f8                DreiLinien
 .bss.VierLinien
                0x000000001ffff0fa        0x2 ./Sources/main.o
                0x000000001ffff0fa                VierLinien
 .bss.Start     0x000000001ffff0fc        0x1 ./Sources/main.o
                0x000000001ffff0fc                Start
 .bss.Serial    0x000000001ffff0fd        0x1 ./Sources/main.o
                0x000000001ffff0fd                Serial
 .bss.Serialline
                0x000000001ffff0fe        0x1 ./Sources/main.o
                0x000000001ffff0fe                Serialline
 *fill*         0x000000001ffff0ff        0x1 
 .bss.Programmcounter
                0x000000001ffff100        0x2 ./Sources/main.o
                0x000000001ffff100                Programmcounter
 *fill*         0x000000001ffff102        0x2 
 .bss.DeviceDataPrv__DEFAULT_RTOS_ALLOC
                0x000000001ffff104        0x8 ./Generated_Code/AdcLdd1.o
 .bss.DeviceDataPrv__DEFAULT_RTOS_ALLOC
                0x000000001ffff10c        0x4 ./Generated_Code/BitIoLdd1.o
 .bss.DeviceDataPrv__DEFAULT_RTOS_ALLOC
                0x000000001ffff110        0x4 ./Generated_Code/BitIoLdd2.o
 .bss.DeviceDataPrv__DEFAULT_RTOS_ALLOC
                0x000000001ffff114        0x4 ./Generated_Code/BitIoLdd3.o
 .bss.DeviceDataPrv__DEFAULT_RTOS_ALLOC
                0x000000001ffff118        0x4 ./Generated_Code/BitIoLdd4.o
 .bss.DeviceDataPrv__DEFAULT_RTOS_ALLOC
                0x000000001ffff11c        0x4 ./Generated_Code/BitIoLdd5.o
 .bss.DeviceDataPrv__DEFAULT_RTOS_ALLOC
                0x000000001ffff120        0x4 ./Generated_Code/BitIoLdd6.o
 .bss.DeviceDataPrv__DEFAULT_RTOS_ALLOC
                0x000000001ffff124        0x4 ./Generated_Code/BitIoLdd7.o
 .bss.DeviceDataPrv__DEFAULT_RTOS_ALLOC
                0x000000001ffff128        0x4 ./Generated_Code/BitIoLdd8.o
 .bss.DeviceDataPrv__DEFAULT_RTOS_ALLOC
                0x000000001ffff12c        0x4 ./Generated_Code/BitsIoLdd1.o
 .bss.DeviceDataPrv__DEFAULT_RTOS_ALLOC
                0x000000001ffff130        0x4 ./Generated_Code/BitsIoLdd2.o
 .bss.DeviceDataPrv__DEFAULT_RTOS_ALLOC
                0x000000001ffff134        0x4 ./Generated_Code/BitsIoLdd3.o
 .bss.DeviceDataPrv__DEFAULT_RTOS_ALLOC
                0x000000001ffff138        0x4 ./Generated_Code/BitsIoLdd4.o
 .bss.DeviceDataPrv__DEFAULT_RTOS_ALLOC
                0x000000001ffff13c        0x4 ./Generated_Code/BitsIoLdd5.o
 .bss.DeviceDataPrv__DEFAULT_RTOS_ALLOC
                0x000000001ffff140        0x4 ./Generated_Code/BitsIoLdd6.o
 .bss.SR_lock   0x000000001ffff144        0x1 ./Generated_Code/Cpu.o
                0x000000001ffff144                SR_lock
 *fill*         0x000000001ffff145        0x3 
 .bss.DeviceDataPrv__DEFAULT_RTOS_ALLOC
                0x000000001ffff148        0x4 ./Generated_Code/ExtIntLdd1.o
 .bss.INT_PORTA__DEFAULT_RTOS_ISRPARAM
                0x000000001ffff14c        0x4 ./Generated_Code/ExtIntLdd1.o
 .bss.DeviceDataPrv__DEFAULT_RTOS_ALLOC
                0x000000001ffff150        0x4 ./Generated_Code/ExtIntLdd2.o
 .bss.INT_PORTD__DEFAULT_RTOS_ISRPARAM
                0x000000001ffff154        0x4 ./Generated_Code/ExtIntLdd2.o
 .bss.InpLenS   0x000000001ffff158        0x1 ./Generated_Code/I2C1.o
 .bss.InpPtrRS  0x000000001ffff159        0x1 ./Generated_Code/I2C1.o
 .bss.InpPtrWS  0x000000001ffff15a        0x1 ./Generated_Code/I2C1.o
 *fill*         0x000000001ffff15b        0x1 
 .bss.InpBufferS
                0x000000001ffff15c        0x4 ./Generated_Code/I2C1.o
 .bss.TempBufferReadS
                0x000000001ffff160        0x1 ./Generated_Code/I2C1.o
 .bss.OutLenS   0x000000001ffff161        0x1 ./Generated_Code/I2C1.o
 .bss.OutPtrRS  0x000000001ffff162        0x1 ./Generated_Code/I2C1.o
 .bss.OutPtrWS  0x000000001ffff163        0x1 ./Generated_Code/I2C1.o
 .bss.OutBufferS
                0x000000001ffff164        0x4 ./Generated_Code/I2C1.o
 .bss.I2C1_SerFlag
                0x000000001ffff168        0x1 ./Generated_Code/I2C1.o
 *fill*         0x000000001ffff169        0x3 
 .bss.DeviceDataPrv__DEFAULT_RTOS_ALLOC
                0x000000001ffff16c       0x18 ./Generated_Code/IO1.o
 .bss.DeviceDataPrv__DEFAULT_RTOS_ALLOC
                0x000000001ffff184       0x28 ./Generated_Code/IntI2cLdd1.o
 .bss.INT_I2C0__DEFAULT_RTOS_ISRPARAM
                0x000000001ffff1ac        0x4 ./Generated_Code/IntI2cLdd1.o
 .bss.PE_LDD_DeviceDataList
                0x000000001ffff1b0       0x6c ./Generated_Code/PE_LDD.o
                0x000000001ffff1b0                PE_LDD_DeviceDataList
 .bss.SumChan   0x000000001ffff21c        0x1 ./Generated_Code/Potis.o
 .bss.ModeFlg   0x000000001ffff21d        0x1 ./Generated_Code/Potis.o
 *fill*         0x000000001ffff21e        0x2 
 .bss.SampleGroup
                0x000000001ffff220        0x4 ./Generated_Code/Potis.o
 .bss.WaitForRes
                0x000000001ffff224        0x1 ./Generated_Code/Potis.o
 .bss.OutFlg    0x000000001ffff225        0x1 ./Generated_Code/Potis.o
 *fill*         0x000000001ffff226        0x2 
 .bss.DeviceDataPrv__DEFAULT_RTOS_ALLOC
                0x000000001ffff228        0xc ./Generated_Code/PwmLdd1.o
 .bss.DeviceDataPrv__DEFAULT_RTOS_ALLOC
                0x000000001ffff234        0xc ./Generated_Code/PwmLdd2.o
 .bss.DeviceDataPrv__DEFAULT_RTOS_ALLOC
                0x000000001ffff240        0xc ./Generated_Code/PwmLdd3.o
 .bss.DeviceDataPrv__DEFAULT_RTOS_ALLOC
                0x000000001ffff24c        0xc ./Generated_Code/PwmLdd4.o
 .bss.DeviceDataPrv__DEFAULT_RTOS_ALLOC
                0x000000001ffff258        0xc ./Generated_Code/PwmLdd6.o
 .bss.DeviceDataPrv__DEFAULT_RTOS_ALLOC
                0x000000001ffff264        0xc ./Generated_Code/TU1.o
 .bss.DeviceDataPrv__DEFAULT_RTOS_ALLOC
                0x000000001ffff270        0xc ./Generated_Code/TU2.o
 .bss.DeviceDataPrv__DEFAULT_RTOS_ALLOC
                0x000000001ffff27c        0xc ./Generated_Code/TU3.o
 .bss.INT_TPM2__DEFAULT_RTOS_ISRPARAM
                0x000000001ffff288        0x4 ./Generated_Code/TU3.o
 .bss.__malloc_sbrk_start
                0x000000001ffff28c        0x4 /Applications/KDS_v3.app/Contents/toolchain/bin/../lib/gcc/arm-none-eabi/4.8.4/../../../../arm-none-eabi/lib/armv6-m/libg_s.a(lib_a-nano-mallocr.o)
                0x000000001ffff28c                __malloc_sbrk_start
 .bss.__malloc_free_list
                0x000000001ffff290        0x4 /Applications/KDS_v3.app/Contents/toolchain/bin/../lib/gcc/arm-none-eabi/4.8.4/../../../../arm-none-eabi/lib/armv6-m/libg_s.a(lib_a-nano-mallocr.o)
                0x000000001ffff290                __malloc_free_list
 .bss.heap_end.4246
                0x000000001ffff294        0x4 /Applications/KDS_v3.app/Contents/toolchain/bin/../lib/gcc/arm-none-eabi/4.8.4/../../../../arm-none-eabi/lib/armv6-m/libnosys.a(sbrk.o)
 *(COMMON)
 COMMON         0x000000001ffff298        0x4 ./Sources/Events.o
                0x000000001ffff298                TU3_Pointer
 COMMON         0x000000001ffff29c      0x235 ./Sources/main.o
                0x000000001ffff29c                Pixel_Auswertung
                0x000000001ffff39c                LinienBreite
                0x000000001ffff3a6                Programmtime
                0x000000001ffff3a8                Pixel
                0x000000001ffff4a8                Pixel_Null
                0x000000001ffff4b6                errFlags_rev
                0x000000001ffff4b7                flags_send
                0x000000001ffff4b8                Data
                0x000000001ffff4ba                ret_rev
                0x000000001ffff4bc                PID_d
                0x000000001ffff4c0                data
                0x000000001ffff4c4                value2
                0x000000001ffff4c8                PID_p
                0x000000001ffff4cc                err_rev
                0x000000001ffff4ce                value
                0x000000001ffff4d0                flags_rev
 COMMON         0x000000001ffff4d1        0x1 ./Generated_Code/Cpu.o
                0x000000001ffff4d1                SR_reg
 *fill*         0x000000001ffff4d2        0x2 
 COMMON         0x000000001ffff4d4        0x4 ./Generated_Code/I2C1.o
                0x000000001ffff4d4                IntI2cLdd1_DeviceDataPtr
 COMMON         0x000000001ffff4d8        0xe ./Generated_Code/Potis.o
                0x000000001ffff4d8                CalibrationStatus
                0x000000001ffff4dc                AdcLdd1_DeviceDataPtr
                0x000000001ffff4e0                Potis_OutV
 *fill*         0x000000001ffff4e6        0x2 
 COMMON         0x000000001ffff4e8        0x4 /Applications/KDS_v3.app/Contents/toolchain/bin/../lib/gcc/arm-none-eabi/4.8.4/../../../../arm-none-eabi/lib/armv6-m/libg_s.a(lib_a-reent.o)
                0x000000001ffff4e8                errno
                0x000000001ffff4ec                . = ALIGN (0x4)
                0x000000001ffff4ec                __END_BSS = .
                0x000000001ffff4ec                PROVIDE (__bss_end__, __END_BSS)
                0x000000000000b514                _romp_at = (___ROM_AT + SIZEOF (.data))

.romp           0x000000001ffff4ec       0x18 load address 0x000000000000b514
                0x000000000000b514                __S_romp = _romp_at
                0x000000001ffff4ec        0x4 LONG 0xb464 ___ROM_AT
                0x000000001ffff4f0        0x4 LONG 0x1ffff000 _sdata
                0x000000001ffff4f4        0x4 LONG 0xb0 ___data_size
                0x000000001ffff4f8        0x4 LONG 0x0
                0x000000001ffff4fc        0x4 LONG 0x0
                0x000000001ffff500        0x4 LONG 0x0
                0x0000000000020000                text_end = (ORIGIN (m_text) + 0x1fbf0)
                0x000000000000b52c                data_init_end = ((___ROM_AT + SIZEOF (.data)) + SIZEOF (.romp))
                0x0000000000000001                ASSERT ((data_init_end <= text_end), region m_text overflowed with text and data)

._user_heap_stack
                0x000000001ffff504      0x400 load address 0x000000000000b52c
                0x000000001ffff504                . = ALIGN (0x4)
                0x000000001ffff504                PROVIDE (end, .)
                0x000000001ffff504                PROVIDE (_end, .)
                0x000000001ffff504                PROVIDE (__end__, .)
                0x000000001ffff504                __heap_addr = .
                0x000000001ffff504                __HeapBase = .
                0x000000001ffff504                . = (. + __heap_size)
                0x000000001ffff504                __HeapLimit = .
                0x000000001ffff904                . = (. + __stack_size)
 *fill*         0x000000001ffff504      0x400 
                0x000000001ffff904                . = ALIGN (0x4)

.ARM.attributes
                0x0000000000000000       0x28
 *(.ARM.attributes)
 .ARM.attributes
                0x0000000000000000       0x1e /Applications/KDS_v3.app/Contents/toolchain/bin/../lib/gcc/arm-none-eabi/4.8.4/armv6-m/crti.o
 .ARM.attributes
                0x000000000000001e       0x2c /Applications/KDS_v3.app/Contents/toolchain/bin/../lib/gcc/arm-none-eabi/4.8.4/armv6-m/crtbegin.o
 .ARM.attributes
                0x000000000000004a       0x1b /Applications/KDS_v3.app/Contents/toolchain/bin/../lib/gcc/arm-none-eabi/4.8.4/../../../../arm-none-eabi/lib/armv6-m/crt0.o
 .ARM.attributes
                0x0000000000000065       0x32 ./Sources/Events.o
 .ARM.attributes
                0x0000000000000097       0x32 ./Sources/main.o
 .ARM.attributes
                0x00000000000000c9       0x32 ./Project_Settings/Startup_Code/startup.o
 .ARM.attributes
                0x00000000000000fb       0x32 ./Generated_Code/AdcLdd1.o
 .ARM.attributes
                0x000000000000012d       0x32 ./Generated_Code/BitIoLdd1.o
 .ARM.attributes
                0x000000000000015f       0x32 ./Generated_Code/BitIoLdd2.o
 .ARM.attributes
                0x0000000000000191       0x32 ./Generated_Code/BitIoLdd3.o
 .ARM.attributes
                0x00000000000001c3       0x32 ./Generated_Code/BitIoLdd4.o
 .ARM.attributes
                0x00000000000001f5       0x32 ./Generated_Code/BitIoLdd5.o
 .ARM.attributes
                0x0000000000000227       0x32 ./Generated_Code/BitIoLdd6.o
 .ARM.attributes
                0x0000000000000259       0x32 ./Generated_Code/BitIoLdd7.o
 .ARM.attributes
                0x000000000000028b       0x32 ./Generated_Code/BitIoLdd8.o
 .ARM.attributes
                0x00000000000002bd       0x32 ./Generated_Code/BitsIoLdd1.o
 .ARM.attributes
                0x00000000000002ef       0x32 ./Generated_Code/BitsIoLdd2.o
 .ARM.attributes
                0x0000000000000321       0x32 ./Generated_Code/BitsIoLdd3.o
 .ARM.attributes
                0x0000000000000353       0x32 ./Generated_Code/BitsIoLdd4.o
 .ARM.attributes
                0x0000000000000385       0x32 ./Generated_Code/BitsIoLdd5.o
 .ARM.attributes
                0x00000000000003b7       0x32 ./Generated_Code/BitsIoLdd6.o
 .ARM.attributes
                0x00000000000003e9       0x32 ./Generated_Code/Cpu.o
 .ARM.attributes
                0x000000000000041b       0x32 ./Generated_Code/CsIO1.o
 .ARM.attributes
                0x000000000000044d       0x32 ./Generated_Code/ExtIntLdd1.o
 .ARM.attributes
                0x000000000000047f       0x32 ./Generated_Code/ExtIntLdd2.o
 .ARM.attributes
                0x00000000000004b1       0x32 ./Generated_Code/I2C1.o
 .ARM.attributes
                0x00000000000004e3       0x32 ./Generated_Code/IO1.o
 .ARM.attributes
                0x0000000000000515       0x32 ./Generated_Code/IntI2cLdd1.o
 .ARM.attributes
                0x0000000000000547       0x32 ./Generated_Code/LinksINT.o
 .ARM.attributes
                0x0000000000000579       0x32 ./Generated_Code/PE_LDD.o
 .ARM.attributes
                0x00000000000005ab       0x32 ./Generated_Code/Potis.o
 .ARM.attributes
                0x00000000000005dd       0x32 ./Generated_Code/PwmLdd1.o
 .ARM.attributes
                0x000000000000060f       0x32 ./Generated_Code/PwmLdd2.o
 .ARM.attributes
                0x0000000000000641       0x32 ./Generated_Code/PwmLdd3.o
 .ARM.attributes
                0x0000000000000673       0x32 ./Generated_Code/PwmLdd4.o
 .ARM.attributes
                0x00000000000006a5       0x32 ./Generated_Code/PwmLdd6.o
 .ARM.attributes
                0x00000000000006d7       0x32 ./Generated_Code/RechtsINT.o
 .ARM.attributes
                0x0000000000000709       0x32 ./Generated_Code/TU1.o
 .ARM.attributes
                0x000000000000073b       0x32 ./Generated_Code/TU2.o
 .ARM.attributes
                0x000000000000076d       0x32 ./Generated_Code/TU3.o
 .ARM.attributes
                0x000000000000079f       0x32 ./Generated_Code/Vectors.o
 .ARM.attributes
                0x00000000000007d1       0x32 ./Generated_Code/WAIT1.o
 .ARM.attributes
                0x0000000000000803       0x1e /Applications/KDS_v3.app/Contents/toolchain/bin/../lib/gcc/arm-none-eabi/4.8.4/armv6-m/libgcc.a(_divsi3.o)
 .ARM.attributes
                0x0000000000000821       0x1e /Applications/KDS_v3.app/Contents/toolchain/bin/../lib/gcc/arm-none-eabi/4.8.4/armv6-m/libgcc.a(_dvmd_tls.o)
 .ARM.attributes
                0x000000000000083f       0x1e /Applications/KDS_v3.app/Contents/toolchain/bin/../lib/gcc/arm-none-eabi/4.8.4/armv6-m/libgcc.a(_arm_cmpsf2.o)
 .ARM.attributes
                0x000000000000085d       0x2c /Applications/KDS_v3.app/Contents/toolchain/bin/../lib/gcc/arm-none-eabi/4.8.4/armv6-m/libgcc.a(addsf3.o)
 .ARM.attributes
                0x0000000000000889       0x2c /Applications/KDS_v3.app/Contents/toolchain/bin/../lib/gcc/arm-none-eabi/4.8.4/armv6-m/libgcc.a(divsf3.o)
 .ARM.attributes
                0x00000000000008b5       0x2c /Applications/KDS_v3.app/Contents/toolchain/bin/../lib/gcc/arm-none-eabi/4.8.4/armv6-m/libgcc.a(eqsf2.o)
 .ARM.attributes
                0x00000000000008e1       0x2c /Applications/KDS_v3.app/Contents/toolchain/bin/../lib/gcc/arm-none-eabi/4.8.4/armv6-m/libgcc.a(gesf2.o)
 .ARM.attributes
                0x000000000000090d       0x2c /Applications/KDS_v3.app/Contents/toolchain/bin/../lib/gcc/arm-none-eabi/4.8.4/armv6-m/libgcc.a(lesf2.o)
 .ARM.attributes
                0x0000000000000939       0x2c /Applications/KDS_v3.app/Contents/toolchain/bin/../lib/gcc/arm-none-eabi/4.8.4/armv6-m/libgcc.a(muldf3.o)
 .ARM.attributes
                0x0000000000000965       0x2c /Applications/KDS_v3.app/Contents/toolchain/bin/../lib/gcc/arm-none-eabi/4.8.4/armv6-m/libgcc.a(floatunsidf.o)
 .ARM.attributes
                0x0000000000000991       0x2c /Applications/KDS_v3.app/Contents/toolchain/bin/../lib/gcc/arm-none-eabi/4.8.4/armv6-m/libgcc.a(extendsfdf2.o)
 .ARM.attributes
                0x00000000000009bd       0x2c /Applications/KDS_v3.app/Contents/toolchain/bin/../lib/gcc/arm-none-eabi/4.8.4/armv6-m/libgcc.a(truncdfsf2.o)
 .ARM.attributes
                0x00000000000009e9       0x1e /Applications/KDS_v3.app/Contents/toolchain/bin/../lib/gcc/arm-none-eabi/4.8.4/armv6-m/libgcc.a(_clzsi2.o)
 .ARM.attributes
                0x0000000000000a07       0x2c /Applications/KDS_v3.app/Contents/toolchain/bin/../lib/gcc/arm-none-eabi/4.8.4/../../../../arm-none-eabi/lib/armv6-m/libg_s.a(lib_a-exit.o)
 .ARM.attributes
                0x0000000000000a33       0x2c /Applications/KDS_v3.app/Contents/toolchain/bin/../lib/gcc/arm-none-eabi/4.8.4/../../../../arm-none-eabi/lib/armv6-m/libg_s.a(lib_a-impure.o)
 .ARM.attributes
                0x0000000000000a5f       0x2c /Applications/KDS_v3.app/Contents/toolchain/bin/../lib/gcc/arm-none-eabi/4.8.4/../../../../arm-none-eabi/lib/armv6-m/libg_s.a(lib_a-init.o)
 .ARM.attributes
                0x0000000000000a8b       0x2c /Applications/KDS_v3.app/Contents/toolchain/bin/../lib/gcc/arm-none-eabi/4.8.4/../../../../arm-none-eabi/lib/armv6-m/libg_s.a(lib_a-memset.o)
 .ARM.attributes
                0x0000000000000ab7       0x2c /Applications/KDS_v3.app/Contents/toolchain/bin/../lib/gcc/arm-none-eabi/4.8.4/../../../../arm-none-eabi/lib/armv6-m/libg_s.a(lib_a-printf.o)
 .ARM.attributes
                0x0000000000000ae3       0x2c /Applications/KDS_v3.app/Contents/toolchain/bin/../lib/gcc/arm-none-eabi/4.8.4/../../../../arm-none-eabi/lib/armv6-m/libg_s.a(lib_a-putchar.o)
 .ARM.attributes
                0x0000000000000b0f       0x2c /Applications/KDS_v3.app/Contents/toolchain/bin/../lib/gcc/arm-none-eabi/4.8.4/../../../../arm-none-eabi/lib/armv6-m/libg_s.a(lib_a-puts.o)
 .ARM.attributes
                0x0000000000000b3b       0x2c /Applications/KDS_v3.app/Contents/toolchain/bin/../lib/gcc/arm-none-eabi/4.8.4/../../../../arm-none-eabi/lib/armv6-m/libg_s.a(lib_a-vfprintf.o)
 .ARM.attributes
                0x0000000000000b67       0x2c /Applications/KDS_v3.app/Contents/toolchain/bin/../lib/gcc/arm-none-eabi/4.8.4/../../../../arm-none-eabi/lib/armv6-m/libg_s.a(lib_a-vfprintf_float.o)
 .ARM.attributes
                0x0000000000000b93       0x2c /Applications/KDS_v3.app/Contents/toolchain/bin/../lib/gcc/arm-none-eabi/4.8.4/../../../../arm-none-eabi/lib/armv6-m/libg_s.a(lib_a-vfprintf_i.o)
 .ARM.attributes
                0x0000000000000bbf       0x2c /Applications/KDS_v3.app/Contents/toolchain/bin/../lib/gcc/arm-none-eabi/4.8.4/../../../../arm-none-eabi/lib/armv6-m/libg_s.a(lib_a-vfscanf_float.o)
 .ARM.attributes
                0x0000000000000beb       0x2c /Applications/KDS_v3.app/Contents/toolchain/bin/../lib/gcc/arm-none-eabi/4.8.4/../../../../arm-none-eabi/lib/armv6-m/libg_s.a(lib_a-wbuf.o)
 .ARM.attributes
                0x0000000000000c17       0x2c /Applications/KDS_v3.app/Contents/toolchain/bin/../lib/gcc/arm-none-eabi/4.8.4/../../../../arm-none-eabi/lib/armv6-m/libg_s.a(lib_a-wsetup.o)
 .ARM.attributes
                0x0000000000000c43       0x2c /Applications/KDS_v3.app/Contents/toolchain/bin/../lib/gcc/arm-none-eabi/4.8.4/../../../../arm-none-eabi/lib/armv6-m/libg_s.a(lib_a-dtoa.o)
 .ARM.attributes
                0x0000000000000c6f       0x2c /Applications/KDS_v3.app/Contents/toolchain/bin/../lib/gcc/arm-none-eabi/4.8.4/../../../../arm-none-eabi/lib/armv6-m/libg_s.a(lib_a-fflush.o)
 .ARM.attributes
                0x0000000000000c9b       0x2c /Applications/KDS_v3.app/Contents/toolchain/bin/../lib/gcc/arm-none-eabi/4.8.4/../../../../arm-none-eabi/lib/armv6-m/libg_s.a(lib_a-findfp.o)
 .ARM.attributes
                0x0000000000000cc7       0x2c /Applications/KDS_v3.app/Contents/toolchain/bin/../lib/gcc/arm-none-eabi/4.8.4/../../../../arm-none-eabi/lib/armv6-m/libg_s.a(lib_a-locale.o)
 .ARM.attributes
                0x0000000000000cf3       0x2c /Applications/KDS_v3.app/Contents/toolchain/bin/../lib/gcc/arm-none-eabi/4.8.4/../../../../arm-none-eabi/lib/armv6-m/libg_s.a(lib_a-makebuf.o)
 .ARM.attributes