Archive member included because of file (symbol)

/Applications/KDS_v3.app/Contents/toolchain/bin/../lib/gcc/arm-none-eabi/4.8.4/armv6-m/libgcc.a(_divsi3.o)
                              ./Sources/main.o (__aeabi_idiv)
/Applications/KDS_v3.app/Contents/toolchain/bin/../lib/gcc/arm-none-eabi/4.8.4/armv6-m/libgcc.a(_dvmd_tls.o)
                              /Applications/KDS_v3.app/Contents/toolchain/bin/../lib/gcc/arm-none-eabi/4.8.4/armv6-m/libgcc.a(_divsi3.o) (__aeabi_idiv0)
/Applications/KDS_v3.app/Contents/toolchain/bin/../lib/gcc/arm-none-eabi/4.8.4/armv6-m/libgcc.a(_arm_cmpdf2.o)
                              ./Sources/main.o (__aeabi_dcmplt)
/Applications/KDS_v3.app/Contents/toolchain/bin/../lib/gcc/arm-none-eabi/4.8.4/armv6-m/libgcc.a(_arm_cmpsf2.o)
                              ./Sources/main.o (__aeabi_fcmpeq)
/Applications/KDS_v3.app/Contents/toolchain/bin/../lib/gcc/arm-none-eabi/4.8.4/armv6-m/libgcc.a(_fixunssfsi.o)
                              ./Sources/main.o (__aeabi_f2uiz)
/Applications/KDS_v3.app/Contents/toolchain/bin/../lib/gcc/arm-none-eabi/4.8.4/armv6-m/libgcc.a(addsf3.o)
                              ./Sources/main.o (__aeabi_fadd)
/Applications/KDS_v3.app/Contents/toolchain/bin/../lib/gcc/arm-none-eabi/4.8.4/armv6-m/libgcc.a(divsf3.o)
                              ./Sources/main.o (__aeabi_fdiv)
/Applications/KDS_v3.app/Contents/toolchain/bin/../lib/gcc/arm-none-eabi/4.8.4/armv6-m/libgcc.a(eqsf2.o)
                              /Applications/KDS_v3.app/Contents/toolchain/bin/../lib/gcc/arm-none-eabi/4.8.4/armv6-m/libgcc.a(_arm_cmpsf2.o) (__eqsf2)
/Applications/KDS_v3.app/Contents/toolchain/bin/../lib/gcc/arm-none-eabi/4.8.4/armv6-m/libgcc.a(gesf2.o)
                              /Applications/KDS_v3.app/Contents/toolchain/bin/../lib/gcc/arm-none-eabi/4.8.4/armv6-m/libgcc.a(_arm_cmpsf2.o) (__gesf2)
/Applications/KDS_v3.app/Contents/toolchain/bin/../lib/gcc/arm-none-eabi/4.8.4/armv6-m/libgcc.a(lesf2.o)
                              /Applications/KDS_v3.app/Contents/toolchain/bin/../lib/gcc/arm-none-eabi/4.8.4/armv6-m/libgcc.a(_arm_cmpsf2.o) (__lesf2)
/Applications/KDS_v3.app/Contents/toolchain/bin/../lib/gcc/arm-none-eabi/4.8.4/armv6-m/libgcc.a(mulsf3.o)
                              ./Sources/main.o (__aeabi_fmul)
/Applications/KDS_v3.app/Contents/toolchain/bin/../lib/gcc/arm-none-eabi/4.8.4/armv6-m/libgcc.a(subsf3.o)
                              ./Sources/main.o (__aeabi_fsub)
/Applications/KDS_v3.app/Contents/toolchain/bin/../lib/gcc/arm-none-eabi/4.8.4/armv6-m/libgcc.a(fixsfsi.o)
                              /Applications/KDS_v3.app/Contents/toolchain/bin/../lib/gcc/arm-none-eabi/4.8.4/armv6-m/libgcc.a(_fixunssfsi.o) (__aeabi_f2iz)
/Applications/KDS_v3.app/Contents/toolchain/bin/../lib/gcc/arm-none-eabi/4.8.4/armv6-m/libgcc.a(floatsisf.o)
                              ./Sources/main.o (__aeabi_i2f)
/Applications/KDS_v3.app/Contents/toolchain/bin/../lib/gcc/arm-none-eabi/4.8.4/armv6-m/libgcc.a(adddf3.o)
                              ./Sources/Events.o (__aeabi_dadd)
/Applications/KDS_v3.app/Contents/toolchain/bin/../lib/gcc/arm-none-eabi/4.8.4/armv6-m/libgcc.a(divdf3.o)
                              ./Sources/Events.o (__aeabi_ddiv)
/Applications/KDS_v3.app/Contents/toolchain/bin/../lib/gcc/arm-none-eabi/4.8.4/armv6-m/libgcc.a(eqdf2.o)
                              /Applications/KDS_v3.app/Contents/toolchain/bin/../lib/gcc/arm-none-eabi/4.8.4/armv6-m/libgcc.a(_arm_cmpdf2.o) (__eqdf2)
/Applications/KDS_v3.app/Contents/toolchain/bin/../lib/gcc/arm-none-eabi/4.8.4/armv6-m/libgcc.a(gedf2.o)
                              /Applications/KDS_v3.app/Contents/toolchain/bin/../lib/gcc/arm-none-eabi/4.8.4/armv6-m/libgcc.a(_arm_cmpdf2.o) (__gedf2)
/Applications/KDS_v3.app/Contents/toolchain/bin/../lib/gcc/arm-none-eabi/4.8.4/armv6-m/libgcc.a(ledf2.o)
                              /Applications/KDS_v3.app/Contents/toolchain/bin/../lib/gcc/arm-none-eabi/4.8.4/armv6-m/libgcc.a(_arm_cmpdf2.o) (__ledf2)
/Applications/KDS_v3.app/Contents/toolchain/bin/../lib/gcc/arm-none-eabi/4.8.4/armv6-m/libgcc.a(muldf3.o)
                              ./Sources/Events.o (__aeabi_dmul)
/Applications/KDS_v3.app/Contents/toolchain/bin/../lib/gcc/arm-none-eabi/4.8.4/armv6-m/libgcc.a(floatsidf.o)
                              ./Sources/Events.o (__aeabi_i2d)
/Applications/KDS_v3.app/Contents/toolchain/bin/../lib/gcc/arm-none-eabi/4.8.4/armv6-m/libgcc.a(extendsfdf2.o)
                              ./Sources/Events.o (__aeabi_f2d)
/Applications/KDS_v3.app/Contents/toolchain/bin/../lib/gcc/arm-none-eabi/4.8.4/armv6-m/libgcc.a(truncdfsf2.o)
                              ./Sources/Events.o (__aeabi_d2f)
/Applications/KDS_v3.app/Contents/toolchain/bin/../lib/gcc/arm-none-eabi/4.8.4/armv6-m/libgcc.a(_udivsi3.o)
                              /Applications/KDS_v3.app/Contents/toolchain/bin/../lib/gcc/arm-none-eabi/4.8.4/armv6-m/libgcc.a(divdf3.o) (__aeabi_uidiv)
[...]
Memory Configuration

Name             Origin             Length             Attributes
m_interrupts     0x0000000000000000 0x00000000000000c0 xr
m_text           0x0000000000000410 0x000000000001fbf0 xr
m_data           0x000000001ffff000 0x0000000000004000 rw
m_cfmprotrom     0x0000000000000400 0x0000000000000010 xr
*default*        0x0000000000000000 0xffffffffffffffff

Linker script and memory map

LOAD /Applications/KDS_v3.app/Contents/toolchain/bin/../lib/gcc/arm-none-eabi/4.8.4/armv6-m/crti.o
LOAD /Applications/KDS_v3.app/Contents/toolchain/bin/../lib/gcc/arm-none-eabi/4.8.4/armv6-m/crtbegin.o
LOAD /Applications/KDS_v3.app/Contents/toolchain/bin/../lib/gcc/arm-none-eabi/4.8.4/../../../../arm-none-eabi/lib/armv6-m/crt0.o
LOAD ./Sources/Events.o
LOAD ./Sources/main.o
LOAD ./Project_Settings/Startup_Code/startup.o
LOAD ./Generated_Code/AdcLdd1.o
LOAD ./Generated_Code/BitIoLdd1.o
LOAD ./Generated_Code/BitIoLdd2.o
LOAD ./Generated_Code/BitIoLdd3.o
LOAD ./Generated_Code/BitIoLdd4.o
LOAD ./Generated_Code/BitIoLdd5.o
LOAD ./Generated_Code/BitIoLdd6.o
LOAD ./Generated_Code/BitIoLdd7.o
LOAD ./Generated_Code/BitIoLdd8.o
LOAD ./Generated_Code/BitsIoLdd1.o
LOAD ./Generated_Code/BitsIoLdd2.o
LOAD ./Generated_Code/BitsIoLdd3.o
LOAD ./Generated_Code/BitsIoLdd4.o
LOAD ./Generated_Code/BitsIoLdd5.o
LOAD ./Generated_Code/BitsIoLdd6.o
LOAD ./Generated_Code/CLK.o
LOAD ./Generated_Code/Cpu.o
LOAD ./Generated_Code/CsIO1.o
LOAD ./Generated_Code/EInt1.o
LOAD ./Generated_Code/EN.o
LOAD ./Generated_Code/ExtIntLdd1.o
LOAD ./Generated_Code/FC1.o
LOAD ./Generated_Code/FreeCntrLdd1.o
LOAD ./Generated_Code/I2C1.o
LOAD ./Generated_Code/IO1.o
LOAD ./Generated_Code/IntI2cLdd1.o
LOAD ./Generated_Code/LED1.o
LOAD ./Generated_Code/LED2.o
LOAD ./Generated_Code/LED3.o
LOAD ./Generated_Code/LED4.o
LOAD ./Generated_Code/LEDpin1.o
LOAD ./Generated_Code/LEDpin2.o
LOAD ./Generated_Code/LEDpin3.o
LOAD ./Generated_Code/LEDpin4.o
LOAD ./Generated_Code/LEDpin5.o
LOAD ./Generated_Code/LEDpin6.o
LOAD ./Generated_Code/LEDpin7.o
LOAD ./Generated_Code/MotorLinks.o
LOAD ./Generated_Code/MotorRechts.o
LOAD ./Generated_Code/PE_LDD.o
LOAD ./Generated_Code/Potis.o
LOAD ./Generated_Code/PwmLdd1.o
LOAD ./Generated_Code/PwmLdd2.o
LOAD ./Generated_Code/PwmLdd3.o
LOAD ./Generated_Code/SI.o
LOAD ./Generated_Code/SW1.o
LOAD ./Generated_Code/SW2.o
LOAD ./Generated_Code/SW3.o
LOAD ./Generated_Code/SW4.o
LOAD ./Generated_Code/Send_OK.o
LOAD ./Generated_Code/Servo.o
LOAD ./Generated_Code/TU1.o
LOAD ./Generated_Code/TU2.o
LOAD ./Generated_Code/TU3.o
LOAD ./Generated_Code/TasterA.o
LOAD ./Generated_Code/TasterB.o
LOAD ./Generated_Code/Vectors.o
LOAD ./Generated_Code/WAIT1.o
LOAD /Applications/KDS_v3.app/Contents/toolchain/bin/../lib/gcc/arm-none-eabi/4.8.4/../../../../arm-none-eabi/lib/armv6-m/libstdc++_s.a
LOAD /Applications/KDS_v3.app/Contents/toolchain/bin/../lib/gcc/arm-none-eabi/4.8.4/../../../../arm-none-eabi/lib/armv6-m/libm.a
START GROUP
LOAD /Applications/KDS_v3.app/Contents/toolchain/bin/../lib/gcc/arm-none-eabi/4.8.4/armv6-m/libgcc.a
LOAD /Applications/KDS_v3.app/Contents/toolchain/bin/../lib/gcc/arm-none-eabi/4.8.4/../../../../arm-none-eabi/lib/armv6-m/libg_s.a
LOAD /Applications/KDS_v3.app/Contents/toolchain/bin/../lib/gcc/arm-none-eabi/4.8.4/../../../../arm-none-eabi/lib/armv6-m/libc_s.a
END GROUP
START GROUP
LOAD /Applications/KDS_v3.app/Contents/toolchain/bin/../lib/gcc/arm-none-eabi/4.8.4/armv6-m/libgcc.a
LOAD /Applications/KDS_v3.app/Contents/toolchain/bin/../lib/gcc/arm-none-eabi/4.8.4/../../../../arm-none-eabi/lib/armv6-m/libc_s.a
LOAD /Applications/KDS_v3.app/Contents/toolchain/bin/../lib/gcc/arm-none-eabi/4.8.4/../../../../arm-none-eabi/lib/armv6-m/libnosys.a
END GROUP
START GROUP
LOAD /Applications/KDS_v3.app/Contents/toolchain/bin/../lib/gcc/arm-none-eabi/4.8.4/armv6-m/libgcc.a
LOAD /Applications/KDS_v3.app/Contents/toolchain/bin/../lib/gcc/arm-none-eabi/4.8.4/../../../../arm-none-eabi/lib/armv6-m/libc_s.a
LOAD /Applications/KDS_v3.app/Contents/toolchain/bin/../lib/gcc/arm-none-eabi/4.8.4/../../../../arm-none-eabi/lib/armv6-m/libnosys.a
END GROUP
LOAD /Applications/KDS_v3.app/Contents/toolchain/bin/../lib/gcc/arm-none-eabi/4.8.4/armv6-m/crtend.o
LOAD /Applications/KDS_v3.app/Contents/toolchain/bin/../lib/gcc/arm-none-eabi/4.8.4/armv6-m/crtn.o
                0x0000000020003000                _estack = 0x20003000
                0x0000000020003000                __SP_INIT = _estack
                0x0000000020003000                __stack = _estack
                0x0000000000000000                __heap_size = 0x0
                0x0000000000000400                __stack_size = 0x400

.interrupts     0x0000000000000000       0xc0
                0x0000000000000000                __vector_table = .
                0x0000000000000000                . = ALIGN (0x4)
 *(.vectortable)
 .vectortable   0x0000000000000000       0xc0 ./Generated_Code/Vectors.o
                0x0000000000000000                __vect_table
                0x00000000000000c0                . = ALIGN (0x4)

.cfmprotect     0x0000000000000400       0x10
                0x0000000000000400                . = ALIGN (0x4)
 *(.cfmconfig)
 .cfmconfig     0x0000000000000400       0x10 ./Generated_Code/Cpu.o
                0x0000000000000400                _cfm
                0x0000000000000410                . = ALIGN (0x4)

.text           0x0000000000000410     0xa02c
                0x0000000000000410                . = ALIGN (0x4)
 *(.text)
 .text          0x0000000000000410       0x60 /Applications/KDS_v3.app/Contents/toolchain/bin/../lib/gcc/arm-none-eabi/4.8.4/armv6-m/crtbegin.o
 .text          0x0000000000000470       0x78 /Applications/KDS_v3.app/Contents/toolchain/bin/../lib/gcc/arm-none-eabi/4.8.4/../../../../arm-none-eabi/lib/armv6-m/crt0.o
                0x0000000000000470                _mainCRTStartup
                0x0000000000000470                _start
 .text          0x00000000000004e8       0xc0 /Applications/KDS_v3.app/Contents/toolchain/bin/../lib/gcc/arm-none-eabi/4.8.4/armv6-m/libgcc.a(_divsi3.o)
                0x00000000000004e8                __aeabi_idiv
                0x00000000000004e8                __divsi3
                0x0000000000000594                __aeabi_idivmod
 .text          0x00000000000005a8        0x4 /Applications/KDS_v3.app/Contents/toolchain/bin/../lib/gcc/arm-none-eabi/4.8.4/armv6-m/libgcc.a(_dvmd_tls.o)
                0x00000000000005a8                __aeabi_ldiv0
                0x00000000000005a8                __aeabi_idiv0
 .text          0x00000000000005ac       0x7c /Applications/KDS_v3.app/Contents/toolchain/bin/../lib/gcc/arm-none-eabi/4.8.4/armv6-m/libgcc.a(_arm_cmpdf2.o)
                0x00000000000005ac                __aeabi_cdrcmple
                0x00000000000005bc                __aeabi_cdcmple
                0x00000000000005bc                __aeabi_cdcmpeq
                0x00000000000005cc                __aeabi_dcmpeq
                0x00000000000005d8                __aeabi_dcmplt
                0x00000000000005ec                __aeabi_dcmple
                0x0000000000000600                __aeabi_dcmpgt
                0x0000000000000614                __aeabi_dcmpge
 .text          0x0000000000000628      0x644 /Applications/KDS_v3.app/Contents/toolchain/bin/../lib/gcc/arm-none-eabi/4.8.4/armv6-m/libgcc.a(adddf3.o)
                0x0000000000000628                __aeabi_dadd
 .text          0x0000000000000c6c      0x648 /Applications/KDS_v3.app/Contents/toolchain/bin/../lib/gcc/arm-none-eabi/4.8.4/armv6-m/libgcc.a(divdf3.o)
                0x0000000000000c6c                __aeabi_ddiv
 .text          0x00000000000012b4       0x94 /Applications/KDS_v3.app/Contents/toolchain/bin/../lib/gcc/arm-none-eabi/4.8.4/armv6-m/libgcc.a(eqdf2.o)
                0x00000000000012b4                __eqdf2
                0x00000000000012b4                __nedf2
 .text          0x0000000000001348       0xfc /Applications/KDS_v3.app/Contents/toolchain/bin/../lib/gcc/arm-none-eabi/4.8.4/armv6-m/libgcc.a(gedf2.o)
                0x0000000000001348                __gtdf2
                0x0000000000001348                __gedf2
 .text          0x0000000000001444       0xfc /Applications/KDS_v3.app/Contents/toolchain/bin/../lib/gcc/arm-none-eabi/4.8.4/armv6-m/libgcc.a(ledf2.o)
                0x0000000000001444                __ltdf2
                0x0000000000001444                __ledf2
 .text          0x0000000000001540      0x520 /Applications/KDS_v3.app/Contents/toolchain/bin/../lib/gcc/arm-none-eabi/4.8.4/armv6-m/libgcc.a(muldf3.o)
                0x0000000000001540                __aeabi_dmul
 .text          0x0000000000001a60       0x7c /Applications/KDS_v3.app/Contents/toolchain/bin/../lib/gcc/arm-none-eabi/4.8.4/armv6-m/libgcc.a(floatsidf.o)
                0x0000000000001a60                __aeabi_i2d
 .text          0x0000000000001adc       0xa4 /Applications/KDS_v3.app/Contents/toolchain/bin/../lib/gcc/arm-none-eabi/4.8.4/armv6-m/libgcc.a(extendsfdf2.o)
                0x0000000000001adc                __aeabi_f2d
 .text          0x0000000000001b80      0x118 /Applications/KDS_v3.app/Contents/toolchain/bin/../lib/gcc/arm-none-eabi/4.8.4/armv6-m/libgcc.a(truncdfsf2.o)
                0x0000000000001b80                __aeabi_d2f
 .text          0x0000000000001c98       0x9c /Applications/KDS_v3.app/Contents/toolchain/bin/../lib/gcc/arm-none-eabi/4.8.4/armv6-m/libgcc.a(_udivsi3.o)
                0x0000000000001c98                __udivsi3
                0x0000000000001c98                __aeabi_uidiv
                0x0000000000001d20                __aeabi_uidivmod
 .text          0x0000000000001d34       0x3c /Applications/KDS_v3.app/Contents/toolchain/bin/../lib/gcc/arm-none-eabi/4.8.4/armv6-m/libgcc.a(_clzsi2.o)
                0x0000000000001d34                __clzsi2
 .text          0x0000000000001d70       0x14 /Applications/KDS_v3.app/Contents/toolchain/bin/../lib/gcc/arm-none-eabi/4.8.4/armv6-m/libgcc.a(_thumb1_case_uqi.o)
                0x0000000000001d70                __gnu_thumb1_case_uqi
 *fill*         0x0000000000001d84        0x4 
 .text          0x0000000000001d88       0x40 /Applications/KDS_v3.app/Contents/toolchain/bin/../lib/gcc/arm-none-eabi/4.8.4/armv6-m/libgcc.a(_fixunsdfsi.o)
                0x0000000000001d88                __fixunsdfsi
                0x0000000000001d88                __aeabi_d2uiz
 .text          0x0000000000001dc8      0x668 /Applications/KDS_v3.app/Contents/toolchain/bin/../lib/gcc/arm-none-eabi/4.8.4/armv6-m/libgcc.a(subdf3.o)
                0x0000000000001dc8                __aeabi_dsub
 .text          0x0000000000002430       0x68 /Applications/KDS_v3.app/Contents/toolchain/bin/../lib/gcc/arm-none-eabi/4.8.4/armv6-m/libgcc.a(fixdfsi.o)
                0x0000000000002430                __aeabi_d2iz
 .text          0x0000000000002498       0x68 /Applications/KDS_v3.app/Contents/toolchain/bin/../lib/gcc/arm-none-eabi/4.8.4/armv6-m/libgcc.a(floatunsidf.o)
                0x0000000000002498                __aeabi_ui2d
 *(.text*)
 .text.Cpu_OnNMIINT
                0x0000000000002500        0x8 ./Sources/Events.o
                0x0000000000002500                Cpu_OnNMIINT
 .text.EInt1_OnInterrupt
                0x0000000000002508      0x1f8 ./Sources/Events.o
                0x0000000000002508                EInt1_OnInterrupt
 .text.FC1_OnInterrupt
                0x0000000000002700       0x18 ./Sources/Events.o
                0x0000000000002700                FC1_OnInterrupt
 .text.I2C1_OnReceiveData
                0x0000000000002718        0x8 ./Sources/Events.o
                0x0000000000002718                I2C1_OnReceiveData
 .text.I2C1_OnTransmitData
                0x0000000000002720       0x2c ./Sources/Events.o
                0x0000000000002720                I2C1_OnTransmitData
 .text.I2C1_OnRxChar
                0x000000000000274c        0x8 ./Sources/Events.o
                0x000000000000274c                I2C1_OnRxChar
 .text.I2C1_OnTxChar
                0x0000000000002754        0x8 ./Sources/Events.o
                0x0000000000002754                I2C1_OnTxChar
 .text.I2C1_OnFullRxBuf
                0x000000000000275c       0x14 ./Sources/Events.o
                0x000000000000275c                I2C1_OnFullRxBuf
 .text.I2C1_OnError
                0x0000000000002770       0x14 ./Sources/Events.o
                0x0000000000002770                I2C1_OnError
 .text.map      0x0000000000002784       0x3c ./Sources/main.o
                0x0000000000002784                map
 .text.counter  0x00000000000027c0       0xa0 ./Sources/main.o
                0x00000000000027c0                counter
 .text.char_int
                0x0000000000002860       0xa0 ./Sources/main.o
                0x0000000000002860                char_int
 .text.Cal_Angle
                0x0000000000002900       0x30 ./Sources/main.o
                0x0000000000002900                Cal_Angle
 .text.Rec      0x0000000000002930      0x1b0 ./Sources/main.o
                0x0000000000002930                Rec
 .text.main     0x0000000000002ae0      0x388 ./Sources/main.o
                0x0000000000002ae0                main
 .text.__copy_rom_section
                0x0000000000002e68       0xd8 ./Project_Settings/Startup_Code/startup.o
                0x0000000000002e68                __copy_rom_section
 .text.__copy_rom_sections_to_ram
                0x0000000000002f40       0x98 ./Project_Settings/Startup_Code/startup.o
                0x0000000000002f40                __copy_rom_sections_to_ram
 .text.__init_registers
                0x0000000000002fd8        0x8 ./Project_Settings/Startup_Code/startup.o
                0x0000000000002fd8                __init_registers
 .text.__init_user
                0x0000000000002fe0        0x8 ./Project_Settings/Startup_Code/startup.o
                0x0000000000002fe0                __init_user
 .text.__thumb_startup
                0x0000000000002fe8       0x30 ./Project_Settings/Startup_Code/startup.o
                0x0000000000002fe8                __thumb_startup
 .text.AdcLdd1_Init
                0x0000000000003018       0xac ./Generated_Code/AdcLdd1.o
                0x0000000000003018                AdcLdd1_Init
 .text.AdcLdd1_StartSingleMeasurement
                0x00000000000030c4       0x44 ./Generated_Code/AdcLdd1.o
                0x00000000000030c4                AdcLdd1_StartSingleMeasurement
 .text.AdcLdd1_CancelMeasurement
                0x0000000000003108       0x28 ./Generated_Code/AdcLdd1.o
                0x0000000000003108                AdcLdd1_CancelMeasurement
 .text.AdcLdd1_CreateSampleGroup
                0x0000000000003130       0x68 ./Generated_Code/AdcLdd1.o
                0x0000000000003130                AdcLdd1_CreateSampleGroup
 .text.AdcLdd1_GetMeasuredValues
                0x0000000000003198       0x60 ./Generated_Code/AdcLdd1.o
                0x0000000000003198                AdcLdd1_GetMeasuredValues
 .text.AdcLdd1_GetMeasurementCompleteStatus
                0x00000000000031f8       0x30 ./Generated_Code/AdcLdd1.o
                0x00000000000031f8                AdcLdd1_GetMeasurementCompleteStatus
 .text.BitIoLdd1_Init
                0x0000000000003228       0x68 ./Generated_Code/BitIoLdd1.o
                0x0000000000003228                BitIoLdd1_Init
 .text.BitIoLdd1_ClrVal
                0x0000000000003290       0x1c ./Generated_Code/BitIoLdd1.o
                0x0000000000003290                BitIoLdd1_ClrVal
 .text.BitIoLdd1_SetVal
                0x00000000000032ac       0x1c ./Generated_Code/BitIoLdd1.o
                0x00000000000032ac                BitIoLdd1_SetVal
 .text.BitIoLdd2_Init
                0x00000000000032c8       0x68 ./Generated_Code/BitIoLdd2.o
                0x00000000000032c8                BitIoLdd2_Init
 .text.BitIoLdd2_ClrVal
                0x0000000000003330       0x1c ./Generated_Code/BitIoLdd2.o
                0x0000000000003330                BitIoLdd2_ClrVal
 .text.BitIoLdd2_SetVal
                0x000000000000334c       0x1c ./Generated_Code/BitIoLdd2.o
                0x000000000000334c                BitIoLdd2_SetVal
 .text.BitIoLdd3_Init
                0x0000000000003368       0x68 ./Generated_Code/BitIoLdd3.o
                0x0000000000003368                BitIoLdd3_Init
 .text.BitIoLdd3_ClrVal
                0x00000000000033d0       0x1c ./Generated_Code/BitIoLdd3.o
                0x00000000000033d0                BitIoLdd3_ClrVal
 .text.BitIoLdd3_SetVal
                0x00000000000033ec       0x1c ./Generated_Code/BitIoLdd3.o
                0x00000000000033ec                BitIoLdd3_SetVal
 .text.BitIoLdd4_Init
                0x0000000000003408       0x68 ./Generated_Code/BitIoLdd4.o
                0x0000000000003408                BitIoLdd4_Init
 .text.BitIoLdd4_ClrVal
                0x0000000000003470       0x1c ./Generated_Code/BitIoLdd4.o
                0x0000000000003470                BitIoLdd4_ClrVal
 .text.BitIoLdd5_Init
                0x000000000000348c       0x68 ./Generated_Code/BitIoLdd5.o
                0x000000000000348c                BitIoLdd5_Init
 .text.BitIoLdd5_ClrVal
                0x00000000000034f4       0x1c ./Generated_Code/BitIoLdd5.o
                0x00000000000034f4                BitIoLdd5_ClrVal
 .text.BitIoLdd6_Init
                0x0000000000003510       0x60 ./Generated_Code/BitIoLdd6.o
                0x0000000000003510                BitIoLdd6_Init
 .text.BitIoLdd6_ClrVal
                0x0000000000003570       0x18 ./Generated_Code/BitIoLdd6.o
                0x0000000000003570                BitIoLdd6_ClrVal
 .text.BitIoLdd7_Init
                0x0000000000003588       0x68 ./Generated_Code/BitIoLdd7.o
                0x0000000000003588                BitIoLdd7_Init
 .text.BitIoLdd7_ClrVal
                0x00000000000035f0       0x1c ./Generated_Code/BitIoLdd7.o
                0x00000000000035f0                BitIoLdd7_ClrVal
 .text.BitIoLdd7_SetVal
                0x000000000000360c       0x1c ./Generated_Code/BitIoLdd7.o
                0x000000000000360c                BitIoLdd7_SetVal
 .text.BitIoLdd8_Init
                0x0000000000003628       0x60 ./Generated_Code/BitIoLdd8.o
                0x0000000000003628                BitIoLdd8_Init
 .text.BitsIoLdd1_Init
                0x0000000000003688       0x54 ./Generated_Code/BitsIoLdd1.o
                0x0000000000003688                BitsIoLdd1_Init
 .text.BitsIoLdd1_GetVal
                0x00000000000036dc       0x24 ./Generated_Code/BitsIoLdd1.o
                0x00000000000036dc                BitsIoLdd1_GetVal
 .text.BitsIoLdd2_Init
                0x0000000000003700       0x54 ./Generated_Code/BitsIoLdd2.o
                0x0000000000003700                BitsIoLdd2_Init
 .text.BitsIoLdd2_GetVal
                0x0000000000003754       0x24 ./Generated_Code/BitsIoLdd2.o
                0x0000000000003754                BitsIoLdd2_GetVal
 .text.BitsIoLdd3_Init
                0x0000000000003778       0x54 ./Generated_Code/BitsIoLdd3.o
                0x0000000000003778                BitsIoLdd3_Init
 .text.BitsIoLdd3_GetVal
                0x00000000000037cc       0x24 ./Generated_Code/BitsIoLdd3.o
                0x00000000000037cc                BitsIoLdd3_GetVal
 .text.BitsIoLdd4_Init
                0x00000000000037f0       0x54 ./Generated_Code/BitsIoLdd4.o
                0x00000000000037f0                BitsIoLdd4_Init
 .text.BitsIoLdd4_GetVal
                0x0000000000003844       0x24 ./Generated_Code/BitsIoLdd4.o
                0x0000000000003844                BitsIoLdd4_GetVal
 .text.BitsIoLdd5_Init
                0x0000000000003868       0x58 ./Generated_Code/BitsIoLdd5.o
                0x0000000000003868                BitsIoLdd5_Init
 .text.BitsIoLdd5_GetVal
                0x00000000000038c0       0x24 ./Generated_Code/BitsIoLdd5.o
                0x00000000000038c0                BitsIoLdd5_GetVal
 .text.BitsIoLdd6_Init
                0x00000000000038e4       0x58 ./Generated_Code/BitsIoLdd6.o
                0x00000000000038e4                BitsIoLdd6_Init
 .text.BitsIoLdd6_GetVal
                0x000000000000393c       0x24 ./Generated_Code/BitsIoLdd6.o
                0x000000000000393c                BitsIoLdd6_GetVal
 .text.Cpu_INT_NMIInterrupt
                0x0000000000003960        0xc ./Generated_Code/Cpu.o
                0x0000000000003960                Cpu_INT_NMIInterrupt
 .text.Cpu_Interrupt
                0x000000000000396c        0xc ./Generated_Code/Cpu.o
                0x000000000000396c                Cpu_Interrupt
 .text.__init_hardware
                0x0000000000003978      0x120 ./Generated_Code/Cpu.o
                0x0000000000003978                __init_hardware
 .text.PE_low_level_init
                0x0000000000003a98      0x1a4 ./Generated_Code/Cpu.o
                0x0000000000003a98                PE_low_level_init
 .text._read    0x0000000000003c3c       0x80 ./Generated_Code/CsIO1.o
                0x0000000000003c3c                _read
 .text._write   0x0000000000003cbc       0x70 ./Generated_Code/CsIO1.o
                0x0000000000003cbc                _write
 .text.ExtIntLdd1_OnInterrupt
                0x0000000000003d2c       0x14 ./Generated_Code/EInt1.o
                0x0000000000003d2c                ExtIntLdd1_OnInterrupt
 .text.ExtIntLdd1_Init
                0x0000000000003d40       0x8c ./Generated_Code/ExtIntLdd1.o
                0x0000000000003d40                ExtIntLdd1_Init
 .text.ExtIntLdd1_Enable
                0x0000000000003dcc       0x38 ./Generated_Code/ExtIntLdd1.o
                0x0000000000003dcc                ExtIntLdd1_Enable
 .text.ExtIntLdd1_Disable
                0x0000000000003e04       0x24 ./Generated_Code/ExtIntLdd1.o
                0x0000000000003e04                ExtIntLdd1_Disable
 .text.ExtIntLdd1_Interrupt
                0x0000000000003e28       0x34 ./Generated_Code/ExtIntLdd1.o
                0x0000000000003e28                ExtIntLdd1_Interrupt
 .text.FC1_GetCounterValue
                0x0000000000003e5c       0x28 ./Generated_Code/FC1.o
                0x0000000000003e5c                FC1_GetCounterValue
 .text.FreeCntrLdd1_OnInterrupt
                0x0000000000003e84       0x14 ./Generated_Code/FC1.o
                0x0000000000003e84                FreeCntrLdd1_OnInterrupt
 .text.FreeCntrLdd1_Init
                0x0000000000003e98       0x50 ./Generated_Code/FreeCntrLdd1.o
                0x0000000000003e98                FreeCntrLdd1_Init
 .text.FreeCntrLdd1_Enable
                0x0000000000003ee8       0x30 ./Generated_Code/FreeCntrLdd1.o
                0x0000000000003ee8                FreeCntrLdd1_Enable
 .text.FreeCntrLdd1_Disable
                0x0000000000003f18       0x30 ./Generated_Code/FreeCntrLdd1.o
                0x0000000000003f18                FreeCntrLdd1_Disable
 .text.FreeCntrLdd1_GetCounterValue
                0x0000000000003f48       0x20 ./Generated_Code/FreeCntrLdd1.o
                0x0000000000003f48                FreeCntrLdd1_GetCounterValue
 .text.FreeCntrLdd1_ResetCounter
                0x0000000000003f68       0x20 ./Generated_Code/FreeCntrLdd1.o
                0x0000000000003f68                FreeCntrLdd1_ResetCounter
 .text.TU3_OnChannel0
                0x0000000000003f88       0x24 ./Generated_Code/FreeCntrLdd1.o
                0x0000000000003f88                TU3_OnChannel0
 .text.I2C1_RecvBlock
                0x0000000000003fac      0x214 ./Generated_Code/I2C1.o
                0x0000000000003fac                I2C1_RecvBlock
 .text.I2C1_ClearRxBuf
                0x00000000000041c0       0x8c ./Generated_Code/I2C1.o
                0x00000000000041c0                I2C1_ClearRxBuf
 .text.I2C1_Init
                0x000000000000424c       0x74 ./Generated_Code/I2C1.o
                0x000000000000424c                I2C1_Init
 .text.IntI2cLdd1_OnMasterBlockSent
                0x00000000000042c0       0x14 ./Generated_Code/I2C1.o
                0x00000000000042c0                IntI2cLdd1_OnMasterBlockSent
 .text.IntI2cLdd1_OnMasterBlockReceived
                0x00000000000042d4       0x14 ./Generated_Code/I2C1.o
                0x00000000000042d4                IntI2cLdd1_OnMasterBlockReceived
 .text.IntI2cLdd1_OnSlaveBlockSent
                0x00000000000042e8       0x70 ./Generated_Code/I2C1.o
                0x00000000000042e8                IntI2cLdd1_OnSlaveBlockSent
 .text.IntI2cLdd1_OnSlaveBlockReceived
                0x0000000000004358       0xf0 ./Generated_Code/I2C1.o
                0x0000000000004358                IntI2cLdd1_OnSlaveBlockReceived
 .text.IO1_Init
                0x0000000000004448      0x160 ./Generated_Code/IO1.o
                0x0000000000004448                IO1_Init
 .text.IntI2cLdd1_Interrupt
                0x00000000000045a8      0x434 ./Generated_Code/IntI2cLdd1.o
                0x00000000000045a8                IntI2cLdd1_Interrupt
 .text.IntI2cLdd1_Init
                0x00000000000049dc      0x134 ./Generated_Code/IntI2cLdd1.o
                0x00000000000049dc                IntI2cLdd1_Init
 .text.IntI2cLdd1_MasterReceiveBlock
                0x0000000000004b10      0x19c ./Generated_Code/IntI2cLdd1.o
                0x0000000000004b10                IntI2cLdd1_MasterReceiveBlock
 .text.IntI2cLdd1_SlaveSendBlock
                0x0000000000004cac       0x98 ./Generated_Code/IntI2cLdd1.o
                0x0000000000004cac                IntI2cLdd1_SlaveSendBlock
 .text.IntI2cLdd1_SlaveReceiveBlock
                0x0000000000004d44       0x98 ./Generated_Code/IntI2cLdd1.o
                0x0000000000004d44                IntI2cLdd1_SlaveReceiveBlock
 .text.Potis_MainMeasure
                0x0000000000004ddc      0x120 ./Generated_Code/Potis.o
 .text.Potis_HWEnDi
                0x0000000000004efc       0x68 ./Generated_Code/Potis.o
                0x0000000000004efc                Potis_HWEnDi
 .text.Potis_MeasureChan
                0x0000000000004f64       0x5c ./Generated_Code/Potis.o
                0x0000000000004f64                Potis_MeasureChan
 .text.Potis_GetChanValue16
                0x0000000000004fc0       0xd0 ./Generated_Code/Potis.o
                0x0000000000004fc0                Potis_GetChanValue16
 .text.Potis_Init
                0x0000000000005090       0x2c ./Generated_Code/Potis.o
                0x0000000000005090                Potis_Init
 .text.PwmLdd1_Init
                0x00000000000050bc       0x54 ./Generated_Code/PwmLdd1.o
                0x00000000000050bc                PwmLdd1_Init
 .text.PwmLdd1_Enable
                0x0000000000005110       0x30 ./Generated_Code/PwmLdd1.o
                0x0000000000005110                PwmLdd1_Enable
 .text.PwmLdd1_SetRatio16
                0x0000000000005140       0x2c ./Generated_Code/PwmLdd1.o
                0x0000000000005140                PwmLdd1_SetRatio16
 .text.SetRatio
                0x000000000000516c       0x68 ./Generated_Code/PwmLdd1.o
 .text.PwmLdd2_Init
                0x00000000000051d4       0x54 ./Generated_Code/PwmLdd2.o
                0x00000000000051d4                PwmLdd2_Init
 .text.PwmLdd2_Enable
                0x0000000000005228       0x30 ./Generated_Code/PwmLdd2.o
                0x0000000000005228                PwmLdd2_Enable
 .text.PwmLdd2_SetRatio16
                0x0000000000005258       0x2c ./Generated_Code/PwmLdd2.o
                0x0000000000005258                PwmLdd2_SetRatio16
 .text.SetRatio
                0x0000000000005284       0x68 ./Generated_Code/PwmLdd2.o
 .text.PwmLdd3_Init
                0x00000000000052ec       0x54 ./Generated_Code/PwmLdd3.o
                0x00000000000052ec                PwmLdd3_Init
 .text.PwmLdd3_Enable
                0x0000000000005340       0x30 ./Generated_Code/PwmLdd3.o
                0x0000000000005340                PwmLdd3_Enable
 .text.PwmLdd3_SetRatio16
                0x0000000000005370       0x2c ./Generated_Code/PwmLdd3.o
                0x0000000000005370                PwmLdd3_SetRatio16
 .text.SetRatio
                0x000000000000539c       0x68 ./Generated_Code/PwmLdd3.o
 .text.TU1_Init
                0x0000000000005404       0xc8 ./Generated_Code/TU1.o
                0x0000000000005404                TU1_Init
 .text.TU1_Enable
                0x00000000000054cc       0x30 ./Generated_Code/TU1.o
                0x00000000000054cc                TU1_Enable
 .text.TU1_GetPeriodTicks
                0x00000000000054fc       0x3c ./Generated_Code/TU1.o
                0x00000000000054fc                TU1_GetPeriodTicks
 .text.TU1_SetOffsetTicks
                0x0000000000005538       0x44 ./Generated_Code/TU1.o
                0x0000000000005538                TU1_SetOffsetTicks
 .text.TU2_Init
                0x000000000000557c      0x108 ./Generated_Code/TU2.o
                0x000000000000557c                TU2_Init
 .text.TU2_Enable
                0x0000000000005684       0x30 ./Generated_Code/TU2.o
                0x0000000000005684                TU2_Enable
 .text.TU2_GetPeriodTicks
                0x00000000000056b4       0x3c ./Generated_Code/TU2.o
                0x00000000000056b4                TU2_GetPeriodTicks
 .text.TU2_SetOffsetTicks
                0x00000000000056f0       0x58 ./Generated_Code/TU2.o
                0x00000000000056f0                TU2_SetOffsetTicks
 .text.TU3_Init
                0x0000000000005748       0xe4 ./Generated_Code/TU3.o
                0x0000000000005748                TU3_Init
 .text.TU3_Enable
                0x000000000000582c       0x30 ./Generated_Code/TU3.o
                0x000000000000582c                TU3_Enable
 .text.TU3_Disable
                0x000000000000585c       0x24 ./Generated_Code/TU3.o
                0x000000000000585c                TU3_Disable
 .text.TU3_ResetCounter
                0x0000000000005880       0x1c ./Generated_Code/TU3.o
                0x0000000000005880                TU3_ResetCounter
 .text.TU3_GetCounterValue
                0x000000000000589c       0x1c ./Generated_Code/TU3.o
                0x000000000000589c                TU3_GetCounterValue
 .text.TU3_Interrupt
                0x00000000000058b8       0x74 ./Generated_Code/TU3.o
                0x00000000000058b8                TU3_Interrupt
 .text.exit     0x000000000000592c       0x2c /Applications/KDS_v3.app/Contents/toolchain/bin/../lib/gcc/arm-none-eabi/4.8.4/../../../../arm-none-eabi/lib/armv6-m/libg_s.a(lib_a-exit.o)
                0x000000000000592c                exit
 .text.__libc_init_array
                0x0000000000005958       0x4c /Applications/KDS_v3.app/Contents/toolchain/bin/../lib/gcc/arm-none-eabi/4.8.4/../../../../arm-none-eabi/lib/armv6-m/libg_s.a(lib_a-init.o)
                0x0000000000005958                __libc_init_array
 .text.memset   0x00000000000059a4       0x10 /Applications/KDS_v3.app/Contents/toolchain/bin/../lib/gcc/arm-none-eabi/4.8.4/../../../../arm-none-eabi/lib/armv6-m/libg_s.a(lib_a-memset.o)
                0x00000000000059a4                memset
 .text.printf   0x00000000000059b4       0x34 /Applications/KDS_v3.app/Contents/toolchain/bin/../lib/gcc/arm-none-eabi/4.8.4/../../../../arm-none-eabi/lib/armv6-m/libg_s.a(lib_a-printf.o)
                0x00000000000059b4                printf
                0x00000000000059b4                iprintf
 .text._puts_r  0x00000000000059e8       0xc2 /Applications/KDS_v3.app/Contents/toolchain/bin/../lib/gcc/arm-none-eabi/4.8.4/../../../../arm-none-eabi/lib/armv6-m/libg_s.a(lib_a-puts.o)
                0x00000000000059e8                _puts_r
 *fill*         0x0000000000005aaa        0x2 
 .text.puts     0x0000000000005aac       0x14 /Applications/KDS_v3.app/Contents/toolchain/bin/../lib/gcc/arm-none-eabi/4.8.4/../../../../arm-none-eabi/lib/armv6-m/libg_s.a(lib_a-puts.o)
                0x0000000000005aac                puts
 .text.__sfputc_r
                0x0000000000005ac0       0x2a /Applications/KDS_v3.app/Contents/toolchain/bin/../lib/gcc/arm-none-eabi/4.8.4/../../../../arm-none-eabi/lib/armv6-m/libg_s.a(lib_a-vfprintf.o)
 .text.__sfputs_r
                0x0000000000005aea       0x24 /Applications/KDS_v3.app/Contents/toolchain/bin/../lib/gcc/arm-none-eabi/4.8.4/../../../../arm-none-eabi/lib/armv6-m/libg_s.a(lib_a-vfprintf.o)
                0x0000000000005aea                __sfputs_r
 *fill*         0x0000000000005b0e        0x2 
 .text._vfprintf_r
                0x0000000000005b10      0x210 /Applications/KDS_v3.app/Contents/toolchain/bin/../lib/gcc/arm-none-eabi/4.8.4/../../../../arm-none-eabi/lib/armv6-m/libg_s.a(lib_a-vfprintf.o)
                0x0000000000005b10                _vfiprintf_r
                0x0000000000005b10                _vfprintf_r
 .text.__cvt    0x0000000000005d20       0xd0 /Applications/KDS_v3.app/Contents/toolchain/bin/../lib/gcc/arm-none-eabi/4.8.4/../../../../arm-none-eabi/lib/armv6-m/libg_s.a(lib_a-vfprintf_float.o)
                0x0000000000005d20                __cvt
 .text.__exponent
                0x0000000000005df0       0x6a /Applications/KDS_v3.app/Contents/toolchain/bin/../lib/gcc/arm-none-eabi/4.8.4/../../../../arm-none-eabi/lib/armv6-m/libg_s.a(lib_a-vfprintf_float.o)
                0x0000000000005df0                __exponent
 *fill*         0x0000000000005e5a        0x6 
 .text._printf_float
                0x0000000000005e60      0x458 /Applications/KDS_v3.app/Contents/toolchain/bin/../lib/gcc/arm-none-eabi/4.8.4/../../../../arm-none-eabi/lib/armv6-m/libg_s.a(lib_a-vfprintf_float.o)
                0x0000000000005e60                _printf_float
 .text._printf_common
                0x00000000000062b8       0xe8 /Applications/KDS_v3.app/Contents/toolchain/bin/../lib/gcc/arm-none-eabi/4.8.4/../../../../arm-none-eabi/lib/armv6-m/libg_s.a(lib_a-vfprintf_i.o)
                0x00000000000062b8                _printf_common
 .text._printf_i
                0x00000000000063a0      0x22c /Applications/KDS_v3.app/Contents/toolchain/bin/../lib/gcc/arm-none-eabi/4.8.4/../../../../arm-none-eabi/lib/armv6-m/libg_s.a(lib_a-vfprintf_i.o)
                0x00000000000063a0                _printf_i
 .text._scanf_float
                0x00000000000065cc      0x3e0 /Applications/KDS_v3.app/Contents/toolchain/bin/../lib/gcc/arm-none-eabi/4.8.4/../../../../arm-none-eabi/lib/armv6-m/libg_s.a(lib_a-vfscanf_float.o)
                0x00000000000065cc                _scanf_float
 .text.__swbuf_r
                0x00000000000069ac       0xb0 /Applications/KDS_v3.app/Contents/toolchain/bin/../lib/gcc/arm-none-eabi/4.8.4/../../../../arm-none-eabi/lib/armv6-m/libg_s.a(lib_a-wbuf.o)
                0x00000000000069ac                __swbuf_r
 .text.__swsetup_r
                0x0000000000006a5c       0xe4 /Applications/KDS_v3.app/Contents/toolchain/bin/../lib/gcc/arm-none-eabi/4.8.4/../../../../arm-none-eabi/lib/armv6-m/libg_s.a(lib_a-wsetup.o)
                0x0000000000006a5c                __swsetup_r
 .text.quorem   0x0000000000006b40      0x118 /Applications/KDS_v3.app/Contents/toolchain/bin/../lib/gcc/arm-none-eabi/4.8.4/../../../../arm-none-eabi/lib/armv6-m/libg_s.a(lib_a-dtoa.o)
 .text._dtoa_r  0x0000000000006c58      0xbb8 /Applications/KDS_v3.app/Contents/toolchain/bin/../lib/gcc/arm-none-eabi/4.8.4/../../../../arm-none-eabi/lib/armv6-m/libg_s.a(lib_a-dtoa.o)
                0x0000000000006c58                _dtoa_r
 .text.__sflush_r
                0x0000000000007810      0x112 /Applications/KDS_v3.app/Contents/toolchain/bin/../lib/gcc/arm-none-eabi/4.8.4/../../../../arm-none-eabi/lib/armv6-m/libg_s.a(lib_a-fflush.o)
                0x0000000000007810                __sflush_r
 *fill*         0x0000000000007922        0x2 
 .text._fflush_r
                0x0000000000007924       0x58 /Applications/KDS_v3.app/Contents/toolchain/bin/../lib/gcc/arm-none-eabi/4.8.4/../../../../arm-none-eabi/lib/armv6-m/libg_s.a(lib_a-fflush.o)
                0x0000000000007924                _fflush_r
 .text._cleanup_r
                0x000000000000797c       0x34 /Applications/KDS_v3.app/Contents/toolchain/bin/../lib/gcc/arm-none-eabi/4.8.4/../../../../arm-none-eabi/lib/armv6-m/libg_s.a(lib_a-findfp.o)
                0x000000000000797c                _cleanup_r
 .text.std.isra.0
                0x00000000000079b0       0x48 /Applications/KDS_v3.app/Contents/toolchain/bin/../lib/gcc/arm-none-eabi/4.8.4/../../../../arm-none-eabi/lib/armv6-m/libg_s.a(lib_a-findfp.o)
 .text.__sfmoreglue
                0x00000000000079f8       0x2c /Applications/KDS_v3.app/Contents/toolchain/bin/../lib/gcc/arm-none-eabi/4.8.4/../../../../arm-none-eabi/lib/armv6-m/libg_s.a(lib_a-findfp.o)
                0x00000000000079f8                __sfmoreglue
 .text.__sinit  0x0000000000007a24       0x64 /Applications/KDS_v3.app/Contents/toolchain/bin/../lib/gcc/arm-none-eabi/4.8.4/../../../../arm-none-eabi/lib/armv6-m/libg_s.a(lib_a-findfp.o)
                0x0000000000007a24                __sinit
 .text.__sfp    0x0000000000007a88       0x7c /Applications/KDS_v3.app/Contents/toolchain/bin/../lib/gcc/arm-none-eabi/4.8.4/../../../../arm-none-eabi/lib/armv6-m/libg_s.a(lib_a-findfp.o)
                0x0000000000007a88                __sfp
 .text._localeconv_r
                0x0000000000007b04        0x8 /Applications/KDS_v3.app/Contents/toolchain/bin/../lib/gcc/arm-none-eabi/4.8.4/../../../../arm-none-eabi/lib/armv6-m/libg_s.a(lib_a-locale.o)
                0x0000000000007b04                _localeconv_r
 .text.__smakebuf_r
                0x0000000000007b0c       0xa0 /Applications/KDS_v3.app/Contents/toolchain/bin/../lib/gcc/arm-none-eabi/4.8.4/../../../../arm-none-eabi/lib/armv6-m/libg_s.a(lib_a-makebuf.o)
                0x0000000000007b0c                __smakebuf_r
 .text.malloc   0x0000000000007bac       0x14 /Applications/KDS_v3.app/Contents/toolchain/bin/../lib/gcc/arm-none-eabi/4.8.4/../../../../arm-none-eabi/lib/armv6-m/libg_s.a(lib_a-malloc.o)
                0x0000000000007bac                malloc
 .text.memchr   0x0000000000007bc0       0x16 /Applications/KDS_v3.app/Contents/toolchain/bin/../lib/gcc/arm-none-eabi/4.8.4/../../../../arm-none-eabi/lib/armv6-m/libg_s.a(lib_a-memchr-stub.o)
                0x0000000000007bc0                memchr
 .text.memcpy   0x0000000000007bd6       0x12 /Applications/KDS_v3.app/Contents/toolchain/bin/../lib/gcc/arm-none-eabi/4.8.4/../../../../arm-none-eabi/lib/armv6-m/libg_s.a(lib_a-memcpy-stub.o)
                0x0000000000007bd6                memcpy
 .text.memmove  0x0000000000007be8       0x32 /Applications/KDS_v3.app/Contents/toolchain/bin/../lib/gcc/arm-none-eabi/4.8.4/../../../../arm-none-eabi/lib/armv6-m/libg_s.a(lib_a-memmove.o)
                0x0000000000007be8                memmove
 .text._Balloc  0x0000000000007c1a       0x70 /Applications/KDS_v3.app/Contents/toolchain/bin/../lib/gcc/arm-none-eabi/4.8.4/../../../../arm-none-eabi/lib/armv6-m/libg_s.a(lib_a-mprec.o)
                0x0000000000007c1a                _Balloc
 .text._Bfree   0x0000000000007c8a       0x32 /Applications/KDS_v3.app/Contents/toolchain/bin/../lib/gcc/arm-none-eabi/4.8.4/../../../../arm-none-eabi/lib/armv6-m/libg_s.a(lib_a-mprec.o)
                0x0000000000007c8a                _Bfree
 .text.__multadd
                0x0000000000007cbc       0x7c /Applications/KDS_v3.app/Contents/toolchain/bin/../lib/gcc/arm-none-eabi/4.8.4/../../../../arm-none-eabi/lib/armv6-m/libg_s.a(lib_a-mprec.o)
                0x0000000000007cbc                __multadd
 .text.__s2b    0x0000000000007d38       0x80 /Applications/KDS_v3.app/Contents/toolchain/bin/../lib/gcc/arm-none-eabi/4.8.4/../../../../arm-none-eabi/lib/armv6-m/libg_s.a(lib_a-mprec.o)
                0x0000000000007d38                __s2b
 .text.__hi0bits
                0x0000000000007db8       0x38 /Applications/KDS_v3.app/Contents/toolchain/bin/../lib/gcc/arm-none-eabi/4.8.4/../../../../arm-none-eabi/lib/armv6-m/libg_s.a(lib_a-mprec.o)
                0x0000000000007db8                __hi0bits
 .text.__lo0bits
                0x0000000000007df0       0x5a /Applications/KDS_v3.app/Contents/toolchain/bin/../lib/gcc/arm-none-eabi/4.8.4/../../../../arm-none-eabi/lib/armv6-m/libg_s.a(lib_a-mprec.o)
                0x0000000000007df0                __lo0bits
 .text.__i2b    0x0000000000007e4a       0x12 /Applications/KDS_v3.app/Contents/toolchain/bin/../lib/gcc/arm-none-eabi/4.8.4/../../../../arm-none-eabi/lib/armv6-m/libg_s.a(lib_a-mprec.o)
                0x0000000000007e4a                __i2b
 .text.__multiply
                0x0000000000007e5c      0x11e /Applications/KDS_v3.app/Contents/toolchain/bin/../lib/gcc/arm-none-eabi/4.8.4/../../../../arm-none-eabi/lib/armv6-m/libg_s.a(lib_a-mprec.o)
                0x0000000000007e5c                __multiply
 *fill*         0x0000000000007f7a        0x2 
 .text.__pow5mult
                0x0000000000007f7c       0xa4 /Applications/KDS_v3.app/Contents/toolchain/bin/../lib/gcc/arm-none-eabi/4.8.4/../../../../arm-none-eabi/lib/armv6-m/libg_s.a(lib_a-mprec.o)
                0x0000000000007f7c                __pow5mult
 .text.__lshift
                0x0000000000008020       0xa4 /Applications/KDS_v3.app/Contents/toolchain/bin/../lib/gcc/arm-none-eabi/4.8.4/../../../../arm-none-eabi/lib/armv6-m/libg_s.a(lib_a-mprec.o)
                0x0000000000008020                __lshift
 .text.__mcmp   0x00000000000080c4       0x36 /Applications/KDS_v3.app/Contents/toolchain/bin/../lib/gcc/arm-none-eabi/4.8.4/../../../../arm-none-eabi/lib/armv6-m/libg_s.a(lib_a-mprec.o)
                0x00000000000080c4                __mcmp
 .text.__mdiff  0x00000000000080fa       0xcc /Applications/KDS_v3.app/Contents/toolchain/bin/../lib/gcc/arm-none-eabi/4.8.4/../../../../arm-none-eabi/lib/armv6-m/libg_s.a(lib_a-mprec.o)
                0x00000000000080fa                __mdiff
 *fill*         0x00000000000081c6        0x2 
 .text.__ulp    0x00000000000081c8       0x44 /Applications/KDS_v3.app/Contents/toolchain/bin/../lib/gcc/arm-none-eabi/4.8.4/../../../../arm-none-eabi/lib/armv6-m/libg_s.a(lib_a-mprec.o)
                0x00000000000081c8                __ulp
 .text.__b2d    0x000000000000820c       0xa4 /Applications/KDS_v3.app/Contents/toolchain/bin/../lib/gcc/arm-none-eabi/4.8.4/../../../../arm-none-eabi/lib/armv6-m/libg_s.a(lib_a-mprec.o)
                0x000000000000820c                __b2d
 .text.__d2b    0x00000000000082b0       0xb0 /Applications/KDS_v3.app/Contents/toolchain/bin/../lib/gcc/arm-none-eabi/4.8.4/../../../../arm-none-eabi/lib/armv6-m/libg_s.a(lib_a-mprec.o)
                0x00000000000082b0                __d2b
 .text.__ratio  0x0000000000008360       0x48 /Applications/KDS_v3.app/Contents/toolchain/bin/../lib/gcc/arm-none-eabi/4.8.4/../../../../arm-none-eabi/lib/armv6-m/libg_s.a(lib_a-mprec.o)
                0x0000000000008360                __ratio
 .text.__copybits
                0x00000000000083a8       0x2c /Applications/KDS_v3.app/Contents/toolchain/bin/../lib/gcc/arm-none-eabi/4.8.4/../../../../arm-none-eabi/lib/armv6-m/libg_s.a(lib_a-mprec.o)
                0x00000000000083a8                __copybits
 .text.__any_on
                0x00000000000083d4       0x44 /Applications/KDS_v3.app/Contents/toolchain/bin/../lib/gcc/arm-none-eabi/4.8.4/../../../../arm-none-eabi/lib/armv6-m/libg_s.a(lib_a-mprec.o)
                0x00000000000083d4                __any_on
 .text._calloc_r
                0x0000000000008418       0x1c /Applications/KDS_v3.app/Contents/toolchain/bin/../lib/gcc/arm-none-eabi/4.8.4/../../../../arm-none-eabi/lib/armv6-m/libg_s.a(lib_a-nano-callocr.o)
                0x0000000000008418                _calloc_r
 .text._free_r  0x0000000000008434       0x90 /Applications/KDS_v3.app/Contents/toolchain/bin/../lib/gcc/arm-none-eabi/4.8.4/../../../../arm-none-eabi/lib/armv6-m/libg_s.a(lib_a-nano-freer.o)
                0x0000000000008434                _free_r
 .text._malloc_r
                0x00000000000084c4       0xa8 /Applications/KDS_v3.app/Contents/toolchain/bin/../lib/gcc/arm-none-eabi/4.8.4/../../../../arm-none-eabi/lib/armv6-m/libg_s.a(lib_a-nano-mallocr.o)
                0x00000000000084c4                _malloc_r
 .text._realloc_r
                0x000000000000856c       0x4c /Applications/KDS_v3.app/Contents/toolchain/bin/../lib/gcc/arm-none-eabi/4.8.4/../../../../arm-none-eabi/lib/armv6-m/libg_s.a(lib_a-nano-reallocr.o)
                0x000000000000856c                _realloc_r
 .text.__fpclassifyd
                0x00000000000085b8       0x54 /Applications/KDS_v3.app/Contents/toolchain/bin/../lib/gcc/arm-none-eabi/4.8.4/../../../../arm-none-eabi/lib/armv6-m/libg_s.a(lib_a-s_fpclassify.o)
                0x00000000000085b8                __fpclassifyd
 .text._sbrk_r  0x000000000000860c       0x24 /Applications/KDS_v3.app/Contents/toolchain/bin/../lib/gcc/arm-none-eabi/4.8.4/../../../../arm-none-eabi/lib/armv6-m/libg_s.a(lib_a-sbrkr.o)
                0x000000000000860c                _sbrk_r
 .text.nanf     0x0000000000008630        0x8 /Applications/KDS_v3.app/Contents/toolchain/bin/../lib/gcc/arm-none-eabi/4.8.4/../../../../arm-none-eabi/lib/armv6-m/libg_s.a(lib_a-sf_nan.o)
                0x0000000000008630                nanf
 .text.sprintf  0x0000000000008638       0x44 /Applications/KDS_v3.app/Contents/toolchain/bin/../lib/gcc/arm-none-eabi/4.8.4/../../../../arm-none-eabi/lib/armv6-m/libg_s.a(lib_a-sprintf.o)
                0x0000000000008638                sprintf
                0x0000000000008638                siprintf
 .text.__sread  0x000000000000867c       0x28 /Applications/KDS_v3.app/Contents/toolchain/bin/../lib/gcc/arm-none-eabi/4.8.4/../../../../arm-none-eabi/lib/armv6-m/libg_s.a(lib_a-stdio.o)
                0x000000000000867c                __sread
 .text.__swrite
                0x00000000000086a4       0x38 /Applications/KDS_v3.app/Contents/toolchain/bin/../lib/gcc/arm-none-eabi/4.8.4/../../../../arm-none-eabi/lib/armv6-m/libg_s.a(lib_a-stdio.o)
                0x00000000000086a4                __swrite
 .text.__sseek  0x00000000000086dc       0x2c /Applications/KDS_v3.app/Contents/toolchain/bin/../lib/gcc/arm-none-eabi/4.8.4/../../../../arm-none-eabi/lib/armv6-m/libg_s.a(lib_a-stdio.o)
                0x00000000000086dc                __sseek
 .text.__sclose
                0x0000000000008708        0xc /Applications/KDS_v3.app/Contents/toolchain/bin/../lib/gcc/arm-none-eabi/4.8.4/../../../../arm-none-eabi/lib/armv6-m/libg_s.a(lib_a-stdio.o)
                0x0000000000008708                __sclose
 .text.strlen   0x0000000000008714        0xe /Applications/KDS_v3.app/Contents/toolchain/bin/../lib/gcc/arm-none-eabi/4.8.4/../../../../arm-none-eabi/lib/armv6-m/libg_s.a(lib_a-strlen.o)
                0x0000000000008714                strlen
 .text.match    0x0000000000008722       0x28 /Applications/KDS_v3.app/Contents/toolchain/bin/../lib/gcc/arm-none-eabi/4.8.4/../../../../arm-none-eabi/lib/armv6-m/libg_s.a(lib_a-strtod.o)
 *fill*         0x000000000000874a        0x2 
 .text.unlikely.sulp
                0x000000000000874c       0x2c /Applications/KDS_v3.app/Contents/toolchain/bin/../lib/gcc/arm-none-eabi/4.8.4/../../../../arm-none-eabi/lib/armv6-m/libg_s.a(lib_a-strtod.o)
 .text._strtod_r
                0x0000000000008778      0xc50 /Applications/KDS_v3.app/Contents/toolchain/bin/../lib/gcc/arm-none-eabi/4.8.4/../../../../arm-none-eabi/lib/armv6-m/libg_s.a(lib_a-strtod.o)
                0x0000000000008778                _strtod_r
 .text._strtol_r
                0x00000000000093c8      0x114 /Applications/KDS_v3.app/Contents/toolchain/bin/../lib/gcc/arm-none-eabi/4.8.4/../../../../arm-none-eabi/lib/armv6-m/libg_s.a(lib_a-strtol.o)
                0x00000000000093c8                _strtol_r
 .text.__ssputs_r
                0x00000000000094dc       0xc0 /Applications/KDS_v3.app/Contents/toolchain/bin/../lib/gcc/arm-none-eabi/4.8.4/../../../../arm-none-eabi/lib/armv6-m/libg_s.a(lib_a-svfprintf.o)
                0x00000000000094dc                __ssputs_r
 .text._svfprintf_r
                0x000000000000959c      0x1e0 /Applications/KDS_v3.app/Contents/toolchain/bin/../lib/gcc/arm-none-eabi/4.8.4/../../../../arm-none-eabi/lib/armv6-m/libg_s.a(lib_a-svfprintf.o)
                0x000000000000959c                _svfprintf_r
                0x000000000000959c                _svfiprintf_r
 .text._write_r
                0x000000000000977c       0x28 /Applications/KDS_v3.app/Contents/toolchain/bin/../lib/gcc/arm-none-eabi/4.8.4/../../../../arm-none-eabi/lib/armv6-m/libg_s.a(lib_a-writer.o)
                0x000000000000977c                _write_r
 .text._close_r
                0x00000000000097a4       0x24 /Applications/KDS_v3.app/Contents/toolchain/bin/../lib/gcc/arm-none-eabi/4.8.4/../../../../arm-none-eabi/lib/armv6-m/libg_s.a(lib_a-closer.o)
                0x00000000000097a4                _close_r
 .text._fstat_r
                0x00000000000097c8       0x24 /Applications/KDS_v3.app/Contents/toolchain/bin/../lib/gcc/arm-none-eabi/4.8.4/../../../../arm-none-eabi/lib/armv6-m/libg_s.a(lib_a-fstatr.o)
                0x00000000000097c8                _fstat_r
 .text.rshift   0x00000000000097ec       0x6c /Applications/KDS_v3.app/Contents/toolchain/bin/../lib/gcc/arm-none-eabi/4.8.4/../../../../arm-none-eabi/lib/armv6-m/libg_s.a(lib_a-gdtoa-gethex.o)
 .text.__hexdig_fun
                0x0000000000009858       0x2a /Applications/KDS_v3.app/Contents/toolchain/bin/../lib/gcc/arm-none-eabi/4.8.4/../../../../arm-none-eabi/lib/armv6-m/libg_s.a(lib_a-gdtoa-gethex.o)
                0x0000000000009858                __hexdig_fun
 .text.__gethex
                0x0000000000009882      0x43c /Applications/KDS_v3.app/Contents/toolchain/bin/../lib/gcc/arm-none-eabi/4.8.4/../../../../arm-none-eabi/lib/armv6-m/libg_s.a(lib_a-gdtoa-gethex.o)
                0x0000000000009882                __gethex
 .text.L_shift  0x0000000000009cbe       0x24 /Applications/KDS_v3.app/Contents/toolchain/bin/../lib/gcc/arm-none-eabi/4.8.4/../../../../arm-none-eabi/lib/armv6-m/libg_s.a(lib_a-gdtoa-hexnan.o)
 .text.__hexnan
                0x0000000000009ce2      0x132 /Applications/KDS_v3.app/Contents/toolchain/bin/../lib/gcc/arm-none-eabi/4.8.4/../../../../arm-none-eabi/lib/armv6-m/libg_s.a(lib_a-gdtoa-hexnan.o)
                0x0000000000009ce2                __hexnan
 .text._isatty_r
                0x0000000000009e14       0x24 /Applications/KDS_v3.app/Contents/toolchain/bin/../lib/gcc/arm-none-eabi/4.8.4/../../../../arm-none-eabi/lib/armv6-m/libg_s.a(lib_a-isattyr.o)
                0x0000000000009e14                _isatty_r
 .text._lseek_r
                0x0000000000009e38       0x28 /Applications/KDS_v3.app/Contents/toolchain/bin/../lib/gcc/arm-none-eabi/4.8.4/../../../../arm-none-eabi/lib/armv6-m/libg_s.a(lib_a-lseekr.o)
                0x0000000000009e38                _lseek_r
 .text._malloc_usable_size_r
                0x0000000000009e60       0x12 /Applications/KDS_v3.app/Contents/toolchain/bin/../lib/gcc/arm-none-eabi/4.8.4/../../../../arm-none-eabi/lib/armv6-m/libg_s.a(lib_a-nano-msizer.o)
                0x0000000000009e60                _malloc_usable_size_r
 *fill*         0x0000000000009e72        0x2 
 .text._read_r  0x0000000000009e74       0x28 /Applications/KDS_v3.app/Contents/toolchain/bin/../lib/gcc/arm-none-eabi/4.8.4/../../../../arm-none-eabi/lib/armv6-m/libg_s.a(lib_a-readr.o)
                0x0000000000009e74                _read_r
 .text.strncmp  0x0000000000009e9c       0x2c /Applications/KDS_v3.app/Contents/toolchain/bin/../lib/gcc/arm-none-eabi/4.8.4/../../../../arm-none-eabi/lib/armv6-m/libg_s.a(lib_a-strncmp.o)
                0x0000000000009e9c                strncmp
 .text._close   0x0000000000009ec8       0x10 /Applications/KDS_v3.app/Contents/toolchain/bin/../lib/gcc/arm-none-eabi/4.8.4/../../../../arm-none-eabi/lib/armv6-m/libnosys.a(close.o)
                0x0000000000009ec8                _close
 .text._fstat   0x0000000000009ed8       0x10 /Applications/KDS_v3.app/Contents/toolchain/bin/../lib/gcc/arm-none-eabi/4.8.4/../../../../arm-none-eabi/lib/armv6-m/libnosys.a(fstat.o)
                0x0000000000009ed8                _fstat
 .text._isatty  0x0000000000009ee8       0x10 /Applications/KDS_v3.app/Contents/toolchain/bin/../lib/gcc/arm-none-eabi/4.8.4/../../../../arm-none-eabi/lib/armv6-m/libnosys.a(isatty.o)
                0x0000000000009ee8                _isatty
 .text._lseek   0x0000000000009ef8       0x10 /Applications/KDS_v3.app/Contents/toolchain/bin/../lib/gcc/arm-none-eabi/4.8.4/../../../../arm-none-eabi/lib/armv6-m/libnosys.a(lseek.o)
                0x0000000000009ef8                _lseek
 .text._sbrk    0x0000000000009f08       0x34 /Applications/KDS_v3.app/Contents/toolchain/bin/../lib/gcc/arm-none-eabi/4.8.4/../../../../arm-none-eabi/lib/armv6-m/libnosys.a(sbrk.o)
                0x0000000000009f08                _sbrk
 .text._exit    0x0000000000009f3c        0x4 /Applications/KDS_v3.app/Contents/toolchain/bin/../lib/gcc/arm-none-eabi/4.8.4/../../../../arm-none-eabi/lib/armv6-m/libnosys.a(_exit.o)
                0x0000000000009f3c                _exit
 *(.rodata)
 .rodata        0x0000000000009f40       0x18 ./Sources/Events.o
 .rodata        0x0000000000009f58       0xf4 ./Sources/main.o
 .rodata        0x000000000000a04c       0x40 /Applications/KDS_v3.app/Contents/toolchain/bin/../lib/gcc/arm-none-eabi/4.8.4/armv6-m/libgcc.a(divdf3.o)
 .rodata        0x000000000000a08c       0x40 /Applications/KDS_v3.app/Contents/toolchain/bin/../lib/gcc/arm-none-eabi/4.8.4/armv6-m/libgcc.a(muldf3.o)
 *(.rodata*)
 .rodata.char_int
                0x000000000000a0cc       0x28 ./Sources/main.o
 .rodata.ChannelToPin
                0x000000000000a0f4        0x4 ./Generated_Code/AdcLdd1.o
 .rodata.Table  0x000000000000a0f8        0x4 ./Generated_Code/Potis.o
 .rodata.ChannelDevice
                0x000000000000a0fc        0x4 ./Generated_Code/TU2.o
 .rodata.ChannelMode
                0x000000000000a100        0x4 ./Generated_Code/TU2.o
 .rodata.str1.1
                0x000000000000a104        0x2 /Applications/KDS_v3.app/Contents/toolchain/bin/../lib/gcc/arm-none-eabi/4.8.4/../../../../arm-none-eabi/lib/armv6-m/libg_s.a(lib_a-impure.o)
 *fill*         0x000000000000a106        0x2 
 .rodata._global_impure_ptr
                0x000000000000a108        0x4 /Applications/KDS_v3.app/Contents/toolchain/bin/../lib/gcc/arm-none-eabi/4.8.4/../../../../arm-none-eabi/lib/armv6-m/libg_s.a(lib_a-impure.o)
                0x000000000000a108                _global_impure_ptr
 .rodata.str1.1
                0x000000000000a10c       0x11 /Applications/KDS_v3.app/Contents/toolchain/bin/../lib/gcc/arm-none-eabi/4.8.4/../../../../arm-none-eabi/lib/armv6-m/libg_s.a(lib_a-vfprintf.o)
 .rodata.str1.1
                0x000000000000a11d       0x12 /Applications/KDS_v3.app/Contents/toolchain/bin/../lib/gcc/arm-none-eabi/4.8.4/../../../../arm-none-eabi/lib/armv6-m/libg_s.a(lib_a-vfprintf_float.o)
 .rodata.str1.1
                0x000000000000a12f       0x22 /Applications/KDS_v3.app/Contents/toolchain/bin/../lib/gcc/arm-none-eabi/4.8.4/../../../../arm-none-eabi/lib/armv6-m/libg_s.a(lib_a-vfprintf_i.o)
 .rodata.str1.1
                0x000000000000a151        0x5 /Applications/KDS_v3.app/Contents/toolchain/bin/../lib/gcc/arm-none-eabi/4.8.4/../../../../arm-none-eabi/lib/armv6-m/libg_s.a(lib_a-vfscanf_float.o)
 .rodata.str1.1
                0x000000000000a156        0xd /Applications/KDS_v3.app/Contents/toolchain/bin/../lib/gcc/arm-none-eabi/4.8.4/../../../../arm-none-eabi/lib/armv6-m/libg_s.a(lib_a-dtoa.o)
                                          0xf (size before relaxing)
 *fill*         0x000000000000a163        0x1 
 .rodata.__sf_fake_stdin
                0x000000000000a164       0x20 /Applications/KDS_v3.app/Contents/toolchain/bin/../lib/gcc/arm-none-eabi/4.8.4/../../../../arm-none-eabi/lib/armv6-m/libg_s.a(lib_a-findfp.o)
                0x000000000000a164                __sf_fake_stdin
 .rodata.__sf_fake_stdout
                0x000000000000a184       0x20 /Applications/KDS_v3.app/Contents/toolchain/bin/../lib/gcc/arm-none-eabi/4.8.4/../../../../arm-none-eabi/lib/armv6-m/libg_s.a(lib_a-findfp.o)
                0x000000000000a184                __sf_fake_stdout
 .rodata.__sf_fake_stderr
                0x000000000000a1a4       0x20 /Applications/KDS_v3.app/Contents/toolchain/bin/../lib/gcc/arm-none-eabi/4.8.4/../../../../arm-none-eabi/lib/armv6-m/libg_s.a(lib_a-findfp.o)
                0x000000000000a1a4                __sf_fake_stderr
 .rodata.str1.1
                0x000000000000a1c4        0x8 /Applications/KDS_v3.app/Contents/toolchain/bin/../lib/gcc/arm-none-eabi/4.8.4/../../../../arm-none-eabi/lib/armv6-m/libg_s.a(lib_a-locale.o)
                                          0xb (size before relaxing)
 *fill*         0x000000000000a1cc        0x4 
 .rodata.__mprec_tens
                0x000000000000a1d0       0xc8 /Applications/KDS_v3.app/Contents/toolchain/bin/../lib/gcc/arm-none-eabi/4.8.4/../../../../arm-none-eabi/lib/armv6-m/libg_s.a(lib_a-mprec.o)
                0x000000000000a1d0                __mprec_tens
 .rodata.__mprec_bigtens
                0x000000000000a298       0x28 /Applications/KDS_v3.app/Contents/toolchain/bin/../lib/gcc/arm-none-eabi/4.8.4/../../../../arm-none-eabi/lib/armv6-m/libg_s.a(lib_a-mprec.o)
                0x000000000000a298                __mprec_bigtens
 .rodata.p05.5281
                0x000000000000a2c0        0xc /Applications/KDS_v3.app/Contents/toolchain/bin/../lib/gcc/arm-none-eabi/4.8.4/../../../../arm-none-eabi/lib/armv6-m/libg_s.a(lib_a-mprec.o)
 *fill*         0x000000000000a2cc        0x4 
 .rodata.tinytens
                0x000000000000a2d0       0x28 /Applications/KDS_v3.app/Contents/toolchain/bin/../lib/gcc/arm-none-eabi/4.8.4/../../../../arm-none-eabi/lib/armv6-m/libg_s.a(lib_a-strtod.o)
 .rodata.fpi.5246
                0x000000000000a2f8       0x14 /Applications/KDS_v3.app/Contents/toolchain/bin/../lib/gcc/arm-none-eabi/4.8.4/../../../../arm-none-eabi/lib/armv6-m/libg_s.a(lib_a-strtod.o)
 .rodata.str1.1
                0x0000000000000000        0x8 /Applications/KDS_v3.app/Contents/toolchain/bin/../lib/gcc/arm-none-eabi/4.8.4/../../../../arm-none-eabi/lib/armv6-m/libg_s.a(lib_a-strtod.o)
                                          0xc (size before relaxing)
 .rodata.fpinan.5282
                0x000000000000a30c       0x14 /Applications/KDS_v3.app/Contents/toolchain/bin/../lib/gcc/arm-none-eabi/4.8.4/../../../../arm-none-eabi/lib/armv6-m/libg_s.a(lib_a-strtod.o)
 .rodata.str1.1
                0x0000000000000000       0x11 /Applications/KDS_v3.app/Contents/toolchain/bin/../lib/gcc/arm-none-eabi/4.8.4/../../../../arm-none-eabi/lib/armv6-m/libg_s.a(lib_a-svfprintf.o)
 .rodata._ctype_
                0x000000000000a320      0x101 /Applications/KDS_v3.app/Contents/toolchain/bin/../lib/gcc/arm-none-eabi/4.8.4/../../../../arm-none-eabi/lib/armv6-m/libg_s.a(lib_a-ctype_.o)
                0x000000000000a320                _ctype_
 *(.glue_7)
 .glue_7        0x0000000000000000        0x0 linker stubs
 *(.glue_7t)
 .glue_7t       0x0000000000000000        0x0 linker stubs
 *(.eh_frame)
 *fill*         0x000000000000a421        0x3 
 .eh_frame      0x000000000000a424        0x0 /Applications/KDS_v3.app/Contents/toolchain/bin/../lib/gcc/arm-none-eabi/4.8.4/armv6-m/crtbegin.o
 *(.init)
 .init          0x000000000000a424        0x4 /Applications/KDS_v3.app/Contents/toolchain/bin/../lib/gcc/arm-none-eabi/4.8.4/armv6-m/crti.o
                0x000000000000a424                _init
 .init          0x000000000000a428        0x8 /Applications/KDS_v3.app/Contents/toolchain/bin/../lib/gcc/arm-none-eabi/4.8.4/armv6-m/crtn.o
 *(.fini)
 .fini          0x000000000000a430        0x4 /Applications/KDS_v3.app/Contents/toolchain/bin/../lib/gcc/arm-none-eabi/4.8.4/armv6-m/crti.o
                0x000000000000a430                _fini
 .fini          0x000000000000a434        0x8 /Applications/KDS_v3.app/Contents/toolchain/bin/../lib/gcc/arm-none-eabi/4.8.4/armv6-m/crtn.o
                0x000000000000a43c                . = ALIGN (0x4)
                0x000000000000a43c                _etext = .

.vfp11_veneer   0x000000000000a43c        0x0
 .vfp11_veneer  0x0000000000000000        0x0 linker stubs

.v4_bx          0x000000000000a43c        0x0
 .v4_bx         0x0000000000000000        0x0 linker stubs

.iplt           0x000000000000a43c        0x0
 .iplt          0x0000000000000000        0x0 /Applications/KDS_v3.app/Contents/toolchain/bin/../lib/gcc/arm-none-eabi/4.8.4/armv6-m/crtbegin.o

.ARM.extab
 *(.ARM.extab* .gnu.linkonce.armextab.*)

.ARM            0x000000000000a43c        0x8
                0x000000000000a43c                __exidx_start = .
 *(.ARM.exidx*)
 .ARM.exidx     0x000000000000a43c        0x8 /Applications/KDS_v3.app/Contents/toolchain/bin/../lib/gcc/arm-none-eabi/4.8.4/../../../../arm-none-eabi/lib/armv6-m/crt0.o
                0x000000000000a444                __exidx_end = .

.rel.dyn        0x000000000000a444        0x0
 .rel.iplt      0x0000000000000000        0x0 /Applications/KDS_v3.app/Contents/toolchain/bin/../lib/gcc/arm-none-eabi/4.8.4/armv6-m/crtbegin.o

.ctors          0x000000000000a444        0x0
                0x000000000000a444                __CTOR_LIST__ = .
 *crtbegin.o(.ctors)
 *(EXCLUDE_FILE(*crtend.o) .ctors)
 *(SORT(.ctors.*))
 *(.ctors)
                0x000000000000a444                __CTOR_END__ = .

.dtors          0x000000000000a444        0x0
                0x000000000000a444                __DTOR_LIST__ = .
 *crtbegin.o(.dtors)
 *(EXCLUDE_FILE(*crtend.o) .dtors)
 *(SORT(.dtors.*))
 *(.dtors)
                0x000000000000a444                __DTOR_END__ = .

.preinit_array  0x000000000000a444        0x0
                0x000000000000a444                PROVIDE (__preinit_array_start, .)
 *(.preinit_array*)
                0x000000000000a444                PROVIDE (__preinit_array_end, .)

.init_array     0x000000000000a444        0x4
                0x000000000000a444                PROVIDE (__init_array_start, .)
 *(SORT(.init_array.*))
 *(.init_array*)
 .init_array    0x000000000000a444        0x4 /Applications/KDS_v3.app/Contents/toolchain/bin/../lib/gcc/arm-none-eabi/4.8.4/armv6-m/crtbegin.o
                0x000000000000a448                PROVIDE (__init_array_end, .)

.fini_array     0x000000000000a448        0x4
                0x000000000000a448                PROVIDE (__fini_array_start, .)
 *(SORT(.fini_array.*))
 *(.fini_array*)
 .fini_array    0x000000000000a448        0x4 /Applications/KDS_v3.app/Contents/toolchain/bin/../lib/gcc/arm-none-eabi/4.8.4/armv6-m/crtbegin.o
                0x000000000000a44c                PROVIDE (__fini_array_end, .)
                0x000000000000a44c                ___ROM_AT = .

.mtb            0x000000001ffff000        0x0
                0x000000001ffff000                . = ALIGN (0x8)
                0x000000001ffff000                _mtb_start = .
 *(.mtb_buf)
                0x000000001ffff000                . = ALIGN (0x8)
                0x000000001ffff000                _mtb_end = .

.data           0x000000001ffff000       0xb0 load address 0x000000000000a44c
                0x000000001ffff000                . = ALIGN (0x4)
                0x000000001ffff000                _sdata = .
 *(.data)
 *(.data*)
 .data.Abstand_Mag
                0x000000001ffff000        0x4 ./Sources/Events.o
                0x000000001ffff000                Abstand_Mag
 .data.Start_up
                0x000000001ffff004        0x1 ./Sources/Events.o
                0x000000001ffff004                Start_up
 .data.PID_Active
                0x000000001ffff005        0x1 ./Sources/main.o
                0x000000001ffff005                PID_Active
 .data.Mitte    0x000000001ffff006        0x2 ./Sources/main.o
                0x000000001ffff006                Mitte
 .data.Links    0x000000001ffff008        0x2 ./Sources/main.o
                0x000000001ffff008                Links
 .data.Rechts   0x000000001ffff00a        0x2 ./Sources/main.o
                0x000000001ffff00a                Rechts
 .data.Start    0x000000001ffff00c        0x1 ./Sources/main.o
                0x000000001ffff00c                Start
 *fill*         0x000000001ffff00d        0x3 
 .data.impure_data
                0x000000001ffff010       0x60 /Applications/KDS_v3.app/Contents/toolchain/bin/../lib/gcc/arm-none-eabi/4.8.4/../../../../arm-none-eabi/lib/armv6-m/libg_s.a(lib_a-impure.o)
 .data._impure_ptr
                0x000000001ffff070        0x4 /Applications/KDS_v3.app/Contents/toolchain/bin/../lib/gcc/arm-none-eabi/4.8.4/../../../../arm-none-eabi/lib/armv6-m/libg_s.a(lib_a-impure.o)
                0x000000001ffff070                _impure_ptr
 .data.lconv    0x000000001ffff074       0x38 /Applications/KDS_v3.app/Contents/toolchain/bin/../lib/gcc/arm-none-eabi/4.8.4/../../../../arm-none-eabi/lib/armv6-m/libg_s.a(lib_a-locale.o)
 .data.__ctype_ptr__
                0x000000001ffff0ac        0x4 /Applications/KDS_v3.app/Contents/toolchain/bin/../lib/gcc/arm-none-eabi/4.8.4/../../../../arm-none-eabi/lib/armv6-m/libg_s.a(lib_a-ctype_.o)
                0x000000001ffff0ac                __ctype_ptr__
                0x000000001ffff0b0                . = ALIGN (0x4)
                0x000000001ffff0b0                _edata = .
                0x00000000000000b0                ___data_size = (_edata - _sdata)

.jcr            0x000000001ffff0b0        0x0 load address 0x000000000000a4fc
 .jcr           0x000000001ffff0b0        0x0 /Applications/KDS_v3.app/Contents/toolchain/bin/../lib/gcc/arm-none-eabi/4.8.4/armv6-m/crtbegin.o

.igot.plt       0x000000001ffff0b0        0x0 load address 0x000000000000a4fc
 .igot.plt      0x0000000000000000        0x0 /Applications/KDS_v3.app/Contents/toolchain/bin/../lib/gcc/arm-none-eabi/4.8.4/armv6-m/crtbegin.o
                0x000000001ffff0b0                . = ALIGN (0x4)

.bss            0x000000001ffff0b0      0x428 load address 0x000000000000a500
                0x000000001ffff0b0                __START_BSS = .
                0x000000001ffff0b0                PROVIDE (__bss_start__, __START_BSS)
 *(.bss)
 .bss           0x000000001ffff0b0       0x1c /Applications/KDS_v3.app/Contents/toolchain/bin/../lib/gcc/arm-none-eabi/4.8.4/armv6-m/crtbegin.o
 *(.bss*)
 .bss.Speed_time
                0x000000001ffff0cc        0x2 ./Sources/Events.o
                0x000000001ffff0cc                Speed_time
 *fill*         0x000000001ffff0ce        0x2 
 .bss.Speed     0x000000001ffff0d0        0x8 ./Sources/Events.o
                0x000000001ffff0d0                Speed
 .bss.count     0x000000001ffff0d8        0x4 ./Sources/Events.o
                0x000000001ffff0d8                count
 .bss.Timer_OVF
                0x000000001ffff0dc        0x1 ./Sources/Events.o
                0x000000001ffff0dc                Timer_OVF
 .bss.avgcounter
                0x000000001ffff0dd        0x1 ./Sources/Events.o
                0x000000001ffff0dd                avgcounter
 .bss.Angle     0x000000001ffff0de        0x1 ./Sources/main.o
                0x000000001ffff0de                Angle
 *fill*         0x000000001ffff0df        0x1 
 .bss.SerVal    0x000000001ffff0e0        0x4 ./Sources/main.o
                0x000000001ffff0e0                SerVal
 .bss.Tick      0x000000001ffff0e4        0x4 ./Sources/main.o
                0x000000001ffff0e4                Tick
 .bss.velocity  0x000000001ffff0e8        0x4 ./Sources/main.o
                0x000000001ffff0e8                velocity
 .bss.Serial    0x000000001ffff0ec        0x1 ./Sources/main.o
                0x000000001ffff0ec                Serial
 *fill*         0x000000001ffff0ed        0x3 
 .bss.DeviceDataPrv__DEFAULT_RTOS_ALLOC
                0x000000001ffff0f0        0x8 ./Generated_Code/AdcLdd1.o
 .bss.DeviceDataPrv__DEFAULT_RTOS_ALLOC
                0x000000001ffff0f8        0x4 ./Generated_Code/BitIoLdd1.o
 .bss.DeviceDataPrv__DEFAULT_RTOS_ALLOC
                0x000000001ffff0fc        0x4 ./Generated_Code/BitIoLdd2.o
 .bss.DeviceDataPrv__DEFAULT_RTOS_ALLOC
                0x000000001ffff100        0x4 ./Generated_Code/BitIoLdd3.o
 .bss.DeviceDataPrv__DEFAULT_RTOS_ALLOC
                0x000000001ffff104        0x4 ./Generated_Code/BitIoLdd4.o
 .bss.DeviceDataPrv__DEFAULT_RTOS_ALLOC
                0x000000001ffff108        0x4 ./Generated_Code/BitIoLdd5.o
 .bss.DeviceDataPrv__DEFAULT_RTOS_ALLOC
                0x000000001ffff10c        0x4 ./Generated_Code/BitIoLdd6.o
 .bss.DeviceDataPrv__DEFAULT_RTOS_ALLOC
                0x000000001ffff110        0x4 ./Generated_Code/BitIoLdd7.o
 .bss.DeviceDataPrv__DEFAULT_RTOS_ALLOC
                0x000000001ffff114        0x4 ./Generated_Code/BitIoLdd8.o
 .bss.DeviceDataPrv__DEFAULT_RTOS_ALLOC
                0x000000001ffff118        0x4 ./Generated_Code/BitsIoLdd1.o
 .bss.DeviceDataPrv__DEFAULT_RTOS_ALLOC
                0x000000001ffff11c        0x4 ./Generated_Code/BitsIoLdd2.o
 .bss.DeviceDataPrv__DEFAULT_RTOS_ALLOC
                0x000000001ffff120        0x4 ./Generated_Code/BitsIoLdd3.o
 .bss.DeviceDataPrv__DEFAULT_RTOS_ALLOC
                0x000000001ffff124        0x4 ./Generated_Code/BitsIoLdd4.o
 .bss.DeviceDataPrv__DEFAULT_RTOS_ALLOC
                0x000000001ffff128        0x4 ./Generated_Code/BitsIoLdd5.o
 .bss.DeviceDataPrv__DEFAULT_RTOS_ALLOC
                0x000000001ffff12c        0x4 ./Generated_Code/BitsIoLdd6.o
 .bss.SR_lock   0x000000001ffff130        0x1 ./Generated_Code/Cpu.o
                0x000000001ffff130                SR_lock
 *fill*         0x000000001ffff131        0x3 
 .bss.DeviceDataPrv__DEFAULT_RTOS_ALLOC
                0x000000001ffff134        0x4 ./Generated_Code/ExtIntLdd1.o
 .bss.INT_PORTD__DEFAULT_RTOS_ISRPARAM
                0x000000001ffff138        0x4 ./Generated_Code/ExtIntLdd1.o
 .bss.DeviceDataPrv__DEFAULT_RTOS_ALLOC
                0x000000001ffff13c        0xc ./Generated_Code/FreeCntrLdd1.o
 .bss.InpLenS   0x000000001ffff148        0x1 ./Generated_Code/I2C1.o
 .bss.InpPtrRS  0x000000001ffff149        0x1 ./Generated_Code/I2C1.o
 .bss.InpPtrWS  0x000000001ffff14a        0x1 ./Generated_Code/I2C1.o
 *fill*         0x000000001ffff14b        0x1 
 .bss.InpBufferS
                0x000000001ffff14c        0x4 ./Generated_Code/I2C1.o
 .bss.TempBufferReadS
                0x000000001ffff150        0x1 ./Generated_Code/I2C1.o
 .bss.OutLenS   0x000000001ffff151        0x1 ./Generated_Code/I2C1.o
 .bss.OutPtrRS  0x000000001ffff152        0x1 ./Generated_Code/I2C1.o
 .bss.OutPtrWS  0x000000001ffff153        0x1 ./Generated_Code/I2C1.o
 .bss.OutBufferS
                0x000000001ffff154        0x4 ./Generated_Code/I2C1.o
 .bss.I2C1_SerFlag
                0x000000001ffff158        0x1 ./Generated_Code/I2C1.o
 *fill*         0x000000001ffff159        0x3 
 .bss.DeviceDataPrv__DEFAULT_RTOS_ALLOC
                0x000000001ffff15c       0x18 ./Generated_Code/IO1.o
 .bss.DeviceDataPrv__DEFAULT_RTOS_ALLOC
                0x000000001ffff174       0x28 ./Generated_Code/IntI2cLdd1.o
 .bss.INT_I2C0__DEFAULT_RTOS_ISRPARAM
                0x000000001ffff19c        0x4 ./Generated_Code/IntI2cLdd1.o
 .bss.PE_LDD_DeviceDataList
                0x000000001ffff1a0       0x64 ./Generated_Code/PE_LDD.o
                0x000000001ffff1a0                PE_LDD_DeviceDataList
 .bss.SumChan   0x000000001ffff204        0x1 ./Generated_Code/Potis.o
 .bss.ModeFlg   0x000000001ffff205        0x1 ./Generated_Code/Potis.o
 *fill*         0x000000001ffff206        0x2 
 .bss.SampleGroup
                0x000000001ffff208        0x4 ./Generated_Code/Potis.o
 .bss.WaitForRes
                0x000000001ffff20c        0x1 ./Generated_Code/Potis.o
 .bss.OutFlg    0x000000001ffff20d        0x1 ./Generated_Code/Potis.o
 *fill*         0x000000001ffff20e        0x2 
 .bss.DeviceDataPrv__DEFAULT_RTOS_ALLOC
                0x000000001ffff210        0xc ./Generated_Code/PwmLdd1.o
 .bss.DeviceDataPrv__DEFAULT_RTOS_ALLOC
                0x000000001ffff21c        0xc ./Generated_Code/PwmLdd2.o
 .bss.DeviceDataPrv__DEFAULT_RTOS_ALLOC
                0x000000001ffff228        0xc ./Generated_Code/PwmLdd3.o
 .bss.DeviceDataPrv__DEFAULT_RTOS_ALLOC
                0x000000001ffff234        0xc ./Generated_Code/TU1.o
 .bss.DeviceDataPrv__DEFAULT_RTOS_ALLOC
                0x000000001ffff240        0xc ./Generated_Code/TU2.o
 .bss.DeviceDataPrv__DEFAULT_RTOS_ALLOC
                0x000000001ffff24c       0x10 ./Generated_Code/TU3.o
 .bss.INT_TPM2__DEFAULT_RTOS_ISRPARAM
                0x000000001ffff25c        0x4 ./Generated_Code/TU3.o
 .bss.__malloc_sbrk_start
                0x000000001ffff260        0x4 /Applications/KDS_v3.app/Contents/toolchain/bin/../lib/gcc/arm-none-eabi/4.8.4/../../../../arm-none-eabi/lib/armv6-m/libg_s.a(lib_a-nano-mallocr.o)
                0x000000001ffff260                __malloc_sbrk_start
 .bss.__malloc_free_list
                0x000000001ffff264        0x4 /Applications/KDS_v3.app/Contents/toolchain/bin/../lib/gcc/arm-none-eabi/4.8.4/../../../../arm-none-eabi/lib/armv6-m/libg_s.a(lib_a-nano-mallocr.o)
                0x000000001ffff264                __malloc_free_list
 .bss.heap_end.4246
                0x000000001ffff268        0x4 /Applications/KDS_v3.app/Contents/toolchain/bin/../lib/gcc/arm-none-eabi/4.8.4/../../../../arm-none-eabi/lib/armv6-m/libnosys.a(sbrk.o)
 *(COMMON)
 *fill*         0x000000001ffff26c        0x4 
 COMMON         0x000000001ffff270       0x20 ./Sources/Events.o
                0x000000001ffff270                AVG_ARRAY
 COMMON         0x000000001ffff290      0x22f ./Sources/main.o
                0x000000001ffff290                Pixel_Auswertung
                0x000000001ffff390                LinienBreite
                0x000000001ffff39c                Pixel
                0x000000001ffff49c                Pixel_Null
                0x000000001ffff4aa                errFlags_rev
                0x000000001ffff4ab                flags_send
                0x000000001ffff4ac                Data
                0x000000001ffff4ae                ret_rev
                0x000000001ffff4b0                PID_d
                0x000000001ffff4b4                data
                0x000000001ffff4b8                value2
                0x000000001ffff4ba                err_rev
                0x000000001ffff4bc                value
                0x000000001ffff4be                flags_rev
 COMMON         0x000000001ffff4bf        0x1 ./Generated_Code/Cpu.o
                0x000000001ffff4bf                SR_reg
 COMMON         0x000000001ffff4c0        0x4 ./Generated_Code/I2C1.o
                0x000000001ffff4c0                IntI2cLdd1_DeviceDataPtr
 COMMON         0x000000001ffff4c4        0xe ./Generated_Code/Potis.o
                0x000000001ffff4c4                CalibrationStatus
                0x000000001ffff4c8                AdcLdd1_DeviceDataPtr
                0x000000001ffff4cc                Potis_OutV
 *fill*         0x000000001ffff4d2        0x2 
 COMMON         0x000000001ffff4d4        0x4 /Applications/KDS_v3.app/Contents/toolchain/bin/../lib/gcc/arm-none-eabi/4.8.4/../../../../arm-none-eabi/lib/armv6-m/libg_s.a(lib_a-reent.o)
                0x000000001ffff4d4                errno
                0x000000001ffff4d8                . = ALIGN (0x4)
                0x000000001ffff4d8                __END_BSS = .
                0x000000001ffff4d8                PROVIDE (__bss_end__, __END_BSS)
                0x000000000000a4fc                _romp_at = (___ROM_AT + SIZEOF (.data))

.romp           0x000000001ffff4d8       0x18 load address 0x000000000000a4fc
                0x000000000000a4fc                __S_romp = _romp_at
                0x000000001ffff4d8        0x4 LONG 0xa44c ___ROM_AT
                0x000000001ffff4dc        0x4 LONG 0x1ffff000 _sdata
                0x000000001ffff4e0        0x4 LONG 0xb0 ___data_size
                0x000000001ffff4e4        0x4 LONG 0x0
                0x000000001ffff4e8        0x4 LONG 0x0
                0x000000001ffff4ec        0x4 LONG 0x0
                0x0000000000020000                text_end = (ORIGIN (m_text) + 0x1fbf0)
                0x000000000000a514                data_init_end = ((___ROM_AT + SIZEOF (.data)) + SIZEOF (.romp))
                0x0000000000000001                ASSERT ((data_init_end <= text_end), region m_text overflowed with text and data)

._user_heap_stack
                0x000000001ffff4f0      0x400 load address 0x000000000000a514
                0x000000001ffff4f0                . = ALIGN (0x4)
                0x000000001ffff4f0                PROVIDE (end, .)
                0x000000001ffff4f0                PROVIDE (_end, .)
                0x000000001ffff4f0                PROVIDE (__end__, .)
                0x000000001ffff4f0                __heap_addr = .
                0x000000001ffff4f0                __HeapBase = .
                0x000000001ffff4f0                . = (. + __heap_size)
                0x000000001ffff4f0                __HeapLimit = .
                0x000000001ffff8f0                . = (. + __stack_size)
 *fill*         0x000000001ffff4f0      0x400 
                0x000000001ffff8f0                . = ALIGN (0x4)

.ARM.attributes
                0x0000000000000000       0x28
 *(.ARM.attributes)
 .ARM.attributes
                0x0000000000000000       0x1e /Applications/KDS_v3.app/Contents/toolchain/bin/../lib/gcc/arm-none-eabi/4.8.4/armv6-m/crti.o
 .ARM.attributes
                0x000000000000001e       0x2c /Applications/KDS_v3.app/Contents/toolchain/bin/../lib/gcc/arm-none-eabi/4.8.4/armv6-m/crtbegin.o
 .ARM.attributes
                0x000000000000004a       0x1b /Applications/KDS_v3.app/Contents/toolchain/bin/../lib/gcc/arm-none-eabi/4.8.4/../../../../arm-none-eabi/lib/armv6-m/crt0.o
 .ARM.attributes
                0x0000000000000065       0x32 ./Sources/Events.o
 .ARM.attributes
                0x0000000000000097       0x32 ./Sources/main.o
 .ARM.attributes
                0x00000000000000c9       0x32 ./Project_Settings/Startup_Code/startup.o
 .ARM.attributes
                0x00000000000000fb       0x32 ./Generated_Code/AdcLdd1.o
 .ARM.attributes
                0x000000000000012d       0x32 ./Generated_Code/BitIoLdd1.o
 .ARM.attributes
                0x000000000000015f       0x32 ./Generated_Code/BitIoLdd2.o
 .ARM.attributes
                0x0000000000000191       0x32 ./Generated_Code/BitIoLdd3.o
 .ARM.attributes
                0x00000000000001c3       0x32 ./Generated_Code/BitIoLdd4.o
 .ARM.attributes
                0x00000000000001f5       0x32 ./Generated_Code/BitIoLdd5.o
 .ARM.attributes
                0x0000000000000227       0x32 ./Generated_Code/BitIoLdd6.o
 .ARM.attributes
                0x0000000000000259       0x32 ./Generated_Code/BitIoLdd7.o
 .ARM.attributes
                0x000000000000028b       0x32 ./Generated_Code/BitIoLdd8.o
 .ARM.attributes
                0x00000000000002bd       0x32 ./Generated_Code/BitsIoLdd1.o
 .ARM.attributes
                0x00000000000002ef       0x32 ./Generated_Code/BitsIoLdd2.o
 .ARM.attributes
                0x0000000000000321       0x32 ./Generated_Code/BitsIoLdd3.o
 .ARM.attributes
                0x0000000000000353       0x32 ./Generated_Code/BitsIoLdd4.o
 .ARM.attributes
                0x0000000000000385       0x32 ./Generated_Code/BitsIoLdd5.o
 .ARM.attributes
                0x00000000000003b7       0x32 ./Generated_Code/BitsIoLdd6.o
 .ARM.attributes
                0x00000000000003e9       0x32 ./Generated_Code/Cpu.o
 .ARM.attributes
                0x000000000000041b       0x32 ./Generated_Code/CsIO1.o
 .ARM.attributes
                0x000000000000044d       0x32 ./Generated_Code/EInt1.o
 .ARM.attributes
                0x000000000000047f       0x32 ./Generated_Code/ExtIntLdd1.o
 .ARM.attributes
                0x00000000000004b1       0x32 ./Generated_Code/FC1.o
 .ARM.attributes
                0x00000000000004e3       0x32 ./Generated_Code/FreeCntrLdd1.o
 .ARM.attributes
                0x0000000000000515       0x32 ./Generated_Code/I2C1.o
 .ARM.attributes
                0x0000000000000547       0x32 ./Generated_Code/IO1.o
 .ARM.attributes
                0x0000000000000579       0x32 ./Generated_Code/IntI2cLdd1.o
 .ARM.attributes
                0x00000000000005ab       0x32 ./Generated_Code/PE_LDD.o
 .ARM.attributes
                0x00000000000005dd       0x32 ./Generated_Code/Potis.o
 .ARM.attributes
                0x000000000000060f       0x32 ./Generated_Code/PwmLdd1.o
 .ARM.attributes
                0x0000000000000641       0x32 ./Generated_Code/PwmLdd2.o
 .ARM.attributes
                0x0000000000000673       0x32 ./Generated_Code/PwmLdd3.o
 .ARM.attributes
                0x00000000000006a5       0x32 ./Generated_Code/TU1.o
 .ARM.attributes
                0x00000000000006d7       0x32 ./Generated_Code/TU2.o
 .ARM.attributes
                0x0000000000000709       0x32 ./Generated_Code/TU3.o
 .ARM.attributes
                0x000000000000073b       0x32 ./Generated_Code/Vectors.o
 .ARM.attributes
                0x000000000000076d       0x1e /Applications/KDS_v3.app/Contents/toolchain/bin/../lib/gcc/arm-none-eabi/4.8.4/armv6-m/libgcc.a(_divsi3.o)
 .ARM.attributes
                0x000000000000078b       0x1e /Applications/KDS_v3.app/Contents/toolchain/bin/../lib/gcc/arm-none-eabi/4.8.4/armv6-m/libgcc.a(_dvmd_tls.o)
 .ARM.attributes
                0x00000000000007a9       0x1e /Applications/KDS_v3.app/Contents/toolchain/bin/../lib/gcc/arm-none-eabi/4.8.4/armv6-m/libgcc.a(_arm_cmpdf2.o)
 .ARM.attributes
                0x00000000000007c7       0x2c /Applications/KDS_v3.app/Contents/toolchain/bin/../lib/gcc/arm-none-eabi/4.8.4/armv6-m/libgcc.a(adddf3.o)
 .ARM.attributes
                0x00000000000007f3       0x2c /Applications/KDS_v3.app/Contents/toolchain/bin/../lib/gcc/arm-none-eabi/4.8.4/armv6-m/libgcc.a(divdf3.o)
 .ARM.attributes
                0x000000000000081f       0x2c /Applications/KDS_v3.app/Contents/toolchain/bin/../lib/gcc/arm-none-eabi/4.8.4/armv6-m/libgcc.a(eqdf2.o)
 .ARM.attributes
                0x000000000000084b       0x2c /Applications/KDS_v3.app/Contents/toolchain/bin/../lib/gcc/arm-none-eabi/4.8.4/armv6-m/libgcc.a(gedf2.o)
 .ARM.attributes
                0x0000000000000877       0x2c /Applications/KDS_v3.app/Contents/toolchain/bin/../lib/gcc/arm-none-eabi/4.8.4/armv6-m/libgcc.a(ledf2.o)
 .ARM.attributes
                0x00000000000008a3       0x2c /Applications/KDS_v3.app/Contents/toolchain/bin/../lib/gcc/arm-none-eabi/4.8.4/armv6-m/libgcc.a(muldf3.o)
 .ARM.attributes
                0x00000000000008cf       0x2c /Applications/KDS_v3.app/Contents/toolchain/bin/../lib/gcc/arm-none-eabi/4.8.4/armv6-m/libgcc.a(floatsidf.o)
 .ARM.attributes
                0x00000000000008fb       0x2c /Applications/KDS_v3.app/Contents/toolchain/bin/../lib/gcc/arm-none-eabi/4.8.4/armv6-m/libgcc.a(extendsfdf2.o)
 .ARM.attributes
                0x0000000000000927       0x2c /Applications/KDS_v3.app/Contents/toolchain/bin/../lib/gcc/arm-none-eabi/4.8.4/armv6-m/libgcc.a(truncdfsf2.o)
 .ARM.attributes
                0x0000000000000953       0x1e /Applications/KDS_v3.app/Contents/toolchain/bin/../lib/gcc/arm-none-eabi/4.8.4/armv6-m/libgcc.a(_udivsi3.o)
 .ARM.attributes
                0x0000000000000971       0x1e /Applications/KDS_v3.app/Contents/toolchain/bin/../lib/gcc/arm-none-eabi/4.8.4/armv6-m/libgcc.a(_clzsi2.o)
 .ARM.attributes
                0x000000000000098f       0x2c /Applications/KDS_v3.app/Contents/toolchain/bin/../lib/gcc/arm-none-eabi/4.8.4/../../../../arm-none-eabi/lib/armv6-m/libg_s.a(lib_a-exit.o)
 .ARM.attributes
                0x00000000000009bb       0x2c /Applications/KDS_v3.app/Contents/toolchain/bin/../lib/gcc/arm-none-eabi/4.8.4/../../../../arm-none-eabi/lib/armv6-m/libg_s.a(lib_a-impure.o)
 .ARM.attributes
                0x00000000000009e7       0x2c /Applications/KDS_v3.app/Contents/toolchain/bin/../lib/gcc/arm-none-eabi/4.8.4/../../../../arm-none-eabi/lib/armv6-m/libg_s.a(lib_a-init.o)
 .ARM.attributes
                0x0000000000000a13       0x2c /Applications/KDS_v3.app/Contents/toolchain/bin/../lib/gcc/arm-none-eabi/4.8.4/../../../../arm-none-eabi/lib/armv6-m/libg_s.a(lib_a-memset.o)
 .ARM.attributes
                0x0000000000000a3f       0x2c /Applications/KDS_v3.app/Contents/toolchain/bin/../lib/gcc/arm-none-eabi/4.8.4/../../../../arm-none-eabi/lib/armv6-m/libg_s.a(lib_a-printf.o)
 .ARM.attributes
                0x0000000000000a6b       0x2c /Applications/KDS_v3.app/Contents/toolchain/bin/../lib/gcc/arm-none-eabi/4.8.4/../../../../arm-none-eabi/lib/armv6-m/libg_s.a(lib_a-puts.o)
 .ARM.attributes
                0x0000000000000a97       0x2c /Applications/KDS_v3.app/Contents/toolchain/bin/../lib/gcc/arm-none-eabi/4.8.4/../../../../arm-none-eabi/lib/armv6-m/libg_s.a(lib_a-vfprintf.o)
 .ARM.attributes
                0x0000000000000ac3       0x2c /Applications/KDS_v3.app/Contents/toolchain/bin/../lib/gcc/arm-none-eabi/4.8.4/../../../../arm-none-eabi/lib/armv6-m/libg_s.a(lib_a-vfprintf_float.o)
 .ARM.attributes
                0x0000000000000aef       0x2c /Applications/KDS_v3.app/Contents/toolchain/bin/../lib/gcc/arm-none-eabi/4.8.4/../../../../arm-none-eabi/lib/armv6-m/libg_s.a(lib_a-vfprintf_i.o)
 .ARM.attributes
                0x0000000000000b1b       0x2c /Applications/KDS_v3.app/Contents/toolchain/bin/../lib/gcc/arm-none-eabi/4.8.4/../../../../arm-none-eabi/lib/armv6-m/libg_s.a(lib_a-vfscanf_float.o)
 .ARM.attributes
                0x0000000000000b47       0x2c /Applications/KDS_v3.app/Contents/toolchain/bin/../lib/gcc/arm-none-eabi/4.8.4/../../../../arm-none-eabi/lib/armv6-m/libg_s.a(lib_a-wbuf.o)
 .ARM.attributes
                0x0000000000000b73       0x2c /Applications/KDS_v3.app/Contents/toolchain/bin/../lib/gcc/arm-none-eabi/4.8.4/../../../../arm-none-eabi/lib/armv6-m/libg_s.a(lib_a-wsetup.o)
 .ARM.attributes
                0x0000000000000b9f       0x2c /Applications/KDS_v3.app/Contents/toolchain/bin/../lib/gcc/arm-none-eabi/4.8.4/../../../../arm-none-eabi/lib/armv6-m/libg_s.a(lib_a-dtoa.o)
 .ARM.attributes
                0x0000000000000bcb       0x2c /Applications/KDS_v3.app/Contents/toolchain/bin/../lib/gcc/arm-none-eabi/4.8.4/../../../../arm-none-eabi/lib/armv6-m/libg_s.a(lib_a-fflush.o)
 .ARM.attributes
                0x0000000000000bf7       0x2c /Applications/KDS_v3.app/Contents/toolchain/bin/../lib/gcc/arm-none-eabi/4.8.4/../../../../arm-none-eabi/lib/armv6-m/libg_s.a(lib_a-findfp.o)
 .ARM.attributes
                0x0000000000000c23       0x2c /Applications/KDS_v3.app/Contents/toolchain/bin/../lib/gcc/arm-none-eabi/4.8.4/../../../../arm-none-eabi/lib/armv6-m/libg_s.a(lib_a-locale.o)
 .ARM.attributes
                0x0000000000000c4f       0x2c /Applications/KDS_v3.app/Contents/toolchain/bin/../lib/gcc/arm-none-eabi/4.8.4/../../../../arm-none-eabi/lib/armv6-m/libg_s.a(lib_a-makebuf.o)
 .ARM.attributes
                0x0000000000000c7b       0x2c /Applications/KDS_v3.app/Contents/toolchain/bin/../lib/gcc/arm-none-eabi/4.8.4/../../../../arm-none-eabi/lib/armv6-m/libg_s.a(lib_a-malloc.o)
 .ARM.attributes
                0x0000000000000ca7       0x2c /Applications/KDS_v3.app/Contents/toolchain/bin/../lib/gcc/arm-none-eabi/4.8.4/../../../../arm-none-eabi/lib/armv6-m/libg_s.a(lib_a-memchr-stub.o)
 .ARM.attributes
                0x0000000000000cd3       0x2c /Applications/KDS_v3.app/Contents/toolchain/bin/../lib/gcc/arm-none-eabi/4.8.4/../../../../arm-none-eabi/lib/armv6-m/libg_s.a(lib_a-memcpy-stub.o)
 .ARM.attributes
                0x0000000000000cff       0x2c /Applications/KDS_v3.app/Contents/toolchain/bin/../lib/gcc/arm-none-eabi/4.8.4/../../../../arm-none-eabi/lib/armv6-m/libg_s.a(lib_a-memmove.o)
 .ARM.attributes
                0x0000000000000d2b       0x2c /Applications/KDS_v3.app/Contents/toolchain/bin/../lib/gcc/arm-none-eabi/4.8.4/../../../../arm-none-eabi/lib/armv6-m/libg_s.a(lib_a-mprec.o)
 .ARM.attributes
                0x0000000000000d57       0x2c /Applications/KDS_v3.app/Contents/toolchain/bin/../lib/gcc/arm-none-eabi/4.8.4/../../../../arm-none-eabi/lib/armv6-m/libg_s.a(lib_a-nano-callocr.o)
 .ARM.attributes
                0x0000000000000d83       0x2c /Applications/KDS_v3.app/Contents/toolchain/bin/../lib/gcc/arm-none-eabi/4.8.4/../../../../arm-none-eabi/lib/armv6-m/libg_s.a(lib_a-nano-freer.o)
 .ARM.attributes
                0x0000000000000daf       0x2c /Applications/KDS_v3.app/Contents/toolchain/bin/../lib/gcc/arm-none-eabi/4.8.4/../../../../arm-none-eabi/lib/armv6-m/libg_s.a(lib_a-nano-mallocr.o)
 .ARM.attributes
                0x0000000000000ddb       0x2c /Applications/KDS_v3.app/Contents/toolchain/bin/../lib/gcc/arm-none-eabi/4.8.4/../../../../arm-none-eabi/lib/armv6-m/libg_s.a(lib_a-nano-reallocr.o)
 .ARM.attributes
                0x0000000000000e07       0x2c /Applications/KDS_v3.app/Contents/toolchain/bin/../lib/gcc/arm-none-eabi/4.8.4/../../../../arm-none-eabi/lib/armv6-m/libg_s.a(lib_a-s_fpclassify.o)
 .ARM.attributes
                0x0000000000000e33       0x2c /Applications/KDS_v3.app/Contents/toolchain/bin/../lib/gcc/arm-none-eabi/4.8.4/../../../../arm-none-eabi/lib/armv6-m/libg_s.a(lib_a-sbrkr.o)
 .ARM.attributes
                0x0000000000000e5f       0x2c /Applications/KDS_v3.app/Contents/toolchain/bin/../lib/gcc/arm-none-eabi/4.8.4/../../../../arm-none-eabi/lib/armv6-m/libg_s.a(lib_a-sf_nan.o)
 .ARM.attributes
                0x0000000000000e8b       0x2c /Applications/KDS_v3.app/Contents/toolchain/bin/../lib/gcc/arm-none-eabi/4.8.4/../../../../arm-none-eabi/lib/armv6-m/libg_s.a(lib_a-sprintf.o)
 .ARM.attributes
                0x0000000000000eb7       0x2c /Applications/KDS_v3.app/Contents/toolchain/bin/../lib/gcc/arm-none-eabi/4.8.4/../../../../arm-none-eabi/lib/armv6-m/libg_s.a(lib_a-stdio.o)
 .ARM.attributes
                0x0000000000000ee3       0x2c /Applications/KDS_v3.app/Contents/toolchain/bin/../lib/gcc/arm-none-eabi/4.8.4/../../../../arm-none-eabi/lib/armv6-m/libg_s.a(lib_a-strlen.o)
 .ARM.attributes
                0x0000000000000f0f       0x2c /Applications/KDS_v3.app/Contents/toolchain/bin/../lib/gcc/arm-none-eabi/4.8.4/../../../../arm-none-eabi/lib/armv6-m/libg_s.a(lib_a-strtod.o)
 .ARM.attributes
                0x0000000000000f3b       0x2c /Applications/KDS_v3.app/Contents/toolchain/bin/../lib/gcc/arm-none-eabi/4.8.4/../../../../arm-none-eabi/lib/armv6-m/libg_s.a(lib_a-strtol.o)
 .ARM.attributes
                0x0000000000000f67       0x2c /Applications/KDS_v3.app/Contents/toolchain/bin/../lib/gcc/arm-none-eabi/4.8.4/../../../../arm-none-eabi/lib/armv6-m/libg_s.a(lib_a-svfprintf.o)
 .ARM.attributes
                0x0000000000000f93       0x2c /Applications/KDS_v3.app/Contents/toolchain/bin/../lib/gcc/arm-none-eabi/4.8.4/../../../../arm-none-eabi/lib/armv6-m/libg_s.a(lib_a-writer.o)
 .ARM.attributes
                0x0000000000000fbf       0x2c /Applications/KDS_v3.app/Contents/toolchain/bin/../lib/gcc/arm-none-eabi/4.8.4/../../../../arm-none-eabi/lib/armv6-m/libg_s.a(lib_a-closer.o)
 .ARM.attributes
                0x0000000000000feb       0x2c /Applications/KDS_v3.app/Contents/toolchain/bin/../lib/gcc/arm-none-eabi/4.8.4/../../../../arm-none-eabi/lib/armv6-m/libg_s.a(lib_a-ctype_.o)
 .ARM.attributes
                0x0000000000001017       0x2c /Applications/KDS_v3.app/Contents/toolchain/bin/../lib/gcc/arm-none-eabi/4.8.4/../../../../arm-none-eabi/lib/armv6-m/libg_s.a(lib_a-fstatr.o)
 .ARM.attributes
                0x0000000000001043       0x2c /Applications/KDS_v3.app/Contents/toolchain/bin/../lib/gcc/arm-none-eabi/4.8.4/../../../../arm-none-eabi/lib/armv6-m/libg_s.a(lib_a-gdtoa-gethex.o)
 .ARM.attributes
                0x000000000000106f       0x2c /Applications/KDS_v3.app/Contents/toolchain/bin/../lib/gcc/arm-none-eabi/4.8.4/../../../../arm-none-eabi/lib/armv6-m/libg_s.a(lib_a-gdtoa-hexnan.o)
 .ARM.attributes
                0x000000000000109b       0x2c /Applications/KDS_v3.app/Contents/toolchain/bin/../lib/gcc/arm-none-eabi/4.8.4/../../../../arm-none-eabi/lib/armv6-m/libg_s.a(lib_a-isattyr.o)
 .ARM.attributes
                0x00000000000010c7       0x2c /Applications/KDS_v3.app/Contents/toolchain/bin/../lib/gcc/arm-none-eabi/4.8.4/../../../../arm-none-eabi/lib/armv6-m/libg_s.a(lib_a-lseekr.o)
 .ARM.attributes
                0x00000000000010f3       0x2c /Applications/KDS_v3.app/Contents/toolchain/bin/../lib/gcc/arm-none-eabi/4.8.4/../../../../arm-none-eabi/lib/armv6-m/libg_s.a(lib_a-nano-msizer.o)
 .ARM.attributes
                0x000000000000111f       0x2c /Applications/KDS_v3.app/Contents/toolchain/bin/../lib/gcc/arm-none-eabi/4.8.4/../../../../arm-none-eabi/lib/armv6-m/libg_s.a(lib_a-readr.o)
 .ARM.attributes
                0x000000000000114b       0x2c /Applications/KDS_v3.app/Contents/toolchain/bin/../lib/gcc/arm-none-eabi/4.8.4/../../../../arm-none-eabi/lib/armv6-m/libg_s.a(lib_a-reent.o)
 .ARM.attributes
                0x0000000000001177       0x2c /Applications/KDS_v3.app/Contents/toolchain/bin/../lib/gcc/arm-none-eabi/4.8.4/../../../../arm-none-eabi/lib/armv6-m/libg_s.a(lib_a-strncmp.o)
 .ARM.attributes
                0x00000000000011a3       0x1e /Applications/KDS_v3.app/Contents/toolchain/bin/../lib/gcc/arm-none-eabi/4.8.4/armv6-m/libgcc.a(_thumb1_case_uqi.o)
 .ARM.attributes
                0x00000000000011c1       0x2c /Applications/KDS_v3.app/Contents/toolchain/bin/../lib/gcc/arm-none-eabi/4.8.4/armv6-m/libgcc.a(_fixunsdfsi.o)
 .ARM.attributes
                0x00000000000011ed       0x2c /Applications/KDS_v3.app/Contents/toolchain/bin/../lib/gcc/arm-none-eabi/4.8.4/armv6-m/libgcc.a(subdf3.o)
 .ARM.attributes
                0x0000000000001219       0x2c /Applications/KDS_v3.app/Contents/toolchain/bin/../lib/gcc/arm-none-eabi/4.8.4/armv6-m/libgcc.a(fixdfsi.o)
 .ARM.attributes
                0x0000000000001245       0x2c /Applications/KDS_v3.app/Contents/toolchain/bin/../lib/gcc/arm-none-eabi/4.8.4/armv6-m/libgcc.a(floatunsidf.o)
 .ARM.attributes
                0x0000000000001271       0x2c /Applications/KDS_v3.app/Contents/toolchain/bin/../lib/gcc/arm-none-eabi/4.8.4/../../../../arm-none-eabi/lib/armv6-m/libnosys.a(close.o)
 .ARM.attributes
                0x000000000000129d       0x2c /Applications/KDS_v3.app/Contents/toolchain/bin/../lib/gcc/arm-none-eabi/4.8.4/../../../../arm-none-eabi/lib/armv6-m/libnosys.a(fstat.o)
 .ARM.attributes
                0x00000000000012c9       0x2c /Applications/KDS_v3.app/Contents/toolchain/bin/../lib/gcc/arm-none-eabi/4.8.4/../../../../arm-none-eabi/lib/armv6-m/libnosys.a(isatty.o)
 .ARM.attributes